<?xml version="1.0" encoding="UTF-8"?>
<testsuites>
  <testsuite name="Tests\Feature\Organization\OrganizationStoreTest" file="E:\Chamba\Auspac\Nexo\nexo\tests\Feature\Organization\OrganizationStoreTest.php" tests="19" assertions="19" errors="0" failures="18" skipped="0" time="0.530934">
    <testcase name="test_creates_organization_successfully" file="E:\Chamba\Auspac\Nexo\nexo\tests\Feature\Organization\OrganizationStoreTest.php" line="26" class="Tests\Feature\Organization\OrganizationStoreTest" classname="Tests.Feature.Organization.OrganizationStoreTest" assertions="1" time="0.239115">
      <failure type="PHPUnit\Framework\ExpectationFailedException">Tests\Feature\Organization\OrganizationStoreTest::test_creates_organization_successfully&#13;
Expected response status code [201] but received 500.
Failed asserting that 500 is identical to 201.&#13;
&#13;
The following exception occurred during the last request:

ReflectionException: Class "App\Modules\Organization\Service\OrganizationService" does not exist in E:\Chamba\Auspac\Nexo\nexo\vendor\laravel\framework\src\Illuminate\Container\Container.php:1125
Stack trace:
#0 E:\Chamba\Auspac\Nexo\nexo\vendor\laravel\framework\src\Illuminate\Container\Container.php(1125): ReflectionClass-&gt;__construct()
#1 E:\Chamba\Auspac\Nexo\nexo\vendor\laravel\framework\src\Illuminate\Container\Container.php(936): Illuminate\Container\Container-&gt;build()
#2 E:\Chamba\Auspac\Nexo\nexo\vendor\laravel\framework\src\Illuminate\Foundation\Application.php(1078): Illuminate\Container\Container-&gt;resolve()
#3 E:\Chamba\Auspac\Nexo\nexo\vendor\laravel\framework\src\Illuminate\Container\Container.php(864): Illuminate\Foundation\Application-&gt;resolve()
#4 E:\Chamba\Auspac\Nexo\nexo\vendor\laravel\framework\src\Illuminate\Foundation\Application.php(1058): Illuminate\Container\Container-&gt;make()
#5 E:\Chamba\Auspac\Nexo\nexo\vendor\laravel\framework\src\Illuminate\Container\Container.php(1339): Illuminate\Foundation\Application-&gt;make()
#6 E:\Chamba\Auspac\Nexo\nexo\vendor\laravel\framework\src\Illuminate\Container\Container.php(1240): Illuminate\Container\Container-&gt;resolveClass()
#7 E:\Chamba\Auspac\Nexo\nexo\vendor\laravel\framework\src\Illuminate\Container\Container.php(1165): Illuminate\Container\Container-&gt;resolveDependencies()
#8 E:\Chamba\Auspac\Nexo\nexo\vendor\laravel\framework\src\Illuminate\Container\Container.php(936): Illuminate\Container\Container-&gt;build()
#9 E:\Chamba\Auspac\Nexo\nexo\vendor\laravel\framework\src\Illuminate\Foundation\Application.php(1078): Illuminate\Container\Container-&gt;resolve()
#10 E:\Chamba\Auspac\Nexo\nexo\vendor\laravel\framework\src\Illuminate\Container\Container.php(864): Illuminate\Foundation\Application-&gt;resolve()
#11 E:\Chamba\Auspac\Nexo\nexo\vendor\laravel\framework\src\Illuminate\Foundation\Application.php(1058): Illuminate\Container\Container-&gt;make()
#12 E:\Chamba\Auspac\Nexo\nexo\vendor\laravel\framework\src\Illuminate\Routing\Route.php(290): Illuminate\Foundation\Application-&gt;make()
#13 E:\Chamba\Auspac\Nexo\nexo\vendor\laravel\framework\src\Illuminate\Routing\Route.php(270): Illuminate\Routing\Route-&gt;getController()
#14 E:\Chamba\Auspac\Nexo\nexo\vendor\laravel\framework\src\Illuminate\Routing\Route.php(215): Illuminate\Routing\Route-&gt;runController()
#15 E:\Chamba\Auspac\Nexo\nexo\vendor\laravel\framework\src\Illuminate\Routing\Router.php(822): Illuminate\Routing\Route-&gt;run()
#16 E:\Chamba\Auspac\Nexo\nexo\vendor\laravel\framework\src\Illuminate\Pipeline\Pipeline.php(180): Illuminate\Routing\Router-&gt;{closure:Illuminate\Routing\Router::runRouteWithinStack():821}()
#17 E:\Chamba\Auspac\Nexo\nexo\vendor\laravel\framework\src\Illuminate\Routing\Middleware\SubstituteBindings.php(52): Illuminate\Pipeline\Pipeline-&gt;{closure:Illuminate\Pipeline\Pipeline::prepareDestination():178}()
#18 E:\Chamba\Auspac\Nexo\nexo\vendor\laravel\framework\src\Illuminate\Pipeline\Pipeline.php(219): Illuminate\Routing\Middleware\SubstituteBindings-&gt;handle()
#19 E:\Chamba\Auspac\Nexo\nexo\vendor\laravel\framework\src\Illuminate\Pipeline\Pipeline.php(137): Illuminate\Pipeline\Pipeline-&gt;{closure:{closure:Illuminate\Pipeline\Pipeline::carry():194}:195}()
#20 E:\Chamba\Auspac\Nexo\nexo\vendor\laravel\framework\src\Illuminate\Routing\Router.php(821): Illuminate\Pipeline\Pipeline-&gt;then()
#21 E:\Chamba\Auspac\Nexo\nexo\vendor\laravel\framework\src\Illuminate\Routing\Router.php(800): Illuminate\Routing\Router-&gt;runRouteWithinStack()
#22 E:\Chamba\Auspac\Nexo\nexo\vendor\laravel\framework\src\Illuminate\Routing\Router.php(764): Illuminate\Routing\Router-&gt;runRoute()
#23 E:\Chamba\Auspac\Nexo\nexo\vendor\laravel\framework\src\Illuminate\Routing\Router.php(753): Illuminate\Routing\Router-&gt;dispatchToRoute()
#24 E:\Chamba\Auspac\Nexo\nexo\vendor\laravel\framework\src\Illuminate\Foundation\Http\Kernel.php(200): Illuminate\Routing\Router-&gt;dispatch()
#25 E:\Chamba\Auspac\Nexo\nexo\vendor\laravel\framework\src\Illuminate\Pipeline\Pipeline.php(180): Illuminate\Foundation\Http\Kernel-&gt;{closure:Illuminate\Foundation\Http\Kernel::dispatchToRouter():197}()
#26 E:\Chamba\Auspac\Nexo\nexo\vendor\laravel\framework\src\Illuminate\Foundation\Http\Middleware\TransformsRequest.php(21): Illuminate\Pipeline\Pipeline-&gt;{closure:Illuminate\Pipeline\Pipeline::prepareDestination():178}()
#27 E:\Chamba\Auspac\Nexo\nexo\vendor\laravel\framework\src\Illuminate\Foundation\Http\Middleware\ConvertEmptyStringsToNull.php(31): Illuminate\Foundation\Http\Middleware\TransformsRequest-&gt;handle()
#28 E:\Chamba\Auspac\Nexo\nexo\vendor\laravel\framework\src\Illuminate\Pipeline\Pipeline.php(219): Illuminate\Foundation\Http\Middleware\ConvertEmptyStringsToNull-&gt;handle()
#29 E:\Chamba\Auspac\Nexo\nexo\vendor\laravel\framework\src\Illuminate\Foundation\Http\Middleware\TransformsRequest.php(21): Illuminate\Pipeline\Pipeline-&gt;{closure:{closure:Illuminate\Pipeline\Pipeline::carry():194}:195}()
#30 E:\Chamba\Auspac\Nexo\nexo\vendor\laravel\framework\src\Illuminate\Foundation\Http\Middleware\TrimStrings.php(51): Illuminate\Foundation\Http\Middleware\TransformsRequest-&gt;handle()
#31 E:\Chamba\Auspac\Nexo\nexo\vendor\laravel\framework\src\Illuminate\Pipeline\Pipeline.php(219): Illuminate\Foundation\Http\Middleware\TrimStrings-&gt;handle()
#32 E:\Chamba\Auspac\Nexo\nexo\vendor\laravel\framework\src\Illuminate\Http\Middleware\ValidatePostSize.php(27): Illuminate\Pipeline\Pipeline-&gt;{closure:{closure:Illuminate\Pipeline\Pipeline::carry():194}:195}()
#33 E:\Chamba\Auspac\Nexo\nexo\vendor\laravel\framework\src\Illuminate\Pipeline\Pipeline.php(219): Illuminate\Http\Middleware\ValidatePostSize-&gt;handle()
#34 E:\Chamba\Auspac\Nexo\nexo\vendor\laravel\framework\src\Illuminate\Foundation\Http\Middleware\PreventRequestsDuringMaintenance.php(109): Illuminate\Pipeline\Pipeline-&gt;{closure:{closure:Illuminate\Pipeline\Pipeline::carry():194}:195}()
#35 E:\Chamba\Auspac\Nexo\nexo\vendor\laravel\framework\src\Illuminate\Pipeline\Pipeline.php(219): Illuminate\Foundation\Http\Middleware\PreventRequestsDuringMaintenance-&gt;handle()
#36 E:\Chamba\Auspac\Nexo\nexo\vendor\laravel\framework\src\Illuminate\Http\Middleware\HandleCors.php(74): Illuminate\Pipeline\Pipeline-&gt;{closure:{closure:Illuminate\Pipeline\Pipeline::carry():194}:195}()
#37 E:\Chamba\Auspac\Nexo\nexo\vendor\laravel\framework\src\Illuminate\Pipeline\Pipeline.php(219): Illuminate\Http\Middleware\HandleCors-&gt;handle()
#38 E:\Chamba\Auspac\Nexo\nexo\vendor\laravel\framework\src\Illuminate\Http\Middleware\TrustProxies.php(58): Illuminate\Pipeline\Pipeline-&gt;{closure:{closure:Illuminate\Pipeline\Pipeline::carry():194}:195}()
#39 E:\Chamba\Auspac\Nexo\nexo\vendor\laravel\framework\src\Illuminate\Pipeline\Pipeline.php(219): Illuminate\Http\Middleware\TrustProxies-&gt;handle()
#40 E:\Chamba\Auspac\Nexo\nexo\vendor\laravel\framework\src\Illuminate\Foundation\Http\Middleware\InvokeDeferredCallbacks.php(22): Illuminate\Pipeline\Pipeline-&gt;{closure:{closure:Illuminate\Pipeline\Pipeline::carry():194}:195}()
#41 E:\Chamba\Auspac\Nexo\nexo\vendor\laravel\framework\src\Illuminate\Pipeline\Pipeline.php(219): Illuminate\Foundation\Http\Middleware\InvokeDeferredCallbacks-&gt;handle()
#42 E:\Chamba\Auspac\Nexo\nexo\vendor\laravel\framework\src\Illuminate\Http\Middleware\ValidatePathEncoding.php(28): Illuminate\Pipeline\Pipeline-&gt;{closure:{closure:Illuminate\Pipeline\Pipeline::carry():194}:195}()
#43 E:\Chamba\Auspac\Nexo\nexo\vendor\laravel\framework\src\Illuminate\Pipeline\Pipeline.php(219): Illuminate\Http\Middleware\ValidatePathEncoding-&gt;handle()
#44 E:\Chamba\Auspac\Nexo\nexo\vendor\laravel\framework\src\Illuminate\Pipeline\Pipeline.php(137): Illuminate\Pipeline\Pipeline-&gt;{closure:{closure:Illuminate\Pipeline\Pipeline::carry():194}:195}()
#45 E:\Chamba\Auspac\Nexo\nexo\vendor\laravel\framework\src\Illuminate\Foundation\Http\Kernel.php(175): Illuminate\Pipeline\Pipeline-&gt;then()
#46 E:\Chamba\Auspac\Nexo\nexo\vendor\laravel\framework\src\Illuminate\Foundation\Http\Kernel.php(144): Illuminate\Foundation\Http\Kernel-&gt;sendRequestThroughRouter()
#47 E:\Chamba\Auspac\Nexo\nexo\vendor\laravel\framework\src\Illuminate\Foundation\Testing\Concerns\MakesHttpRequests.php(607): Illuminate\Foundation\Http\Kernel-&gt;handle()
#48 E:\Chamba\Auspac\Nexo\nexo\vendor\laravel\framework\src\Illuminate\Foundation\Testing\Concerns\MakesHttpRequests.php(573): Illuminate\Foundation\Testing\TestCase-&gt;call()
#49 E:\Chamba\Auspac\Nexo\nexo\vendor\laravel\framework\src\Illuminate\Foundation\Testing\Concerns\MakesHttpRequests.php(411): Illuminate\Foundation\Testing\TestCase-&gt;json()
#50 E:\Chamba\Auspac\Nexo\nexo\tests\Feature\Organization\OrganizationStoreTest.php(28): Illuminate\Foundation\Testing\TestCase-&gt;postJson()
#51 E:\Chamba\Auspac\Nexo\nexo\vendor\phpunit\phpunit\src\Framework\TestCase.php(1314): Tests\Feature\Organization\OrganizationStoreTest-&gt;test_creates_organization_successfully()
#52 E:\Chamba\Auspac\Nexo\nexo\vendor\phpunit\phpunit\src\Framework\TestCase.php(1351): PHPUnit\Framework\TestCase-&gt;invokeTestMethod()
#53 E:\Chamba\Auspac\Nexo\nexo\vendor\phpunit\phpunit\src\Framework\TestCase.php(521): PHPUnit\Framework\TestCase-&gt;runTest()
#54 E:\Chamba\Auspac\Nexo\nexo\vendor\phpunit\phpunit\src\Framework\TestRunner\TestRunner.php(99): PHPUnit\Framework\TestCase-&gt;runBare()
#55 E:\Chamba\Auspac\Nexo\nexo\vendor\phpunit\phpunit\src\Framework\TestCase.php(361): PHPUnit\Framework\TestRunner-&gt;run()
#56 E:\Chamba\Auspac\Nexo\nexo\vendor\phpunit\phpunit\src\Framework\TestSuite.php(374): PHPUnit\Framework\TestCase-&gt;run()
#57 E:\Chamba\Auspac\Nexo\nexo\vendor\phpunit\phpunit\src\TextUI\TestRunner.php(64): PHPUnit\Framework\TestSuite-&gt;run()
#58 E:\Chamba\Auspac\Nexo\nexo\vendor\phpunit\phpunit\src\TextUI\Application.php(229): PHPUnit\TextUI\TestRunner-&gt;run()
#59 E:\Chamba\Auspac\Nexo\nexo\vendor\phpunit\phpunit\phpunit(104): PHPUnit\TextUI\Application-&gt;run()
#60 {main}

Next Illuminate\Contracts\Container\BindingResolutionException: Target class [App\Modules\Organization\Service\OrganizationService] does not exist. in E:\Chamba\Auspac\Nexo\nexo\vendor\laravel\framework\src\Illuminate\Container\Container.php:1127
Stack trace:
#0 E:\Chamba\Auspac\Nexo\nexo\vendor\laravel\framework\src\Illuminate\Container\Container.php(936): Illuminate\Container\Container-&gt;build()
#1 E:\Chamba\Auspac\Nexo\nexo\vendor\laravel\framework\src\Illuminate\Foundation\Application.php(1078): Illuminate\Container\Container-&gt;resolve()
#2 E:\Chamba\Auspac\Nexo\nexo\vendor\laravel\framework\src\Illuminate\Container\Container.php(864): Illuminate\Foundation\Application-&gt;resolve()
#3 E:\Chamba\Auspac\Nexo\nexo\vendor\laravel\framework\src\Illuminate\Foundation\Application.php(1058): Illuminate\Container\Container-&gt;make()
#4 E:\Chamba\Auspac\Nexo\nexo\vendor\laravel\framework\src\Illuminate\Container\Container.php(1339): Illuminate\Foundation\Application-&gt;make()
#5 E:\Chamba\Auspac\Nexo\nexo\vendor\laravel\framework\src\Illuminate\Container\Container.php(1240): Illuminate\Container\Container-&gt;resolveClass()
#6 E:\Chamba\Auspac\Nexo\nexo\vendor\laravel\framework\src\Illuminate\Container\Container.php(1165): Illuminate\Container\Container-&gt;resolveDependencies()
#7 E:\Chamba\Auspac\Nexo\nexo\vendor\laravel\framework\src\Illuminate\Container\Container.php(936): Illuminate\Container\Container-&gt;build()
#8 E:\Chamba\Auspac\Nexo\nexo\vendor\laravel\framework\src\Illuminate\Foundation\Application.php(1078): Illuminate\Container\Container-&gt;resolve()
#9 E:\Chamba\Auspac\Nexo\nexo\vendor\laravel\framework\src\Illuminate\Container\Container.php(864): Illuminate\Foundation\Application-&gt;resolve()
#10 E:\Chamba\Auspac\Nexo\nexo\vendor\laravel\framework\src\Illuminate\Foundation\Application.php(1058): Illuminate\Container\Container-&gt;make()
#11 E:\Chamba\Auspac\Nexo\nexo\vendor\laravel\framework\src\Illuminate\Routing\Route.php(290): Illuminate\Foundation\Application-&gt;make()
#12 E:\Chamba\Auspac\Nexo\nexo\vendor\laravel\framework\src\Illuminate\Routing\Route.php(270): Illuminate\Routing\Route-&gt;getController()
#13 E:\Chamba\Auspac\Nexo\nexo\vendor\laravel\framework\src\Illuminate\Routing\Route.php(215): Illuminate\Routing\Route-&gt;runController()
#14 E:\Chamba\Auspac\Nexo\nexo\vendor\laravel\framework\src\Illuminate\Routing\Router.php(822): Illuminate\Routing\Route-&gt;run()
#15 E:\Chamba\Auspac\Nexo\nexo\vendor\laravel\framework\src\Illuminate\Pipeline\Pipeline.php(180): Illuminate\Routing\Router-&gt;{closure:Illuminate\Routing\Router::runRouteWithinStack():821}()
#16 E:\Chamba\Auspac\Nexo\nexo\vendor\laravel\framework\src\Illuminate\Routing\Middleware\SubstituteBindings.php(52): Illuminate\Pipeline\Pipeline-&gt;{closure:Illuminate\Pipeline\Pipeline::prepareDestination():178}()
#17 E:\Chamba\Auspac\Nexo\nexo\vendor\laravel\framework\src\Illuminate\Pipeline\Pipeline.php(219): Illuminate\Routing\Middleware\SubstituteBindings-&gt;handle()
#18 E:\Chamba\Auspac\Nexo\nexo\vendor\laravel\framework\src\Illuminate\Pipeline\Pipeline.php(137): Illuminate\Pipeline\Pipeline-&gt;{closure:{closure:Illuminate\Pipeline\Pipeline::carry():194}:195}()
#19 E:\Chamba\Auspac\Nexo\nexo\vendor\laravel\framework\src\Illuminate\Routing\Router.php(821): Illuminate\Pipeline\Pipeline-&gt;then()
#20 E:\Chamba\Auspac\Nexo\nexo\vendor\laravel\framework\src\Illuminate\Routing\Router.php(800): Illuminate\Routing\Router-&gt;runRouteWithinStack()
#21 E:\Chamba\Auspac\Nexo\nexo\vendor\laravel\framework\src\Illuminate\Routing\Router.php(764): Illuminate\Routing\Router-&gt;runRoute()
#22 E:\Chamba\Auspac\Nexo\nexo\vendor\laravel\framework\src\Illuminate\Routing\Router.php(753): Illuminate\Routing\Router-&gt;dispatchToRoute()
#23 E:\Chamba\Auspac\Nexo\nexo\vendor\laravel\framework\src\Illuminate\Foundation\Http\Kernel.php(200): Illuminate\Routing\Router-&gt;dispatch()
#24 E:\Chamba\Auspac\Nexo\nexo\vendor\laravel\framework\src\Illuminate\Pipeline\Pipeline.php(180): Illuminate\Foundation\Http\Kernel-&gt;{closure:Illuminate\Foundation\Http\Kernel::dispatchToRouter():197}()
#25 E:\Chamba\Auspac\Nexo\nexo\vendor\laravel\framework\src\Illuminate\Foundation\Http\Middleware\TransformsRequest.php(21): Illuminate\Pipeline\Pipeline-&gt;{closure:Illuminate\Pipeline\Pipeline::prepareDestination():178}()
#26 E:\Chamba\Auspac\Nexo\nexo\vendor\laravel\framework\src\Illuminate\Foundation\Http\Middleware\ConvertEmptyStringsToNull.php(31): Illuminate\Foundation\Http\Middleware\TransformsRequest-&gt;handle()
#27 E:\Chamba\Auspac\Nexo\nexo\vendor\laravel\framework\src\Illuminate\Pipeline\Pipeline.php(219): Illuminate\Foundation\Http\Middleware\ConvertEmptyStringsToNull-&gt;handle()
#28 E:\Chamba\Auspac\Nexo\nexo\vendor\laravel\framework\src\Illuminate\Foundation\Http\Middleware\TransformsRequest.php(21): Illuminate\Pipeline\Pipeline-&gt;{closure:{closure:Illuminate\Pipeline\Pipeline::carry():194}:195}()
#29 E:\Chamba\Auspac\Nexo\nexo\vendor\laravel\framework\src\Illuminate\Foundation\Http\Middleware\TrimStrings.php(51): Illuminate\Foundation\Http\Middleware\TransformsRequest-&gt;handle()
#30 E:\Chamba\Auspac\Nexo\nexo\vendor\laravel\framework\src\Illuminate\Pipeline\Pipeline.php(219): Illuminate\Foundation\Http\Middleware\TrimStrings-&gt;handle()
#31 E:\Chamba\Auspac\Nexo\nexo\vendor\laravel\framework\src\Illuminate\Http\Middleware\ValidatePostSize.php(27): Illuminate\Pipeline\Pipeline-&gt;{closure:{closure:Illuminate\Pipeline\Pipeline::carry():194}:195}()
#32 E:\Chamba\Auspac\Nexo\nexo\vendor\laravel\framework\src\Illuminate\Pipeline\Pipeline.php(219): Illuminate\Http\Middleware\ValidatePostSize-&gt;handle()
#33 E:\Chamba\Auspac\Nexo\nexo\vendor\laravel\framework\src\Illuminate\Foundation\Http\Middleware\PreventRequestsDuringMaintenance.php(109): Illuminate\Pipeline\Pipeline-&gt;{closure:{closure:Illuminate\Pipeline\Pipeline::carry():194}:195}()
#34 E:\Chamba\Auspac\Nexo\nexo\vendor\laravel\framework\src\Illuminate\Pipeline\Pipeline.php(219): Illuminate\Foundation\Http\Middleware\PreventRequestsDuringMaintenance-&gt;handle()
#35 E:\Chamba\Auspac\Nexo\nexo\vendor\laravel\framework\src\Illuminate\Http\Middleware\HandleCors.php(74): Illuminate\Pipeline\Pipeline-&gt;{closure:{closure:Illuminate\Pipeline\Pipeline::carry():194}:195}()
#36 E:\Chamba\Auspac\Nexo\nexo\vendor\laravel\framework\src\Illuminate\Pipeline\Pipeline.php(219): Illuminate\Http\Middleware\HandleCors-&gt;handle()
#37 E:\Chamba\Auspac\Nexo\nexo\vendor\laravel\framework\src\Illuminate\Http\Middleware\TrustProxies.php(58): Illuminate\Pipeline\Pipeline-&gt;{closure:{closure:Illuminate\Pipeline\Pipeline::carry():194}:195}()
#38 E:\Chamba\Auspac\Nexo\nexo\vendor\laravel\framework\src\Illuminate\Pipeline\Pipeline.php(219): Illuminate\Http\Middleware\TrustProxies-&gt;handle()
#39 E:\Chamba\Auspac\Nexo\nexo\vendor\laravel\framework\src\Illuminate\Foundation\Http\Middleware\InvokeDeferredCallbacks.php(22): Illuminate\Pipeline\Pipeline-&gt;{closure:{closure:Illuminate\Pipeline\Pipeline::carry():194}:195}()
#40 E:\Chamba\Auspac\Nexo\nexo\vendor\laravel\framework\src\Illuminate\Pipeline\Pipeline.php(219): Illuminate\Foundation\Http\Middleware\InvokeDeferredCallbacks-&gt;handle()
#41 E:\Chamba\Auspac\Nexo\nexo\vendor\laravel\framework\src\Illuminate\Http\Middleware\ValidatePathEncoding.php(28): Illuminate\Pipeline\Pipeline-&gt;{closure:{closure:Illuminate\Pipeline\Pipeline::carry():194}:195}()
#42 E:\Chamba\Auspac\Nexo\nexo\vendor\laravel\framework\src\Illuminate\Pipeline\Pipeline.php(219): Illuminate\Http\Middleware\ValidatePathEncoding-&gt;handle()
#43 E:\Chamba\Auspac\Nexo\nexo\vendor\laravel\framework\src\Illuminate\Pipeline\Pipeline.php(137): Illuminate\Pipeline\Pipeline-&gt;{closure:{closure:Illuminate\Pipeline\Pipeline::carry():194}:195}()
#44 E:\Chamba\Auspac\Nexo\nexo\vendor\laravel\framework\src\Illuminate\Foundation\Http\Kernel.php(175): Illuminate\Pipeline\Pipeline-&gt;then()
#45 E:\Chamba\Auspac\Nexo\nexo\vendor\laravel\framework\src\Illuminate\Foundation\Http\Kernel.php(144): Illuminate\Foundation\Http\Kernel-&gt;sendRequestThroughRouter()
#46 E:\Chamba\Auspac\Nexo\nexo\vendor\laravel\framework\src\Illuminate\Foundation\Testing\Concerns\MakesHttpRequests.php(607): Illuminate\Foundation\Http\Kernel-&gt;handle()
#47 E:\Chamba\Auspac\Nexo\nexo\vendor\laravel\framework\src\Illuminate\Foundation\Testing\Concerns\MakesHttpRequests.php(573): Illuminate\Foundation\Testing\TestCase-&gt;call()
#48 E:\Chamba\Auspac\Nexo\nexo\vendor\laravel\framework\src\Illuminate\Foundation\Testing\Concerns\MakesHttpRequests.php(411): Illuminate\Foundation\Testing\TestCase-&gt;json()
#49 E:\Chamba\Auspac\Nexo\nexo\tests\Feature\Organization\OrganizationStoreTest.php(28): Illuminate\Foundation\Testing\TestCase-&gt;postJson()
#50 E:\Chamba\Auspac\Nexo\nexo\vendor\phpunit\phpunit\src\Framework\TestCase.php(1314): Tests\Feature\Organization\OrganizationStoreTest-&gt;test_creates_organization_successfully()
#51 E:\Chamba\Auspac\Nexo\nexo\vendor\phpunit\phpunit\src\Framework\TestCase.php(1351): PHPUnit\Framework\TestCase-&gt;invokeTestMethod()
#52 E:\Chamba\Auspac\Nexo\nexo\vendor\phpunit\phpunit\src\Framework\TestCase.php(521): PHPUnit\Framework\TestCase-&gt;runTest()
#53 E:\Chamba\Auspac\Nexo\nexo\vendor\phpunit\phpunit\src\Framework\TestRunner\TestRunner.php(99): PHPUnit\Framework\TestCase-&gt;runBare()
#54 E:\Chamba\Auspac\Nexo\nexo\vendor\phpunit\phpunit\src\Framework\TestCase.php(361): PHPUnit\Framework\TestRunner-&gt;run()
#55 E:\Chamba\Auspac\Nexo\nexo\vendor\phpunit\phpunit\src\Framework\TestSuite.php(374): PHPUnit\Framework\TestCase-&gt;run()
#56 E:\Chamba\Auspac\Nexo\nexo\vendor\phpunit\phpunit\src\TextUI\TestRunner.php(64): PHPUnit\Framework\TestSuite-&gt;run()
#57 E:\Chamba\Auspac\Nexo\nexo\vendor\phpunit\phpunit\src\TextUI\Application.php(229): PHPUnit\TextUI\TestRunner-&gt;run()
#58 E:\Chamba\Auspac\Nexo\nexo\vendor\phpunit\phpunit\phpunit(104): PHPUnit\TextUI\Application-&gt;run()
#59 {main}

----------------------------------------------------------------------------------

Target class [App\Modules\Organization\Service\OrganizationService] does not exist.
&#13;
E:\Chamba\Auspac\Nexo\nexo\vendor\laravel\framework\src\Illuminate\Testing\TestResponseAssert.php:45
E:\Chamba\Auspac\Nexo\nexo\vendor\laravel\framework\src\Illuminate\Testing\TestResponse.php:176
E:\Chamba\Auspac\Nexo\nexo\tests\Feature\Organization\OrganizationStoreTest.php:30</failure>
    </testcase>
    <testcase name="test_response_has_status_201_on_creation" file="E:\Chamba\Auspac\Nexo\nexo\tests\Feature\Organization\OrganizationStoreTest.php" line="44" class="Tests\Feature\Organization\OrganizationStoreTest" classname="Tests.Feature.Organization.OrganizationStoreTest" assertions="1" time="0.016290">
      <failure type="PHPUnit\Framework\ExpectationFailedException">Tests\Feature\Organization\OrganizationStoreTest::test_response_has_status_201_on_creation&#13;
Expected response status code [201] but received 500.
Failed asserting that 500 is identical to 201.&#13;
&#13;
The following exception occurred during the last request:

ReflectionException: Class "App\Modules\Organization\Service\OrganizationService" does not exist in E:\Chamba\Auspac\Nexo\nexo\vendor\laravel\framework\src\Illuminate\Container\Container.php:1125
Stack trace:
#0 E:\Chamba\Auspac\Nexo\nexo\vendor\laravel\framework\src\Illuminate\Container\Container.php(1125): ReflectionClass-&gt;__construct()
#1 E:\Chamba\Auspac\Nexo\nexo\vendor\laravel\framework\src\Illuminate\Container\Container.php(936): Illuminate\Container\Container-&gt;build()
#2 E:\Chamba\Auspac\Nexo\nexo\vendor\laravel\framework\src\Illuminate\Foundation\Application.php(1078): Illuminate\Container\Container-&gt;resolve()
#3 E:\Chamba\Auspac\Nexo\nexo\vendor\laravel\framework\src\Illuminate\Container\Container.php(864): Illuminate\Foundation\Application-&gt;resolve()
#4 E:\Chamba\Auspac\Nexo\nexo\vendor\laravel\framework\src\Illuminate\Foundation\Application.php(1058): Illuminate\Container\Container-&gt;make()
#5 E:\Chamba\Auspac\Nexo\nexo\vendor\laravel\framework\src\Illuminate\Container\Container.php(1339): Illuminate\Foundation\Application-&gt;make()
#6 E:\Chamba\Auspac\Nexo\nexo\vendor\laravel\framework\src\Illuminate\Container\Container.php(1240): Illuminate\Container\Container-&gt;resolveClass()
#7 E:\Chamba\Auspac\Nexo\nexo\vendor\laravel\framework\src\Illuminate\Container\Container.php(1165): Illuminate\Container\Container-&gt;resolveDependencies()
#8 E:\Chamba\Auspac\Nexo\nexo\vendor\laravel\framework\src\Illuminate\Container\Container.php(936): Illuminate\Container\Container-&gt;build()
#9 E:\Chamba\Auspac\Nexo\nexo\vendor\laravel\framework\src\Illuminate\Foundation\Application.php(1078): Illuminate\Container\Container-&gt;resolve()
#10 E:\Chamba\Auspac\Nexo\nexo\vendor\laravel\framework\src\Illuminate\Container\Container.php(864): Illuminate\Foundation\Application-&gt;resolve()
#11 E:\Chamba\Auspac\Nexo\nexo\vendor\laravel\framework\src\Illuminate\Foundation\Application.php(1058): Illuminate\Container\Container-&gt;make()
#12 E:\Chamba\Auspac\Nexo\nexo\vendor\laravel\framework\src\Illuminate\Routing\Route.php(290): Illuminate\Foundation\Application-&gt;make()
#13 E:\Chamba\Auspac\Nexo\nexo\vendor\laravel\framework\src\Illuminate\Routing\Route.php(270): Illuminate\Routing\Route-&gt;getController()
#14 E:\Chamba\Auspac\Nexo\nexo\vendor\laravel\framework\src\Illuminate\Routing\Route.php(215): Illuminate\Routing\Route-&gt;runController()
#15 E:\Chamba\Auspac\Nexo\nexo\vendor\laravel\framework\src\Illuminate\Routing\Router.php(822): Illuminate\Routing\Route-&gt;run()
#16 E:\Chamba\Auspac\Nexo\nexo\vendor\laravel\framework\src\Illuminate\Pipeline\Pipeline.php(180): Illuminate\Routing\Router-&gt;{closure:Illuminate\Routing\Router::runRouteWithinStack():821}()
#17 E:\Chamba\Auspac\Nexo\nexo\vendor\laravel\framework\src\Illuminate\Routing\Middleware\SubstituteBindings.php(52): Illuminate\Pipeline\Pipeline-&gt;{closure:Illuminate\Pipeline\Pipeline::prepareDestination():178}()
#18 E:\Chamba\Auspac\Nexo\nexo\vendor\laravel\framework\src\Illuminate\Pipeline\Pipeline.php(219): Illuminate\Routing\Middleware\SubstituteBindings-&gt;handle()
#19 E:\Chamba\Auspac\Nexo\nexo\vendor\laravel\framework\src\Illuminate\Pipeline\Pipeline.php(137): Illuminate\Pipeline\Pipeline-&gt;{closure:{closure:Illuminate\Pipeline\Pipeline::carry():194}:195}()
#20 E:\Chamba\Auspac\Nexo\nexo\vendor\laravel\framework\src\Illuminate\Routing\Router.php(821): Illuminate\Pipeline\Pipeline-&gt;then()
#21 E:\Chamba\Auspac\Nexo\nexo\vendor\laravel\framework\src\Illuminate\Routing\Router.php(800): Illuminate\Routing\Router-&gt;runRouteWithinStack()
#22 E:\Chamba\Auspac\Nexo\nexo\vendor\laravel\framework\src\Illuminate\Routing\Router.php(764): Illuminate\Routing\Router-&gt;runRoute()
#23 E:\Chamba\Auspac\Nexo\nexo\vendor\laravel\framework\src\Illuminate\Routing\Router.php(753): Illuminate\Routing\Router-&gt;dispatchToRoute()
#24 E:\Chamba\Auspac\Nexo\nexo\vendor\laravel\framework\src\Illuminate\Foundation\Http\Kernel.php(200): Illuminate\Routing\Router-&gt;dispatch()
#25 E:\Chamba\Auspac\Nexo\nexo\vendor\laravel\framework\src\Illuminate\Pipeline\Pipeline.php(180): Illuminate\Foundation\Http\Kernel-&gt;{closure:Illuminate\Foundation\Http\Kernel::dispatchToRouter():197}()
#26 E:\Chamba\Auspac\Nexo\nexo\vendor\laravel\framework\src\Illuminate\Foundation\Http\Middleware\TransformsRequest.php(21): Illuminate\Pipeline\Pipeline-&gt;{closure:Illuminate\Pipeline\Pipeline::prepareDestination():178}()
#27 E:\Chamba\Auspac\Nexo\nexo\vendor\laravel\framework\src\Illuminate\Foundation\Http\Middleware\ConvertEmptyStringsToNull.php(31): Illuminate\Foundation\Http\Middleware\TransformsRequest-&gt;handle()
#28 E:\Chamba\Auspac\Nexo\nexo\vendor\laravel\framework\src\Illuminate\Pipeline\Pipeline.php(219): Illuminate\Foundation\Http\Middleware\ConvertEmptyStringsToNull-&gt;handle()
#29 E:\Chamba\Auspac\Nexo\nexo\vendor\laravel\framework\src\Illuminate\Foundation\Http\Middleware\TransformsRequest.php(21): Illuminate\Pipeline\Pipeline-&gt;{closure:{closure:Illuminate\Pipeline\Pipeline::carry():194}:195}()
#30 E:\Chamba\Auspac\Nexo\nexo\vendor\laravel\framework\src\Illuminate\Foundation\Http\Middleware\TrimStrings.php(51): Illuminate\Foundation\Http\Middleware\TransformsRequest-&gt;handle()
#31 E:\Chamba\Auspac\Nexo\nexo\vendor\laravel\framework\src\Illuminate\Pipeline\Pipeline.php(219): Illuminate\Foundation\Http\Middleware\TrimStrings-&gt;handle()
#32 E:\Chamba\Auspac\Nexo\nexo\vendor\laravel\framework\src\Illuminate\Http\Middleware\ValidatePostSize.php(27): Illuminate\Pipeline\Pipeline-&gt;{closure:{closure:Illuminate\Pipeline\Pipeline::carry():194}:195}()
#33 E:\Chamba\Auspac\Nexo\nexo\vendor\laravel\framework\src\Illuminate\Pipeline\Pipeline.php(219): Illuminate\Http\Middleware\ValidatePostSize-&gt;handle()
#34 E:\Chamba\Auspac\Nexo\nexo\vendor\laravel\framework\src\Illuminate\Foundation\Http\Middleware\PreventRequestsDuringMaintenance.php(109): Illuminate\Pipeline\Pipeline-&gt;{closure:{closure:Illuminate\Pipeline\Pipeline::carry():194}:195}()
#35 E:\Chamba\Auspac\Nexo\nexo\vendor\laravel\framework\src\Illuminate\Pipeline\Pipeline.php(219): Illuminate\Foundation\Http\Middleware\PreventRequestsDuringMaintenance-&gt;handle()
#36 E:\Chamba\Auspac\Nexo\nexo\vendor\laravel\framework\src\Illuminate\Http\Middleware\HandleCors.php(74): Illuminate\Pipeline\Pipeline-&gt;{closure:{closure:Illuminate\Pipeline\Pipeline::carry():194}:195}()
#37 E:\Chamba\Auspac\Nexo\nexo\vendor\laravel\framework\src\Illuminate\Pipeline\Pipeline.php(219): Illuminate\Http\Middleware\HandleCors-&gt;handle()
#38 E:\Chamba\Auspac\Nexo\nexo\vendor\laravel\framework\src\Illuminate\Http\Middleware\TrustProxies.php(58): Illuminate\Pipeline\Pipeline-&gt;{closure:{closure:Illuminate\Pipeline\Pipeline::carry():194}:195}()
#39 E:\Chamba\Auspac\Nexo\nexo\vendor\laravel\framework\src\Illuminate\Pipeline\Pipeline.php(219): Illuminate\Http\Middleware\TrustProxies-&gt;handle()
#40 E:\Chamba\Auspac\Nexo\nexo\vendor\laravel\framework\src\Illuminate\Foundation\Http\Middleware\InvokeDeferredCallbacks.php(22): Illuminate\Pipeline\Pipeline-&gt;{closure:{closure:Illuminate\Pipeline\Pipeline::carry():194}:195}()
#41 E:\Chamba\Auspac\Nexo\nexo\vendor\laravel\framework\src\Illuminate\Pipeline\Pipeline.php(219): Illuminate\Foundation\Http\Middleware\InvokeDeferredCallbacks-&gt;handle()
#42 E:\Chamba\Auspac\Nexo\nexo\vendor\laravel\framework\src\Illuminate\Http\Middleware\ValidatePathEncoding.php(28): Illuminate\Pipeline\Pipeline-&gt;{closure:{closure:Illuminate\Pipeline\Pipeline::carry():194}:195}()
#43 E:\Chamba\Auspac\Nexo\nexo\vendor\laravel\framework\src\Illuminate\Pipeline\Pipeline.php(219): Illuminate\Http\Middleware\ValidatePathEncoding-&gt;handle()
#44 E:\Chamba\Auspac\Nexo\nexo\vendor\laravel\framework\src\Illuminate\Pipeline\Pipeline.php(137): Illuminate\Pipeline\Pipeline-&gt;{closure:{closure:Illuminate\Pipeline\Pipeline::carry():194}:195}()
#45 E:\Chamba\Auspac\Nexo\nexo\vendor\laravel\framework\src\Illuminate\Foundation\Http\Kernel.php(175): Illuminate\Pipeline\Pipeline-&gt;then()
#46 E:\Chamba\Auspac\Nexo\nexo\vendor\laravel\framework\src\Illuminate\Foundation\Http\Kernel.php(144): Illuminate\Foundation\Http\Kernel-&gt;sendRequestThroughRouter()
#47 E:\Chamba\Auspac\Nexo\nexo\vendor\laravel\framework\src\Illuminate\Foundation\Testing\Concerns\MakesHttpRequests.php(607): Illuminate\Foundation\Http\Kernel-&gt;handle()
#48 E:\Chamba\Auspac\Nexo\nexo\vendor\laravel\framework\src\Illuminate\Foundation\Testing\Concerns\MakesHttpRequests.php(573): Illuminate\Foundation\Testing\TestCase-&gt;call()
#49 E:\Chamba\Auspac\Nexo\nexo\vendor\laravel\framework\src\Illuminate\Foundation\Testing\Concerns\MakesHttpRequests.php(411): Illuminate\Foundation\Testing\TestCase-&gt;json()
#50 E:\Chamba\Auspac\Nexo\nexo\tests\Feature\Organization\OrganizationStoreTest.php(46): Illuminate\Foundation\Testing\TestCase-&gt;postJson()
#51 E:\Chamba\Auspac\Nexo\nexo\vendor\phpunit\phpunit\src\Framework\TestCase.php(1314): Tests\Feature\Organization\OrganizationStoreTest-&gt;test_response_has_status_201_on_creation()
#52 E:\Chamba\Auspac\Nexo\nexo\vendor\phpunit\phpunit\src\Framework\TestCase.php(1351): PHPUnit\Framework\TestCase-&gt;invokeTestMethod()
#53 E:\Chamba\Auspac\Nexo\nexo\vendor\phpunit\phpunit\src\Framework\TestCase.php(521): PHPUnit\Framework\TestCase-&gt;runTest()
#54 E:\Chamba\Auspac\Nexo\nexo\vendor\phpunit\phpunit\src\Framework\TestRunner\TestRunner.php(99): PHPUnit\Framework\TestCase-&gt;runBare()
#55 E:\Chamba\Auspac\Nexo\nexo\vendor\phpunit\phpunit\src\Framework\TestCase.php(361): PHPUnit\Framework\TestRunner-&gt;run()
#56 E:\Chamba\Auspac\Nexo\nexo\vendor\phpunit\phpunit\src\Framework\TestSuite.php(374): PHPUnit\Framework\TestCase-&gt;run()
#57 E:\Chamba\Auspac\Nexo\nexo\vendor\phpunit\phpunit\src\TextUI\TestRunner.php(64): PHPUnit\Framework\TestSuite-&gt;run()
#58 E:\Chamba\Auspac\Nexo\nexo\vendor\phpunit\phpunit\src\TextUI\Application.php(229): PHPUnit\TextUI\TestRunner-&gt;run()
#59 E:\Chamba\Auspac\Nexo\nexo\vendor\phpunit\phpunit\phpunit(104): PHPUnit\TextUI\Application-&gt;run()
#60 {main}

Next Illuminate\Contracts\Container\BindingResolutionException: Target class [App\Modules\Organization\Service\OrganizationService] does not exist. in E:\Chamba\Auspac\Nexo\nexo\vendor\laravel\framework\src\Illuminate\Container\Container.php:1127
Stack trace:
#0 E:\Chamba\Auspac\Nexo\nexo\vendor\laravel\framework\src\Illuminate\Container\Container.php(936): Illuminate\Container\Container-&gt;build()
#1 E:\Chamba\Auspac\Nexo\nexo\vendor\laravel\framework\src\Illuminate\Foundation\Application.php(1078): Illuminate\Container\Container-&gt;resolve()
#2 E:\Chamba\Auspac\Nexo\nexo\vendor\laravel\framework\src\Illuminate\Container\Container.php(864): Illuminate\Foundation\Application-&gt;resolve()
#3 E:\Chamba\Auspac\Nexo\nexo\vendor\laravel\framework\src\Illuminate\Foundation\Application.php(1058): Illuminate\Container\Container-&gt;make()
#4 E:\Chamba\Auspac\Nexo\nexo\vendor\laravel\framework\src\Illuminate\Container\Container.php(1339): Illuminate\Foundation\Application-&gt;make()
#5 E:\Chamba\Auspac\Nexo\nexo\vendor\laravel\framework\src\Illuminate\Container\Container.php(1240): Illuminate\Container\Container-&gt;resolveClass()
#6 E:\Chamba\Auspac\Nexo\nexo\vendor\laravel\framework\src\Illuminate\Container\Container.php(1165): Illuminate\Container\Container-&gt;resolveDependencies()
#7 E:\Chamba\Auspac\Nexo\nexo\vendor\laravel\framework\src\Illuminate\Container\Container.php(936): Illuminate\Container\Container-&gt;build()
#8 E:\Chamba\Auspac\Nexo\nexo\vendor\laravel\framework\src\Illuminate\Foundation\Application.php(1078): Illuminate\Container\Container-&gt;resolve()
#9 E:\Chamba\Auspac\Nexo\nexo\vendor\laravel\framework\src\Illuminate\Container\Container.php(864): Illuminate\Foundation\Application-&gt;resolve()
#10 E:\Chamba\Auspac\Nexo\nexo\vendor\laravel\framework\src\Illuminate\Foundation\Application.php(1058): Illuminate\Container\Container-&gt;make()
#11 E:\Chamba\Auspac\Nexo\nexo\vendor\laravel\framework\src\Illuminate\Routing\Route.php(290): Illuminate\Foundation\Application-&gt;make()
#12 E:\Chamba\Auspac\Nexo\nexo\vendor\laravel\framework\src\Illuminate\Routing\Route.php(270): Illuminate\Routing\Route-&gt;getController()
#13 E:\Chamba\Auspac\Nexo\nexo\vendor\laravel\framework\src\Illuminate\Routing\Route.php(215): Illuminate\Routing\Route-&gt;runController()
#14 E:\Chamba\Auspac\Nexo\nexo\vendor\laravel\framework\src\Illuminate\Routing\Router.php(822): Illuminate\Routing\Route-&gt;run()
#15 E:\Chamba\Auspac\Nexo\nexo\vendor\laravel\framework\src\Illuminate\Pipeline\Pipeline.php(180): Illuminate\Routing\Router-&gt;{closure:Illuminate\Routing\Router::runRouteWithinStack():821}()
#16 E:\Chamba\Auspac\Nexo\nexo\vendor\laravel\framework\src\Illuminate\Routing\Middleware\SubstituteBindings.php(52): Illuminate\Pipeline\Pipeline-&gt;{closure:Illuminate\Pipeline\Pipeline::prepareDestination():178}()
#17 E:\Chamba\Auspac\Nexo\nexo\vendor\laravel\framework\src\Illuminate\Pipeline\Pipeline.php(219): Illuminate\Routing\Middleware\SubstituteBindings-&gt;handle()
#18 E:\Chamba\Auspac\Nexo\nexo\vendor\laravel\framework\src\Illuminate\Pipeline\Pipeline.php(137): Illuminate\Pipeline\Pipeline-&gt;{closure:{closure:Illuminate\Pipeline\Pipeline::carry():194}:195}()
#19 E:\Chamba\Auspac\Nexo\nexo\vendor\laravel\framework\src\Illuminate\Routing\Router.php(821): Illuminate\Pipeline\Pipeline-&gt;then()
#20 E:\Chamba\Auspac\Nexo\nexo\vendor\laravel\framework\src\Illuminate\Routing\Router.php(800): Illuminate\Routing\Router-&gt;runRouteWithinStack()
#21 E:\Chamba\Auspac\Nexo\nexo\vendor\laravel\framework\src\Illuminate\Routing\Router.php(764): Illuminate\Routing\Router-&gt;runRoute()
#22 E:\Chamba\Auspac\Nexo\nexo\vendor\laravel\framework\src\Illuminate\Routing\Router.php(753): Illuminate\Routing\Router-&gt;dispatchToRoute()
#23 E:\Chamba\Auspac\Nexo\nexo\vendor\laravel\framework\src\Illuminate\Foundation\Http\Kernel.php(200): Illuminate\Routing\Router-&gt;dispatch()
#24 E:\Chamba\Auspac\Nexo\nexo\vendor\laravel\framework\src\Illuminate\Pipeline\Pipeline.php(180): Illuminate\Foundation\Http\Kernel-&gt;{closure:Illuminate\Foundation\Http\Kernel::dispatchToRouter():197}()
#25 E:\Chamba\Auspac\Nexo\nexo\vendor\laravel\framework\src\Illuminate\Foundation\Http\Middleware\TransformsRequest.php(21): Illuminate\Pipeline\Pipeline-&gt;{closure:Illuminate\Pipeline\Pipeline::prepareDestination():178}()
#26 E:\Chamba\Auspac\Nexo\nexo\vendor\laravel\framework\src\Illuminate\Foundation\Http\Middleware\ConvertEmptyStringsToNull.php(31): Illuminate\Foundation\Http\Middleware\TransformsRequest-&gt;handle()
#27 E:\Chamba\Auspac\Nexo\nexo\vendor\laravel\framework\src\Illuminate\Pipeline\Pipeline.php(219): Illuminate\Foundation\Http\Middleware\ConvertEmptyStringsToNull-&gt;handle()
#28 E:\Chamba\Auspac\Nexo\nexo\vendor\laravel\framework\src\Illuminate\Foundation\Http\Middleware\TransformsRequest.php(21): Illuminate\Pipeline\Pipeline-&gt;{closure:{closure:Illuminate\Pipeline\Pipeline::carry():194}:195}()
#29 E:\Chamba\Auspac\Nexo\nexo\vendor\laravel\framework\src\Illuminate\Foundation\Http\Middleware\TrimStrings.php(51): Illuminate\Foundation\Http\Middleware\TransformsRequest-&gt;handle()
#30 E:\Chamba\Auspac\Nexo\nexo\vendor\laravel\framework\src\Illuminate\Pipeline\Pipeline.php(219): Illuminate\Foundation\Http\Middleware\TrimStrings-&gt;handle()
#31 E:\Chamba\Auspac\Nexo\nexo\vendor\laravel\framework\src\Illuminate\Http\Middleware\ValidatePostSize.php(27): Illuminate\Pipeline\Pipeline-&gt;{closure:{closure:Illuminate\Pipeline\Pipeline::carry():194}:195}()
#32 E:\Chamba\Auspac\Nexo\nexo\vendor\laravel\framework\src\Illuminate\Pipeline\Pipeline.php(219): Illuminate\Http\Middleware\ValidatePostSize-&gt;handle()
#33 E:\Chamba\Auspac\Nexo\nexo\vendor\laravel\framework\src\Illuminate\Foundation\Http\Middleware\PreventRequestsDuringMaintenance.php(109): Illuminate\Pipeline\Pipeline-&gt;{closure:{closure:Illuminate\Pipeline\Pipeline::carry():194}:195}()
#34 E:\Chamba\Auspac\Nexo\nexo\vendor\laravel\framework\src\Illuminate\Pipeline\Pipeline.php(219): Illuminate\Foundation\Http\Middleware\PreventRequestsDuringMaintenance-&gt;handle()
#35 E:\Chamba\Auspac\Nexo\nexo\vendor\laravel\framework\src\Illuminate\Http\Middleware\HandleCors.php(74): Illuminate\Pipeline\Pipeline-&gt;{closure:{closure:Illuminate\Pipeline\Pipeline::carry():194}:195}()
#36 E:\Chamba\Auspac\Nexo\nexo\vendor\laravel\framework\src\Illuminate\Pipeline\Pipeline.php(219): Illuminate\Http\Middleware\HandleCors-&gt;handle()
#37 E:\Chamba\Auspac\Nexo\nexo\vendor\laravel\framework\src\Illuminate\Http\Middleware\TrustProxies.php(58): Illuminate\Pipeline\Pipeline-&gt;{closure:{closure:Illuminate\Pipeline\Pipeline::carry():194}:195}()
#38 E:\Chamba\Auspac\Nexo\nexo\vendor\laravel\framework\src\Illuminate\Pipeline\Pipeline.php(219): Illuminate\Http\Middleware\TrustProxies-&gt;handle()
#39 E:\Chamba\Auspac\Nexo\nexo\vendor\laravel\framework\src\Illuminate\Foundation\Http\Middleware\InvokeDeferredCallbacks.php(22): Illuminate\Pipeline\Pipeline-&gt;{closure:{closure:Illuminate\Pipeline\Pipeline::carry():194}:195}()
#40 E:\Chamba\Auspac\Nexo\nexo\vendor\laravel\framework\src\Illuminate\Pipeline\Pipeline.php(219): Illuminate\Foundation\Http\Middleware\InvokeDeferredCallbacks-&gt;handle()
#41 E:\Chamba\Auspac\Nexo\nexo\vendor\laravel\framework\src\Illuminate\Http\Middleware\ValidatePathEncoding.php(28): Illuminate\Pipeline\Pipeline-&gt;{closure:{closure:Illuminate\Pipeline\Pipeline::carry():194}:195}()
#42 E:\Chamba\Auspac\Nexo\nexo\vendor\laravel\framework\src\Illuminate\Pipeline\Pipeline.php(219): Illuminate\Http\Middleware\ValidatePathEncoding-&gt;handle()
#43 E:\Chamba\Auspac\Nexo\nexo\vendor\laravel\framework\src\Illuminate\Pipeline\Pipeline.php(137): Illuminate\Pipeline\Pipeline-&gt;{closure:{closure:Illuminate\Pipeline\Pipeline::carry():194}:195}()
#44 E:\Chamba\Auspac\Nexo\nexo\vendor\laravel\framework\src\Illuminate\Foundation\Http\Kernel.php(175): Illuminate\Pipeline\Pipeline-&gt;then()
#45 E:\Chamba\Auspac\Nexo\nexo\vendor\laravel\framework\src\Illuminate\Foundation\Http\Kernel.php(144): Illuminate\Foundation\Http\Kernel-&gt;sendRequestThroughRouter()
#46 E:\Chamba\Auspac\Nexo\nexo\vendor\laravel\framework\src\Illuminate\Foundation\Testing\Concerns\MakesHttpRequests.php(607): Illuminate\Foundation\Http\Kernel-&gt;handle()
#47 E:\Chamba\Auspac\Nexo\nexo\vendor\laravel\framework\src\Illuminate\Foundation\Testing\Concerns\MakesHttpRequests.php(573): Illuminate\Foundation\Testing\TestCase-&gt;call()
#48 E:\Chamba\Auspac\Nexo\nexo\vendor\laravel\framework\src\Illuminate\Foundation\Testing\Concerns\MakesHttpRequests.php(411): Illuminate\Foundation\Testing\TestCase-&gt;json()
#49 E:\Chamba\Auspac\Nexo\nexo\tests\Feature\Organization\OrganizationStoreTest.php(46): Illuminate\Foundation\Testing\TestCase-&gt;postJson()
#50 E:\Chamba\Auspac\Nexo\nexo\vendor\phpunit\phpunit\src\Framework\TestCase.php(1314): Tests\Feature\Organization\OrganizationStoreTest-&gt;test_response_has_status_201_on_creation()
#51 E:\Chamba\Auspac\Nexo\nexo\vendor\phpunit\phpunit\src\Framework\TestCase.php(1351): PHPUnit\Framework\TestCase-&gt;invokeTestMethod()
#52 E:\Chamba\Auspac\Nexo\nexo\vendor\phpunit\phpunit\src\Framework\TestCase.php(521): PHPUnit\Framework\TestCase-&gt;runTest()
#53 E:\Chamba\Auspac\Nexo\nexo\vendor\phpunit\phpunit\src\Framework\TestRunner\TestRunner.php(99): PHPUnit\Framework\TestCase-&gt;runBare()
#54 E:\Chamba\Auspac\Nexo\nexo\vendor\phpunit\phpunit\src\Framework\TestCase.php(361): PHPUnit\Framework\TestRunner-&gt;run()
#55 E:\Chamba\Auspac\Nexo\nexo\vendor\phpunit\phpunit\src\Framework\TestSuite.php(374): PHPUnit\Framework\TestCase-&gt;run()
#56 E:\Chamba\Auspac\Nexo\nexo\vendor\phpunit\phpunit\src\TextUI\TestRunner.php(64): PHPUnit\Framework\TestSuite-&gt;run()
#57 E:\Chamba\Auspac\Nexo\nexo\vendor\phpunit\phpunit\src\TextUI\Application.php(229): PHPUnit\TextUI\TestRunner-&gt;run()
#58 E:\Chamba\Auspac\Nexo\nexo\vendor\phpunit\phpunit\phpunit(104): PHPUnit\TextUI\Application-&gt;run()
#59 {main}

----------------------------------------------------------------------------------

Target class [App\Modules\Organization\Service\OrganizationService] does not exist.
&#13;
E:\Chamba\Auspac\Nexo\nexo\vendor\laravel\framework\src\Illuminate\Testing\TestResponseAssert.php:45
E:\Chamba\Auspac\Nexo\nexo\vendor\laravel\framework\src\Illuminate\Testing\TestResponse.php:176
E:\Chamba\Auspac\Nexo\nexo\tests\Feature\Organization\OrganizationStoreTest.php:48</failure>
    </testcase>
    <testcase name="test_created_organization_is_persisted_in_database" file="E:\Chamba\Auspac\Nexo\nexo\tests\Feature\Organization\OrganizationStoreTest.php" line="51" class="Tests\Feature\Organization\OrganizationStoreTest" classname="Tests.Feature.Organization.OrganizationStoreTest" assertions="1" time="0.014029">
      <failure type="PHPUnit\Framework\ExpectationFailedException">Tests\Feature\Organization\OrganizationStoreTest::test_created_organization_is_persisted_in_database&#13;
Failed asserting that a row in the table [organizations] matches the attributes {
    "name": "Persisted Org",
    "tax_id": "98765432101",
    "active": false
}.

The table is empty.
&#13;
E:\Chamba\Auspac\Nexo\nexo\vendor\laravel\framework\src\Illuminate\Foundation\Testing\Concerns\InteractsWithDatabase.php:51
E:\Chamba\Auspac\Nexo\nexo\tests\Feature\Organization\OrganizationStoreTest.php:59</failure>
    </testcase>
    <testcase name="test_fails_when_name_is_missing" file="E:\Chamba\Auspac\Nexo\nexo\tests\Feature\Organization\OrganizationStoreTest.php" line="68" class="Tests\Feature\Organization\OrganizationStoreTest" classname="Tests.Feature.Organization.OrganizationStoreTest" assertions="1" time="0.013919">
      <failure type="PHPUnit\Framework\ExpectationFailedException">Tests\Feature\Organization\OrganizationStoreTest::test_fails_when_name_is_missing&#13;
Expected response status code [422] but received 500.
Failed asserting that 500 is identical to 422.&#13;
&#13;
The following exception occurred during the last request:

ReflectionException: Class "App\Modules\Organization\Service\OrganizationService" does not exist in E:\Chamba\Auspac\Nexo\nexo\vendor\laravel\framework\src\Illuminate\Container\Container.php:1125
Stack trace:
#0 E:\Chamba\Auspac\Nexo\nexo\vendor\laravel\framework\src\Illuminate\Container\Container.php(1125): ReflectionClass-&gt;__construct()
#1 E:\Chamba\Auspac\Nexo\nexo\vendor\laravel\framework\src\Illuminate\Container\Container.php(936): Illuminate\Container\Container-&gt;build()
#2 E:\Chamba\Auspac\Nexo\nexo\vendor\laravel\framework\src\Illuminate\Foundation\Application.php(1078): Illuminate\Container\Container-&gt;resolve()
#3 E:\Chamba\Auspac\Nexo\nexo\vendor\laravel\framework\src\Illuminate\Container\Container.php(864): Illuminate\Foundation\Application-&gt;resolve()
#4 E:\Chamba\Auspac\Nexo\nexo\vendor\laravel\framework\src\Illuminate\Foundation\Application.php(1058): Illuminate\Container\Container-&gt;make()
#5 E:\Chamba\Auspac\Nexo\nexo\vendor\laravel\framework\src\Illuminate\Container\Container.php(1339): Illuminate\Foundation\Application-&gt;make()
#6 E:\Chamba\Auspac\Nexo\nexo\vendor\laravel\framework\src\Illuminate\Container\Container.php(1240): Illuminate\Container\Container-&gt;resolveClass()
#7 E:\Chamba\Auspac\Nexo\nexo\vendor\laravel\framework\src\Illuminate\Container\Container.php(1165): Illuminate\Container\Container-&gt;resolveDependencies()
#8 E:\Chamba\Auspac\Nexo\nexo\vendor\laravel\framework\src\Illuminate\Container\Container.php(936): Illuminate\Container\Container-&gt;build()
#9 E:\Chamba\Auspac\Nexo\nexo\vendor\laravel\framework\src\Illuminate\Foundation\Application.php(1078): Illuminate\Container\Container-&gt;resolve()
#10 E:\Chamba\Auspac\Nexo\nexo\vendor\laravel\framework\src\Illuminate\Container\Container.php(864): Illuminate\Foundation\Application-&gt;resolve()
#11 E:\Chamba\Auspac\Nexo\nexo\vendor\laravel\framework\src\Illuminate\Foundation\Application.php(1058): Illuminate\Container\Container-&gt;make()
#12 E:\Chamba\Auspac\Nexo\nexo\vendor\laravel\framework\src\Illuminate\Routing\Route.php(290): Illuminate\Foundation\Application-&gt;make()
#13 E:\Chamba\Auspac\Nexo\nexo\vendor\laravel\framework\src\Illuminate\Routing\Route.php(270): Illuminate\Routing\Route-&gt;getController()
#14 E:\Chamba\Auspac\Nexo\nexo\vendor\laravel\framework\src\Illuminate\Routing\Route.php(215): Illuminate\Routing\Route-&gt;runController()
#15 E:\Chamba\Auspac\Nexo\nexo\vendor\laravel\framework\src\Illuminate\Routing\Router.php(822): Illuminate\Routing\Route-&gt;run()
#16 E:\Chamba\Auspac\Nexo\nexo\vendor\laravel\framework\src\Illuminate\Pipeline\Pipeline.php(180): Illuminate\Routing\Router-&gt;{closure:Illuminate\Routing\Router::runRouteWithinStack():821}()
#17 E:\Chamba\Auspac\Nexo\nexo\vendor\laravel\framework\src\Illuminate\Routing\Middleware\SubstituteBindings.php(52): Illuminate\Pipeline\Pipeline-&gt;{closure:Illuminate\Pipeline\Pipeline::prepareDestination():178}()
#18 E:\Chamba\Auspac\Nexo\nexo\vendor\laravel\framework\src\Illuminate\Pipeline\Pipeline.php(219): Illuminate\Routing\Middleware\SubstituteBindings-&gt;handle()
#19 E:\Chamba\Auspac\Nexo\nexo\vendor\laravel\framework\src\Illuminate\Pipeline\Pipeline.php(137): Illuminate\Pipeline\Pipeline-&gt;{closure:{closure:Illuminate\Pipeline\Pipeline::carry():194}:195}()
#20 E:\Chamba\Auspac\Nexo\nexo\vendor\laravel\framework\src\Illuminate\Routing\Router.php(821): Illuminate\Pipeline\Pipeline-&gt;then()
#21 E:\Chamba\Auspac\Nexo\nexo\vendor\laravel\framework\src\Illuminate\Routing\Router.php(800): Illuminate\Routing\Router-&gt;runRouteWithinStack()
#22 E:\Chamba\Auspac\Nexo\nexo\vendor\laravel\framework\src\Illuminate\Routing\Router.php(764): Illuminate\Routing\Router-&gt;runRoute()
#23 E:\Chamba\Auspac\Nexo\nexo\vendor\laravel\framework\src\Illuminate\Routing\Router.php(753): Illuminate\Routing\Router-&gt;dispatchToRoute()
#24 E:\Chamba\Auspac\Nexo\nexo\vendor\laravel\framework\src\Illuminate\Foundation\Http\Kernel.php(200): Illuminate\Routing\Router-&gt;dispatch()
#25 E:\Chamba\Auspac\Nexo\nexo\vendor\laravel\framework\src\Illuminate\Pipeline\Pipeline.php(180): Illuminate\Foundation\Http\Kernel-&gt;{closure:Illuminate\Foundation\Http\Kernel::dispatchToRouter():197}()
#26 E:\Chamba\Auspac\Nexo\nexo\vendor\laravel\framework\src\Illuminate\Foundation\Http\Middleware\TransformsRequest.php(21): Illuminate\Pipeline\Pipeline-&gt;{closure:Illuminate\Pipeline\Pipeline::prepareDestination():178}()
#27 E:\Chamba\Auspac\Nexo\nexo\vendor\laravel\framework\src\Illuminate\Foundation\Http\Middleware\ConvertEmptyStringsToNull.php(31): Illuminate\Foundation\Http\Middleware\TransformsRequest-&gt;handle()
#28 E:\Chamba\Auspac\Nexo\nexo\vendor\laravel\framework\src\Illuminate\Pipeline\Pipeline.php(219): Illuminate\Foundation\Http\Middleware\ConvertEmptyStringsToNull-&gt;handle()
#29 E:\Chamba\Auspac\Nexo\nexo\vendor\laravel\framework\src\Illuminate\Foundation\Http\Middleware\TransformsRequest.php(21): Illuminate\Pipeline\Pipeline-&gt;{closure:{closure:Illuminate\Pipeline\Pipeline::carry():194}:195}()
#30 E:\Chamba\Auspac\Nexo\nexo\vendor\laravel\framework\src\Illuminate\Foundation\Http\Middleware\TrimStrings.php(51): Illuminate\Foundation\Http\Middleware\TransformsRequest-&gt;handle()
#31 E:\Chamba\Auspac\Nexo\nexo\vendor\laravel\framework\src\Illuminate\Pipeline\Pipeline.php(219): Illuminate\Foundation\Http\Middleware\TrimStrings-&gt;handle()
#32 E:\Chamba\Auspac\Nexo\nexo\vendor\laravel\framework\src\Illuminate\Http\Middleware\ValidatePostSize.php(27): Illuminate\Pipeline\Pipeline-&gt;{closure:{closure:Illuminate\Pipeline\Pipeline::carry():194}:195}()
#33 E:\Chamba\Auspac\Nexo\nexo\vendor\laravel\framework\src\Illuminate\Pipeline\Pipeline.php(219): Illuminate\Http\Middleware\ValidatePostSize-&gt;handle()
#34 E:\Chamba\Auspac\Nexo\nexo\vendor\laravel\framework\src\Illuminate\Foundation\Http\Middleware\PreventRequestsDuringMaintenance.php(109): Illuminate\Pipeline\Pipeline-&gt;{closure:{closure:Illuminate\Pipeline\Pipeline::carry():194}:195}()
#35 E:\Chamba\Auspac\Nexo\nexo\vendor\laravel\framework\src\Illuminate\Pipeline\Pipeline.php(219): Illuminate\Foundation\Http\Middleware\PreventRequestsDuringMaintenance-&gt;handle()
#36 E:\Chamba\Auspac\Nexo\nexo\vendor\laravel\framework\src\Illuminate\Http\Middleware\HandleCors.php(74): Illuminate\Pipeline\Pipeline-&gt;{closure:{closure:Illuminate\Pipeline\Pipeline::carry():194}:195}()
#37 E:\Chamba\Auspac\Nexo\nexo\vendor\laravel\framework\src\Illuminate\Pipeline\Pipeline.php(219): Illuminate\Http\Middleware\HandleCors-&gt;handle()
#38 E:\Chamba\Auspac\Nexo\nexo\vendor\laravel\framework\src\Illuminate\Http\Middleware\TrustProxies.php(58): Illuminate\Pipeline\Pipeline-&gt;{closure:{closure:Illuminate\Pipeline\Pipeline::carry():194}:195}()
#39 E:\Chamba\Auspac\Nexo\nexo\vendor\laravel\framework\src\Illuminate\Pipeline\Pipeline.php(219): Illuminate\Http\Middleware\TrustProxies-&gt;handle()
#40 E:\Chamba\Auspac\Nexo\nexo\vendor\laravel\framework\src\Illuminate\Foundation\Http\Middleware\InvokeDeferredCallbacks.php(22): Illuminate\Pipeline\Pipeline-&gt;{closure:{closure:Illuminate\Pipeline\Pipeline::carry():194}:195}()
#41 E:\Chamba\Auspac\Nexo\nexo\vendor\laravel\framework\src\Illuminate\Pipeline\Pipeline.php(219): Illuminate\Foundation\Http\Middleware\InvokeDeferredCallbacks-&gt;handle()
#42 E:\Chamba\Auspac\Nexo\nexo\vendor\laravel\framework\src\Illuminate\Http\Middleware\ValidatePathEncoding.php(28): Illuminate\Pipeline\Pipeline-&gt;{closure:{closure:Illuminate\Pipeline\Pipeline::carry():194}:195}()
#43 E:\Chamba\Auspac\Nexo\nexo\vendor\laravel\framework\src\Illuminate\Pipeline\Pipeline.php(219): Illuminate\Http\Middleware\ValidatePathEncoding-&gt;handle()
#44 E:\Chamba\Auspac\Nexo\nexo\vendor\laravel\framework\src\Illuminate\Pipeline\Pipeline.php(137): Illuminate\Pipeline\Pipeline-&gt;{closure:{closure:Illuminate\Pipeline\Pipeline::carry():194}:195}()
#45 E:\Chamba\Auspac\Nexo\nexo\vendor\laravel\framework\src\Illuminate\Foundation\Http\Kernel.php(175): Illuminate\Pipeline\Pipeline-&gt;then()
#46 E:\Chamba\Auspac\Nexo\nexo\vendor\laravel\framework\src\Illuminate\Foundation\Http\Kernel.php(144): Illuminate\Foundation\Http\Kernel-&gt;sendRequestThroughRouter()
#47 E:\Chamba\Auspac\Nexo\nexo\vendor\laravel\framework\src\Illuminate\Foundation\Testing\Concerns\MakesHttpRequests.php(607): Illuminate\Foundation\Http\Kernel-&gt;handle()
#48 E:\Chamba\Auspac\Nexo\nexo\vendor\laravel\framework\src\Illuminate\Foundation\Testing\Concerns\MakesHttpRequests.php(573): Illuminate\Foundation\Testing\TestCase-&gt;call()
#49 E:\Chamba\Auspac\Nexo\nexo\vendor\laravel\framework\src\Illuminate\Foundation\Testing\Concerns\MakesHttpRequests.php(411): Illuminate\Foundation\Testing\TestCase-&gt;json()
#50 E:\Chamba\Auspac\Nexo\nexo\tests\Feature\Organization\OrganizationStoreTest.php(73): Illuminate\Foundation\Testing\TestCase-&gt;postJson()
#51 E:\Chamba\Auspac\Nexo\nexo\vendor\phpunit\phpunit\src\Framework\TestCase.php(1314): Tests\Feature\Organization\OrganizationStoreTest-&gt;test_fails_when_name_is_missing()
#52 E:\Chamba\Auspac\Nexo\nexo\vendor\phpunit\phpunit\src\Framework\TestCase.php(1351): PHPUnit\Framework\TestCase-&gt;invokeTestMethod()
#53 E:\Chamba\Auspac\Nexo\nexo\vendor\phpunit\phpunit\src\Framework\TestCase.php(521): PHPUnit\Framework\TestCase-&gt;runTest()
#54 E:\Chamba\Auspac\Nexo\nexo\vendor\phpunit\phpunit\src\Framework\TestRunner\TestRunner.php(99): PHPUnit\Framework\TestCase-&gt;runBare()
#55 E:\Chamba\Auspac\Nexo\nexo\vendor\phpunit\phpunit\src\Framework\TestCase.php(361): PHPUnit\Framework\TestRunner-&gt;run()
#56 E:\Chamba\Auspac\Nexo\nexo\vendor\phpunit\phpunit\src\Framework\TestSuite.php(374): PHPUnit\Framework\TestCase-&gt;run()
#57 E:\Chamba\Auspac\Nexo\nexo\vendor\phpunit\phpunit\src\TextUI\TestRunner.php(64): PHPUnit\Framework\TestSuite-&gt;run()
#58 E:\Chamba\Auspac\Nexo\nexo\vendor\phpunit\phpunit\src\TextUI\Application.php(229): PHPUnit\TextUI\TestRunner-&gt;run()
#59 E:\Chamba\Auspac\Nexo\nexo\vendor\phpunit\phpunit\phpunit(104): PHPUnit\TextUI\Application-&gt;run()
#60 {main}

Next Illuminate\Contracts\Container\BindingResolutionException: Target class [App\Modules\Organization\Service\OrganizationService] does not exist. in E:\Chamba\Auspac\Nexo\nexo\vendor\laravel\framework\src\Illuminate\Container\Container.php:1127
Stack trace:
#0 E:\Chamba\Auspac\Nexo\nexo\vendor\laravel\framework\src\Illuminate\Container\Container.php(936): Illuminate\Container\Container-&gt;build()
#1 E:\Chamba\Auspac\Nexo\nexo\vendor\laravel\framework\src\Illuminate\Foundation\Application.php(1078): Illuminate\Container\Container-&gt;resolve()
#2 E:\Chamba\Auspac\Nexo\nexo\vendor\laravel\framework\src\Illuminate\Container\Container.php(864): Illuminate\Foundation\Application-&gt;resolve()
#3 E:\Chamba\Auspac\Nexo\nexo\vendor\laravel\framework\src\Illuminate\Foundation\Application.php(1058): Illuminate\Container\Container-&gt;make()
#4 E:\Chamba\Auspac\Nexo\nexo\vendor\laravel\framework\src\Illuminate\Container\Container.php(1339): Illuminate\Foundation\Application-&gt;make()
#5 E:\Chamba\Auspac\Nexo\nexo\vendor\laravel\framework\src\Illuminate\Container\Container.php(1240): Illuminate\Container\Container-&gt;resolveClass()
#6 E:\Chamba\Auspac\Nexo\nexo\vendor\laravel\framework\src\Illuminate\Container\Container.php(1165): Illuminate\Container\Container-&gt;resolveDependencies()
#7 E:\Chamba\Auspac\Nexo\nexo\vendor\laravel\framework\src\Illuminate\Container\Container.php(936): Illuminate\Container\Container-&gt;build()
#8 E:\Chamba\Auspac\Nexo\nexo\vendor\laravel\framework\src\Illuminate\Foundation\Application.php(1078): Illuminate\Container\Container-&gt;resolve()
#9 E:\Chamba\Auspac\Nexo\nexo\vendor\laravel\framework\src\Illuminate\Container\Container.php(864): Illuminate\Foundation\Application-&gt;resolve()
#10 E:\Chamba\Auspac\Nexo\nexo\vendor\laravel\framework\src\Illuminate\Foundation\Application.php(1058): Illuminate\Container\Container-&gt;make()
#11 E:\Chamba\Auspac\Nexo\nexo\vendor\laravel\framework\src\Illuminate\Routing\Route.php(290): Illuminate\Foundation\Application-&gt;make()
#12 E:\Chamba\Auspac\Nexo\nexo\vendor\laravel\framework\src\Illuminate\Routing\Route.php(270): Illuminate\Routing\Route-&gt;getController()
#13 E:\Chamba\Auspac\Nexo\nexo\vendor\laravel\framework\src\Illuminate\Routing\Route.php(215): Illuminate\Routing\Route-&gt;runController()
#14 E:\Chamba\Auspac\Nexo\nexo\vendor\laravel\framework\src\Illuminate\Routing\Router.php(822): Illuminate\Routing\Route-&gt;run()
#15 E:\Chamba\Auspac\Nexo\nexo\vendor\laravel\framework\src\Illuminate\Pipeline\Pipeline.php(180): Illuminate\Routing\Router-&gt;{closure:Illuminate\Routing\Router::runRouteWithinStack():821}()
#16 E:\Chamba\Auspac\Nexo\nexo\vendor\laravel\framework\src\Illuminate\Routing\Middleware\SubstituteBindings.php(52): Illuminate\Pipeline\Pipeline-&gt;{closure:Illuminate\Pipeline\Pipeline::prepareDestination():178}()
#17 E:\Chamba\Auspac\Nexo\nexo\vendor\laravel\framework\src\Illuminate\Pipeline\Pipeline.php(219): Illuminate\Routing\Middleware\SubstituteBindings-&gt;handle()
#18 E:\Chamba\Auspac\Nexo\nexo\vendor\laravel\framework\src\Illuminate\Pipeline\Pipeline.php(137): Illuminate\Pipeline\Pipeline-&gt;{closure:{closure:Illuminate\Pipeline\Pipeline::carry():194}:195}()
#19 E:\Chamba\Auspac\Nexo\nexo\vendor\laravel\framework\src\Illuminate\Routing\Router.php(821): Illuminate\Pipeline\Pipeline-&gt;then()
#20 E:\Chamba\Auspac\Nexo\nexo\vendor\laravel\framework\src\Illuminate\Routing\Router.php(800): Illuminate\Routing\Router-&gt;runRouteWithinStack()
#21 E:\Chamba\Auspac\Nexo\nexo\vendor\laravel\framework\src\Illuminate\Routing\Router.php(764): Illuminate\Routing\Router-&gt;runRoute()
#22 E:\Chamba\Auspac\Nexo\nexo\vendor\laravel\framework\src\Illuminate\Routing\Router.php(753): Illuminate\Routing\Router-&gt;dispatchToRoute()
#23 E:\Chamba\Auspac\Nexo\nexo\vendor\laravel\framework\src\Illuminate\Foundation\Http\Kernel.php(200): Illuminate\Routing\Router-&gt;dispatch()
#24 E:\Chamba\Auspac\Nexo\nexo\vendor\laravel\framework\src\Illuminate\Pipeline\Pipeline.php(180): Illuminate\Foundation\Http\Kernel-&gt;{closure:Illuminate\Foundation\Http\Kernel::dispatchToRouter():197}()
#25 E:\Chamba\Auspac\Nexo\nexo\vendor\laravel\framework\src\Illuminate\Foundation\Http\Middleware\TransformsRequest.php(21): Illuminate\Pipeline\Pipeline-&gt;{closure:Illuminate\Pipeline\Pipeline::prepareDestination():178}()
#26 E:\Chamba\Auspac\Nexo\nexo\vendor\laravel\framework\src\Illuminate\Foundation\Http\Middleware\ConvertEmptyStringsToNull.php(31): Illuminate\Foundation\Http\Middleware\TransformsRequest-&gt;handle()
#27 E:\Chamba\Auspac\Nexo\nexo\vendor\laravel\framework\src\Illuminate\Pipeline\Pipeline.php(219): Illuminate\Foundation\Http\Middleware\ConvertEmptyStringsToNull-&gt;handle()
#28 E:\Chamba\Auspac\Nexo\nexo\vendor\laravel\framework\src\Illuminate\Foundation\Http\Middleware\TransformsRequest.php(21): Illuminate\Pipeline\Pipeline-&gt;{closure:{closure:Illuminate\Pipeline\Pipeline::carry():194}:195}()
#29 E:\Chamba\Auspac\Nexo\nexo\vendor\laravel\framework\src\Illuminate\Foundation\Http\Middleware\TrimStrings.php(51): Illuminate\Foundation\Http\Middleware\TransformsRequest-&gt;handle()
#30 E:\Chamba\Auspac\Nexo\nexo\vendor\laravel\framework\src\Illuminate\Pipeline\Pipeline.php(219): Illuminate\Foundation\Http\Middleware\TrimStrings-&gt;handle()
#31 E:\Chamba\Auspac\Nexo\nexo\vendor\laravel\framework\src\Illuminate\Http\Middleware\ValidatePostSize.php(27): Illuminate\Pipeline\Pipeline-&gt;{closure:{closure:Illuminate\Pipeline\Pipeline::carry():194}:195}()
#32 E:\Chamba\Auspac\Nexo\nexo\vendor\laravel\framework\src\Illuminate\Pipeline\Pipeline.php(219): Illuminate\Http\Middleware\ValidatePostSize-&gt;handle()
#33 E:\Chamba\Auspac\Nexo\nexo\vendor\laravel\framework\src\Illuminate\Foundation\Http\Middleware\PreventRequestsDuringMaintenance.php(109): Illuminate\Pipeline\Pipeline-&gt;{closure:{closure:Illuminate\Pipeline\Pipeline::carry():194}:195}()
#34 E:\Chamba\Auspac\Nexo\nexo\vendor\laravel\framework\src\Illuminate\Pipeline\Pipeline.php(219): Illuminate\Foundation\Http\Middleware\PreventRequestsDuringMaintenance-&gt;handle()
#35 E:\Chamba\Auspac\Nexo\nexo\vendor\laravel\framework\src\Illuminate\Http\Middleware\HandleCors.php(74): Illuminate\Pipeline\Pipeline-&gt;{closure:{closure:Illuminate\Pipeline\Pipeline::carry():194}:195}()
#36 E:\Chamba\Auspac\Nexo\nexo\vendor\laravel\framework\src\Illuminate\Pipeline\Pipeline.php(219): Illuminate\Http\Middleware\HandleCors-&gt;handle()
#37 E:\Chamba\Auspac\Nexo\nexo\vendor\laravel\framework\src\Illuminate\Http\Middleware\TrustProxies.php(58): Illuminate\Pipeline\Pipeline-&gt;{closure:{closure:Illuminate\Pipeline\Pipeline::carry():194}:195}()
#38 E:\Chamba\Auspac\Nexo\nexo\vendor\laravel\framework\src\Illuminate\Pipeline\Pipeline.php(219): Illuminate\Http\Middleware\TrustProxies-&gt;handle()
#39 E:\Chamba\Auspac\Nexo\nexo\vendor\laravel\framework\src\Illuminate\Foundation\Http\Middleware\InvokeDeferredCallbacks.php(22): Illuminate\Pipeline\Pipeline-&gt;{closure:{closure:Illuminate\Pipeline\Pipeline::carry():194}:195}()
#40 E:\Chamba\Auspac\Nexo\nexo\vendor\laravel\framework\src\Illuminate\Pipeline\Pipeline.php(219): Illuminate\Foundation\Http\Middleware\InvokeDeferredCallbacks-&gt;handle()
#41 E:\Chamba\Auspac\Nexo\nexo\vendor\laravel\framework\src\Illuminate\Http\Middleware\ValidatePathEncoding.php(28): Illuminate\Pipeline\Pipeline-&gt;{closure:{closure:Illuminate\Pipeline\Pipeline::carry():194}:195}()
#42 E:\Chamba\Auspac\Nexo\nexo\vendor\laravel\framework\src\Illuminate\Pipeline\Pipeline.php(219): Illuminate\Http\Middleware\ValidatePathEncoding-&gt;handle()
#43 E:\Chamba\Auspac\Nexo\nexo\vendor\laravel\framework\src\Illuminate\Pipeline\Pipeline.php(137): Illuminate\Pipeline\Pipeline-&gt;{closure:{closure:Illuminate\Pipeline\Pipeline::carry():194}:195}()
#44 E:\Chamba\Auspac\Nexo\nexo\vendor\laravel\framework\src\Illuminate\Foundation\Http\Kernel.php(175): Illuminate\Pipeline\Pipeline-&gt;then()
#45 E:\Chamba\Auspac\Nexo\nexo\vendor\laravel\framework\src\Illuminate\Foundation\Http\Kernel.php(144): Illuminate\Foundation\Http\Kernel-&gt;sendRequestThroughRouter()
#46 E:\Chamba\Auspac\Nexo\nexo\vendor\laravel\framework\src\Illuminate\Foundation\Testing\Concerns\MakesHttpRequests.php(607): Illuminate\Foundation\Http\Kernel-&gt;handle()
#47 E:\Chamba\Auspac\Nexo\nexo\vendor\laravel\framework\src\Illuminate\Foundation\Testing\Concerns\MakesHttpRequests.php(573): Illuminate\Foundation\Testing\TestCase-&gt;call()
#48 E:\Chamba\Auspac\Nexo\nexo\vendor\laravel\framework\src\Illuminate\Foundation\Testing\Concerns\MakesHttpRequests.php(411): Illuminate\Foundation\Testing\TestCase-&gt;json()
#49 E:\Chamba\Auspac\Nexo\nexo\tests\Feature\Organization\OrganizationStoreTest.php(73): Illuminate\Foundation\Testing\TestCase-&gt;postJson()
#50 E:\Chamba\Auspac\Nexo\nexo\vendor\phpunit\phpunit\src\Framework\TestCase.php(1314): Tests\Feature\Organization\OrganizationStoreTest-&gt;test_fails_when_name_is_missing()
#51 E:\Chamba\Auspac\Nexo\nexo\vendor\phpunit\phpunit\src\Framework\TestCase.php(1351): PHPUnit\Framework\TestCase-&gt;invokeTestMethod()
#52 E:\Chamba\Auspac\Nexo\nexo\vendor\phpunit\phpunit\src\Framework\TestCase.php(521): PHPUnit\Framework\TestCase-&gt;runTest()
#53 E:\Chamba\Auspac\Nexo\nexo\vendor\phpunit\phpunit\src\Framework\TestRunner\TestRunner.php(99): PHPUnit\Framework\TestCase-&gt;runBare()
#54 E:\Chamba\Auspac\Nexo\nexo\vendor\phpunit\phpunit\src\Framework\TestCase.php(361): PHPUnit\Framework\TestRunner-&gt;run()
#55 E:\Chamba\Auspac\Nexo\nexo\vendor\phpunit\phpunit\src\Framework\TestSuite.php(374): PHPUnit\Framework\TestCase-&gt;run()
#56 E:\Chamba\Auspac\Nexo\nexo\vendor\phpunit\phpunit\src\TextUI\TestRunner.php(64): PHPUnit\Framework\TestSuite-&gt;run()
#57 E:\Chamba\Auspac\Nexo\nexo\vendor\phpunit\phpunit\src\TextUI\Application.php(229): PHPUnit\TextUI\TestRunner-&gt;run()
#58 E:\Chamba\Auspac\Nexo\nexo\vendor\phpunit\phpunit\phpunit(104): PHPUnit\TextUI\Application-&gt;run()
#59 {main}

----------------------------------------------------------------------------------

Target class [App\Modules\Organization\Service\OrganizationService] does not exist.
&#13;
E:\Chamba\Auspac\Nexo\nexo\vendor\laravel\framework\src\Illuminate\Testing\TestResponseAssert.php:45
E:\Chamba\Auspac\Nexo\nexo\vendor\laravel\framework\src\Illuminate\Testing\TestResponse.php:176
E:\Chamba\Auspac\Nexo\nexo\tests\Feature\Organization\OrganizationStoreTest.php:75</failure>
    </testcase>
    <testcase name="test_fails_when_name_is_too_short" file="E:\Chamba\Auspac\Nexo\nexo\tests\Feature\Organization\OrganizationStoreTest.php" line="80" class="Tests\Feature\Organization\OrganizationStoreTest" classname="Tests.Feature.Organization.OrganizationStoreTest" assertions="1" time="0.016417">
      <failure type="PHPUnit\Framework\ExpectationFailedException">Tests\Feature\Organization\OrganizationStoreTest::test_fails_when_name_is_too_short&#13;
Expected response status code [422] but received 500.
Failed asserting that 500 is identical to 422.&#13;
&#13;
The following exception occurred during the last request:

ReflectionException: Class "App\Modules\Organization\Service\OrganizationService" does not exist in E:\Chamba\Auspac\Nexo\nexo\vendor\laravel\framework\src\Illuminate\Container\Container.php:1125
Stack trace:
#0 E:\Chamba\Auspac\Nexo\nexo\vendor\laravel\framework\src\Illuminate\Container\Container.php(1125): ReflectionClass-&gt;__construct()
#1 E:\Chamba\Auspac\Nexo\nexo\vendor\laravel\framework\src\Illuminate\Container\Container.php(936): Illuminate\Container\Container-&gt;build()
#2 E:\Chamba\Auspac\Nexo\nexo\vendor\laravel\framework\src\Illuminate\Foundation\Application.php(1078): Illuminate\Container\Container-&gt;resolve()
#3 E:\Chamba\Auspac\Nexo\nexo\vendor\laravel\framework\src\Illuminate\Container\Container.php(864): Illuminate\Foundation\Application-&gt;resolve()
#4 E:\Chamba\Auspac\Nexo\nexo\vendor\laravel\framework\src\Illuminate\Foundation\Application.php(1058): Illuminate\Container\Container-&gt;make()
#5 E:\Chamba\Auspac\Nexo\nexo\vendor\laravel\framework\src\Illuminate\Container\Container.php(1339): Illuminate\Foundation\Application-&gt;make()
#6 E:\Chamba\Auspac\Nexo\nexo\vendor\laravel\framework\src\Illuminate\Container\Container.php(1240): Illuminate\Container\Container-&gt;resolveClass()
#7 E:\Chamba\Auspac\Nexo\nexo\vendor\laravel\framework\src\Illuminate\Container\Container.php(1165): Illuminate\Container\Container-&gt;resolveDependencies()
#8 E:\Chamba\Auspac\Nexo\nexo\vendor\laravel\framework\src\Illuminate\Container\Container.php(936): Illuminate\Container\Container-&gt;build()
#9 E:\Chamba\Auspac\Nexo\nexo\vendor\laravel\framework\src\Illuminate\Foundation\Application.php(1078): Illuminate\Container\Container-&gt;resolve()
#10 E:\Chamba\Auspac\Nexo\nexo\vendor\laravel\framework\src\Illuminate\Container\Container.php(864): Illuminate\Foundation\Application-&gt;resolve()
#11 E:\Chamba\Auspac\Nexo\nexo\vendor\laravel\framework\src\Illuminate\Foundation\Application.php(1058): Illuminate\Container\Container-&gt;make()
#12 E:\Chamba\Auspac\Nexo\nexo\vendor\laravel\framework\src\Illuminate\Routing\Route.php(290): Illuminate\Foundation\Application-&gt;make()
#13 E:\Chamba\Auspac\Nexo\nexo\vendor\laravel\framework\src\Illuminate\Routing\Route.php(270): Illuminate\Routing\Route-&gt;getController()
#14 E:\Chamba\Auspac\Nexo\nexo\vendor\laravel\framework\src\Illuminate\Routing\Route.php(215): Illuminate\Routing\Route-&gt;runController()
#15 E:\Chamba\Auspac\Nexo\nexo\vendor\laravel\framework\src\Illuminate\Routing\Router.php(822): Illuminate\Routing\Route-&gt;run()
#16 E:\Chamba\Auspac\Nexo\nexo\vendor\laravel\framework\src\Illuminate\Pipeline\Pipeline.php(180): Illuminate\Routing\Router-&gt;{closure:Illuminate\Routing\Router::runRouteWithinStack():821}()
#17 E:\Chamba\Auspac\Nexo\nexo\vendor\laravel\framework\src\Illuminate\Routing\Middleware\SubstituteBindings.php(52): Illuminate\Pipeline\Pipeline-&gt;{closure:Illuminate\Pipeline\Pipeline::prepareDestination():178}()
#18 E:\Chamba\Auspac\Nexo\nexo\vendor\laravel\framework\src\Illuminate\Pipeline\Pipeline.php(219): Illuminate\Routing\Middleware\SubstituteBindings-&gt;handle()
#19 E:\Chamba\Auspac\Nexo\nexo\vendor\laravel\framework\src\Illuminate\Pipeline\Pipeline.php(137): Illuminate\Pipeline\Pipeline-&gt;{closure:{closure:Illuminate\Pipeline\Pipeline::carry():194}:195}()
#20 E:\Chamba\Auspac\Nexo\nexo\vendor\laravel\framework\src\Illuminate\Routing\Router.php(821): Illuminate\Pipeline\Pipeline-&gt;then()
#21 E:\Chamba\Auspac\Nexo\nexo\vendor\laravel\framework\src\Illuminate\Routing\Router.php(800): Illuminate\Routing\Router-&gt;runRouteWithinStack()
#22 E:\Chamba\Auspac\Nexo\nexo\vendor\laravel\framework\src\Illuminate\Routing\Router.php(764): Illuminate\Routing\Router-&gt;runRoute()
#23 E:\Chamba\Auspac\Nexo\nexo\vendor\laravel\framework\src\Illuminate\Routing\Router.php(753): Illuminate\Routing\Router-&gt;dispatchToRoute()
#24 E:\Chamba\Auspac\Nexo\nexo\vendor\laravel\framework\src\Illuminate\Foundation\Http\Kernel.php(200): Illuminate\Routing\Router-&gt;dispatch()
#25 E:\Chamba\Auspac\Nexo\nexo\vendor\laravel\framework\src\Illuminate\Pipeline\Pipeline.php(180): Illuminate\Foundation\Http\Kernel-&gt;{closure:Illuminate\Foundation\Http\Kernel::dispatchToRouter():197}()
#26 E:\Chamba\Auspac\Nexo\nexo\vendor\laravel\framework\src\Illuminate\Foundation\Http\Middleware\TransformsRequest.php(21): Illuminate\Pipeline\Pipeline-&gt;{closure:Illuminate\Pipeline\Pipeline::prepareDestination():178}()
#27 E:\Chamba\Auspac\Nexo\nexo\vendor\laravel\framework\src\Illuminate\Foundation\Http\Middleware\ConvertEmptyStringsToNull.php(31): Illuminate\Foundation\Http\Middleware\TransformsRequest-&gt;handle()
#28 E:\Chamba\Auspac\Nexo\nexo\vendor\laravel\framework\src\Illuminate\Pipeline\Pipeline.php(219): Illuminate\Foundation\Http\Middleware\ConvertEmptyStringsToNull-&gt;handle()
#29 E:\Chamba\Auspac\Nexo\nexo\vendor\laravel\framework\src\Illuminate\Foundation\Http\Middleware\TransformsRequest.php(21): Illuminate\Pipeline\Pipeline-&gt;{closure:{closure:Illuminate\Pipeline\Pipeline::carry():194}:195}()
#30 E:\Chamba\Auspac\Nexo\nexo\vendor\laravel\framework\src\Illuminate\Foundation\Http\Middleware\TrimStrings.php(51): Illuminate\Foundation\Http\Middleware\TransformsRequest-&gt;handle()
#31 E:\Chamba\Auspac\Nexo\nexo\vendor\laravel\framework\src\Illuminate\Pipeline\Pipeline.php(219): Illuminate\Foundation\Http\Middleware\TrimStrings-&gt;handle()
#32 E:\Chamba\Auspac\Nexo\nexo\vendor\laravel\framework\src\Illuminate\Http\Middleware\ValidatePostSize.php(27): Illuminate\Pipeline\Pipeline-&gt;{closure:{closure:Illuminate\Pipeline\Pipeline::carry():194}:195}()
#33 E:\Chamba\Auspac\Nexo\nexo\vendor\laravel\framework\src\Illuminate\Pipeline\Pipeline.php(219): Illuminate\Http\Middleware\ValidatePostSize-&gt;handle()
#34 E:\Chamba\Auspac\Nexo\nexo\vendor\laravel\framework\src\Illuminate\Foundation\Http\Middleware\PreventRequestsDuringMaintenance.php(109): Illuminate\Pipeline\Pipeline-&gt;{closure:{closure:Illuminate\Pipeline\Pipeline::carry():194}:195}()
#35 E:\Chamba\Auspac\Nexo\nexo\vendor\laravel\framework\src\Illuminate\Pipeline\Pipeline.php(219): Illuminate\Foundation\Http\Middleware\PreventRequestsDuringMaintenance-&gt;handle()
#36 E:\Chamba\Auspac\Nexo\nexo\vendor\laravel\framework\src\Illuminate\Http\Middleware\HandleCors.php(74): Illuminate\Pipeline\Pipeline-&gt;{closure:{closure:Illuminate\Pipeline\Pipeline::carry():194}:195}()
#37 E:\Chamba\Auspac\Nexo\nexo\vendor\laravel\framework\src\Illuminate\Pipeline\Pipeline.php(219): Illuminate\Http\Middleware\HandleCors-&gt;handle()
#38 E:\Chamba\Auspac\Nexo\nexo\vendor\laravel\framework\src\Illuminate\Http\Middleware\TrustProxies.php(58): Illuminate\Pipeline\Pipeline-&gt;{closure:{closure:Illuminate\Pipeline\Pipeline::carry():194}:195}()
#39 E:\Chamba\Auspac\Nexo\nexo\vendor\laravel\framework\src\Illuminate\Pipeline\Pipeline.php(219): Illuminate\Http\Middleware\TrustProxies-&gt;handle()
#40 E:\Chamba\Auspac\Nexo\nexo\vendor\laravel\framework\src\Illuminate\Foundation\Http\Middleware\InvokeDeferredCallbacks.php(22): Illuminate\Pipeline\Pipeline-&gt;{closure:{closure:Illuminate\Pipeline\Pipeline::carry():194}:195}()
#41 E:\Chamba\Auspac\Nexo\nexo\vendor\laravel\framework\src\Illuminate\Pipeline\Pipeline.php(219): Illuminate\Foundation\Http\Middleware\InvokeDeferredCallbacks-&gt;handle()
#42 E:\Chamba\Auspac\Nexo\nexo\vendor\laravel\framework\src\Illuminate\Http\Middleware\ValidatePathEncoding.php(28): Illuminate\Pipeline\Pipeline-&gt;{closure:{closure:Illuminate\Pipeline\Pipeline::carry():194}:195}()
#43 E:\Chamba\Auspac\Nexo\nexo\vendor\laravel\framework\src\Illuminate\Pipeline\Pipeline.php(219): Illuminate\Http\Middleware\ValidatePathEncoding-&gt;handle()
#44 E:\Chamba\Auspac\Nexo\nexo\vendor\laravel\framework\src\Illuminate\Pipeline\Pipeline.php(137): Illuminate\Pipeline\Pipeline-&gt;{closure:{closure:Illuminate\Pipeline\Pipeline::carry():194}:195}()
#45 E:\Chamba\Auspac\Nexo\nexo\vendor\laravel\framework\src\Illuminate\Foundation\Http\Kernel.php(175): Illuminate\Pipeline\Pipeline-&gt;then()
#46 E:\Chamba\Auspac\Nexo\nexo\vendor\laravel\framework\src\Illuminate\Foundation\Http\Kernel.php(144): Illuminate\Foundation\Http\Kernel-&gt;sendRequestThroughRouter()
#47 E:\Chamba\Auspac\Nexo\nexo\vendor\laravel\framework\src\Illuminate\Foundation\Testing\Concerns\MakesHttpRequests.php(607): Illuminate\Foundation\Http\Kernel-&gt;handle()
#48 E:\Chamba\Auspac\Nexo\nexo\vendor\laravel\framework\src\Illuminate\Foundation\Testing\Concerns\MakesHttpRequests.php(573): Illuminate\Foundation\Testing\TestCase-&gt;call()
#49 E:\Chamba\Auspac\Nexo\nexo\vendor\laravel\framework\src\Illuminate\Foundation\Testing\Concerns\MakesHttpRequests.php(411): Illuminate\Foundation\Testing\TestCase-&gt;json()
#50 E:\Chamba\Auspac\Nexo\nexo\tests\Feature\Organization\OrganizationStoreTest.php(82): Illuminate\Foundation\Testing\TestCase-&gt;postJson()
#51 E:\Chamba\Auspac\Nexo\nexo\vendor\phpunit\phpunit\src\Framework\TestCase.php(1314): Tests\Feature\Organization\OrganizationStoreTest-&gt;test_fails_when_name_is_too_short()
#52 E:\Chamba\Auspac\Nexo\nexo\vendor\phpunit\phpunit\src\Framework\TestCase.php(1351): PHPUnit\Framework\TestCase-&gt;invokeTestMethod()
#53 E:\Chamba\Auspac\Nexo\nexo\vendor\phpunit\phpunit\src\Framework\TestCase.php(521): PHPUnit\Framework\TestCase-&gt;runTest()
#54 E:\Chamba\Auspac\Nexo\nexo\vendor\phpunit\phpunit\src\Framework\TestRunner\TestRunner.php(99): PHPUnit\Framework\TestCase-&gt;runBare()
#55 E:\Chamba\Auspac\Nexo\nexo\vendor\phpunit\phpunit\src\Framework\TestCase.php(361): PHPUnit\Framework\TestRunner-&gt;run()
#56 E:\Chamba\Auspac\Nexo\nexo\vendor\phpunit\phpunit\src\Framework\TestSuite.php(374): PHPUnit\Framework\TestCase-&gt;run()
#57 E:\Chamba\Auspac\Nexo\nexo\vendor\phpunit\phpunit\src\TextUI\TestRunner.php(64): PHPUnit\Framework\TestSuite-&gt;run()
#58 E:\Chamba\Auspac\Nexo\nexo\vendor\phpunit\phpunit\src\TextUI\Application.php(229): PHPUnit\TextUI\TestRunner-&gt;run()
#59 E:\Chamba\Auspac\Nexo\nexo\vendor\phpunit\phpunit\phpunit(104): PHPUnit\TextUI\Application-&gt;run()
#60 {main}

Next Illuminate\Contracts\Container\BindingResolutionException: Target class [App\Modules\Organization\Service\OrganizationService] does not exist. in E:\Chamba\Auspac\Nexo\nexo\vendor\laravel\framework\src\Illuminate\Container\Container.php:1127
Stack trace:
#0 E:\Chamba\Auspac\Nexo\nexo\vendor\laravel\framework\src\Illuminate\Container\Container.php(936): Illuminate\Container\Container-&gt;build()
#1 E:\Chamba\Auspac\Nexo\nexo\vendor\laravel\framework\src\Illuminate\Foundation\Application.php(1078): Illuminate\Container\Container-&gt;resolve()
#2 E:\Chamba\Auspac\Nexo\nexo\vendor\laravel\framework\src\Illuminate\Container\Container.php(864): Illuminate\Foundation\Application-&gt;resolve()
#3 E:\Chamba\Auspac\Nexo\nexo\vendor\laravel\framework\src\Illuminate\Foundation\Application.php(1058): Illuminate\Container\Container-&gt;make()
#4 E:\Chamba\Auspac\Nexo\nexo\vendor\laravel\framework\src\Illuminate\Container\Container.php(1339): Illuminate\Foundation\Application-&gt;make()
#5 E:\Chamba\Auspac\Nexo\nexo\vendor\laravel\framework\src\Illuminate\Container\Container.php(1240): Illuminate\Container\Container-&gt;resolveClass()
#6 E:\Chamba\Auspac\Nexo\nexo\vendor\laravel\framework\src\Illuminate\Container\Container.php(1165): Illuminate\Container\Container-&gt;resolveDependencies()
#7 E:\Chamba\Auspac\Nexo\nexo\vendor\laravel\framework\src\Illuminate\Container\Container.php(936): Illuminate\Container\Container-&gt;build()
#8 E:\Chamba\Auspac\Nexo\nexo\vendor\laravel\framework\src\Illuminate\Foundation\Application.php(1078): Illuminate\Container\Container-&gt;resolve()
#9 E:\Chamba\Auspac\Nexo\nexo\vendor\laravel\framework\src\Illuminate\Container\Container.php(864): Illuminate\Foundation\Application-&gt;resolve()
#10 E:\Chamba\Auspac\Nexo\nexo\vendor\laravel\framework\src\Illuminate\Foundation\Application.php(1058): Illuminate\Container\Container-&gt;make()
#11 E:\Chamba\Auspac\Nexo\nexo\vendor\laravel\framework\src\Illuminate\Routing\Route.php(290): Illuminate\Foundation\Application-&gt;make()
#12 E:\Chamba\Auspac\Nexo\nexo\vendor\laravel\framework\src\Illuminate\Routing\Route.php(270): Illuminate\Routing\Route-&gt;getController()
#13 E:\Chamba\Auspac\Nexo\nexo\vendor\laravel\framework\src\Illuminate\Routing\Route.php(215): Illuminate\Routing\Route-&gt;runController()
#14 E:\Chamba\Auspac\Nexo\nexo\vendor\laravel\framework\src\Illuminate\Routing\Router.php(822): Illuminate\Routing\Route-&gt;run()
#15 E:\Chamba\Auspac\Nexo\nexo\vendor\laravel\framework\src\Illuminate\Pipeline\Pipeline.php(180): Illuminate\Routing\Router-&gt;{closure:Illuminate\Routing\Router::runRouteWithinStack():821}()
#16 E:\Chamba\Auspac\Nexo\nexo\vendor\laravel\framework\src\Illuminate\Routing\Middleware\SubstituteBindings.php(52): Illuminate\Pipeline\Pipeline-&gt;{closure:Illuminate\Pipeline\Pipeline::prepareDestination():178}()
#17 E:\Chamba\Auspac\Nexo\nexo\vendor\laravel\framework\src\Illuminate\Pipeline\Pipeline.php(219): Illuminate\Routing\Middleware\SubstituteBindings-&gt;handle()
#18 E:\Chamba\Auspac\Nexo\nexo\vendor\laravel\framework\src\Illuminate\Pipeline\Pipeline.php(137): Illuminate\Pipeline\Pipeline-&gt;{closure:{closure:Illuminate\Pipeline\Pipeline::carry():194}:195}()
#19 E:\Chamba\Auspac\Nexo\nexo\vendor\laravel\framework\src\Illuminate\Routing\Router.php(821): Illuminate\Pipeline\Pipeline-&gt;then()
#20 E:\Chamba\Auspac\Nexo\nexo\vendor\laravel\framework\src\Illuminate\Routing\Router.php(800): Illuminate\Routing\Router-&gt;runRouteWithinStack()
#21 E:\Chamba\Auspac\Nexo\nexo\vendor\laravel\framework\src\Illuminate\Routing\Router.php(764): Illuminate\Routing\Router-&gt;runRoute()
#22 E:\Chamba\Auspac\Nexo\nexo\vendor\laravel\framework\src\Illuminate\Routing\Router.php(753): Illuminate\Routing\Router-&gt;dispatchToRoute()
#23 E:\Chamba\Auspac\Nexo\nexo\vendor\laravel\framework\src\Illuminate\Foundation\Http\Kernel.php(200): Illuminate\Routing\Router-&gt;dispatch()
#24 E:\Chamba\Auspac\Nexo\nexo\vendor\laravel\framework\src\Illuminate\Pipeline\Pipeline.php(180): Illuminate\Foundation\Http\Kernel-&gt;{closure:Illuminate\Foundation\Http\Kernel::dispatchToRouter():197}()
#25 E:\Chamba\Auspac\Nexo\nexo\vendor\laravel\framework\src\Illuminate\Foundation\Http\Middleware\TransformsRequest.php(21): Illuminate\Pipeline\Pipeline-&gt;{closure:Illuminate\Pipeline\Pipeline::prepareDestination():178}()
#26 E:\Chamba\Auspac\Nexo\nexo\vendor\laravel\framework\src\Illuminate\Foundation\Http\Middleware\ConvertEmptyStringsToNull.php(31): Illuminate\Foundation\Http\Middleware\TransformsRequest-&gt;handle()
#27 E:\Chamba\Auspac\Nexo\nexo\vendor\laravel\framework\src\Illuminate\Pipeline\Pipeline.php(219): Illuminate\Foundation\Http\Middleware\ConvertEmptyStringsToNull-&gt;handle()
#28 E:\Chamba\Auspac\Nexo\nexo\vendor\laravel\framework\src\Illuminate\Foundation\Http\Middleware\TransformsRequest.php(21): Illuminate\Pipeline\Pipeline-&gt;{closure:{closure:Illuminate\Pipeline\Pipeline::carry():194}:195}()
#29 E:\Chamba\Auspac\Nexo\nexo\vendor\laravel\framework\src\Illuminate\Foundation\Http\Middleware\TrimStrings.php(51): Illuminate\Foundation\Http\Middleware\TransformsRequest-&gt;handle()
#30 E:\Chamba\Auspac\Nexo\nexo\vendor\laravel\framework\src\Illuminate\Pipeline\Pipeline.php(219): Illuminate\Foundation\Http\Middleware\TrimStrings-&gt;handle()
#31 E:\Chamba\Auspac\Nexo\nexo\vendor\laravel\framework\src\Illuminate\Http\Middleware\ValidatePostSize.php(27): Illuminate\Pipeline\Pipeline-&gt;{closure:{closure:Illuminate\Pipeline\Pipeline::carry():194}:195}()
#32 E:\Chamba\Auspac\Nexo\nexo\vendor\laravel\framework\src\Illuminate\Pipeline\Pipeline.php(219): Illuminate\Http\Middleware\ValidatePostSize-&gt;handle()
#33 E:\Chamba\Auspac\Nexo\nexo\vendor\laravel\framework\src\Illuminate\Foundation\Http\Middleware\PreventRequestsDuringMaintenance.php(109): Illuminate\Pipeline\Pipeline-&gt;{closure:{closure:Illuminate\Pipeline\Pipeline::carry():194}:195}()
#34 E:\Chamba\Auspac\Nexo\nexo\vendor\laravel\framework\src\Illuminate\Pipeline\Pipeline.php(219): Illuminate\Foundation\Http\Middleware\PreventRequestsDuringMaintenance-&gt;handle()
#35 E:\Chamba\Auspac\Nexo\nexo\vendor\laravel\framework\src\Illuminate\Http\Middleware\HandleCors.php(74): Illuminate\Pipeline\Pipeline-&gt;{closure:{closure:Illuminate\Pipeline\Pipeline::carry():194}:195}()
#36 E:\Chamba\Auspac\Nexo\nexo\vendor\laravel\framework\src\Illuminate\Pipeline\Pipeline.php(219): Illuminate\Http\Middleware\HandleCors-&gt;handle()
#37 E:\Chamba\Auspac\Nexo\nexo\vendor\laravel\framework\src\Illuminate\Http\Middleware\TrustProxies.php(58): Illuminate\Pipeline\Pipeline-&gt;{closure:{closure:Illuminate\Pipeline\Pipeline::carry():194}:195}()
#38 E:\Chamba\Auspac\Nexo\nexo\vendor\laravel\framework\src\Illuminate\Pipeline\Pipeline.php(219): Illuminate\Http\Middleware\TrustProxies-&gt;handle()
#39 E:\Chamba\Auspac\Nexo\nexo\vendor\laravel\framework\src\Illuminate\Foundation\Http\Middleware\InvokeDeferredCallbacks.php(22): Illuminate\Pipeline\Pipeline-&gt;{closure:{closure:Illuminate\Pipeline\Pipeline::carry():194}:195}()
#40 E:\Chamba\Auspac\Nexo\nexo\vendor\laravel\framework\src\Illuminate\Pipeline\Pipeline.php(219): Illuminate\Foundation\Http\Middleware\InvokeDeferredCallbacks-&gt;handle()
#41 E:\Chamba\Auspac\Nexo\nexo\vendor\laravel\framework\src\Illuminate\Http\Middleware\ValidatePathEncoding.php(28): Illuminate\Pipeline\Pipeline-&gt;{closure:{closure:Illuminate\Pipeline\Pipeline::carry():194}:195}()
#42 E:\Chamba\Auspac\Nexo\nexo\vendor\laravel\framework\src\Illuminate\Pipeline\Pipeline.php(219): Illuminate\Http\Middleware\ValidatePathEncoding-&gt;handle()
#43 E:\Chamba\Auspac\Nexo\nexo\vendor\laravel\framework\src\Illuminate\Pipeline\Pipeline.php(137): Illuminate\Pipeline\Pipeline-&gt;{closure:{closure:Illuminate\Pipeline\Pipeline::carry():194}:195}()
#44 E:\Chamba\Auspac\Nexo\nexo\vendor\laravel\framework\src\Illuminate\Foundation\Http\Kernel.php(175): Illuminate\Pipeline\Pipeline-&gt;then()
#45 E:\Chamba\Auspac\Nexo\nexo\vendor\laravel\framework\src\Illuminate\Foundation\Http\Kernel.php(144): Illuminate\Foundation\Http\Kernel-&gt;sendRequestThroughRouter()
#46 E:\Chamba\Auspac\Nexo\nexo\vendor\laravel\framework\src\Illuminate\Foundation\Testing\Concerns\MakesHttpRequests.php(607): Illuminate\Foundation\Http\Kernel-&gt;handle()
#47 E:\Chamba\Auspac\Nexo\nexo\vendor\laravel\framework\src\Illuminate\Foundation\Testing\Concerns\MakesHttpRequests.php(573): Illuminate\Foundation\Testing\TestCase-&gt;call()
#48 E:\Chamba\Auspac\Nexo\nexo\vendor\laravel\framework\src\Illuminate\Foundation\Testing\Concerns\MakesHttpRequests.php(411): Illuminate\Foundation\Testing\TestCase-&gt;json()
#49 E:\Chamba\Auspac\Nexo\nexo\tests\Feature\Organization\OrganizationStoreTest.php(82): Illuminate\Foundation\Testing\TestCase-&gt;postJson()
#50 E:\Chamba\Auspac\Nexo\nexo\vendor\phpunit\phpunit\src\Framework\TestCase.php(1314): Tests\Feature\Organization\OrganizationStoreTest-&gt;test_fails_when_name_is_too_short()
#51 E:\Chamba\Auspac\Nexo\nexo\vendor\phpunit\phpunit\src\Framework\TestCase.php(1351): PHPUnit\Framework\TestCase-&gt;invokeTestMethod()
#52 E:\Chamba\Auspac\Nexo\nexo\vendor\phpunit\phpunit\src\Framework\TestCase.php(521): PHPUnit\Framework\TestCase-&gt;runTest()
#53 E:\Chamba\Auspac\Nexo\nexo\vendor\phpunit\phpunit\src\Framework\TestRunner\TestRunner.php(99): PHPUnit\Framework\TestCase-&gt;runBare()
#54 E:\Chamba\Auspac\Nexo\nexo\vendor\phpunit\phpunit\src\Framework\TestCase.php(361): PHPUnit\Framework\TestRunner-&gt;run()
#55 E:\Chamba\Auspac\Nexo\nexo\vendor\phpunit\phpunit\src\Framework\TestSuite.php(374): PHPUnit\Framework\TestCase-&gt;run()
#56 E:\Chamba\Auspac\Nexo\nexo\vendor\phpunit\phpunit\src\TextUI\TestRunner.php(64): PHPUnit\Framework\TestSuite-&gt;run()
#57 E:\Chamba\Auspac\Nexo\nexo\vendor\phpunit\phpunit\src\TextUI\Application.php(229): PHPUnit\TextUI\TestRunner-&gt;run()
#58 E:\Chamba\Auspac\Nexo\nexo\vendor\phpunit\phpunit\phpunit(104): PHPUnit\TextUI\Application-&gt;run()
#59 {main}

----------------------------------------------------------------------------------

Target class [App\Modules\Organization\Service\OrganizationService] does not exist.
&#13;
E:\Chamba\Auspac\Nexo\nexo\vendor\laravel\framework\src\Illuminate\Testing\TestResponseAssert.php:45
E:\Chamba\Auspac\Nexo\nexo\vendor\laravel\framework\src\Illuminate\Testing\TestResponse.php:176
E:\Chamba\Auspac\Nexo\nexo\tests\Feature\Organization\OrganizationStoreTest.php:84</failure>
    </testcase>
    <testcase name="test_fails_when_name_is_too_long" file="E:\Chamba\Auspac\Nexo\nexo\tests\Feature\Organization\OrganizationStoreTest.php" line="89" class="Tests\Feature\Organization\OrganizationStoreTest" classname="Tests.Feature.Organization.OrganizationStoreTest" assertions="1" time="0.015038">
      <failure type="PHPUnit\Framework\ExpectationFailedException">Tests\Feature\Organization\OrganizationStoreTest::test_fails_when_name_is_too_long&#13;
Expected response status code [422] but received 500.
Failed asserting that 500 is identical to 422.&#13;
&#13;
The following exception occurred during the last request:

ReflectionException: Class "App\Modules\Organization\Service\OrganizationService" does not exist in E:\Chamba\Auspac\Nexo\nexo\vendor\laravel\framework\src\Illuminate\Container\Container.php:1125
Stack trace:
#0 E:\Chamba\Auspac\Nexo\nexo\vendor\laravel\framework\src\Illuminate\Container\Container.php(1125): ReflectionClass-&gt;__construct()
#1 E:\Chamba\Auspac\Nexo\nexo\vendor\laravel\framework\src\Illuminate\Container\Container.php(936): Illuminate\Container\Container-&gt;build()
#2 E:\Chamba\Auspac\Nexo\nexo\vendor\laravel\framework\src\Illuminate\Foundation\Application.php(1078): Illuminate\Container\Container-&gt;resolve()
#3 E:\Chamba\Auspac\Nexo\nexo\vendor\laravel\framework\src\Illuminate\Container\Container.php(864): Illuminate\Foundation\Application-&gt;resolve()
#4 E:\Chamba\Auspac\Nexo\nexo\vendor\laravel\framework\src\Illuminate\Foundation\Application.php(1058): Illuminate\Container\Container-&gt;make()
#5 E:\Chamba\Auspac\Nexo\nexo\vendor\laravel\framework\src\Illuminate\Container\Container.php(1339): Illuminate\Foundation\Application-&gt;make()
#6 E:\Chamba\Auspac\Nexo\nexo\vendor\laravel\framework\src\Illuminate\Container\Container.php(1240): Illuminate\Container\Container-&gt;resolveClass()
#7 E:\Chamba\Auspac\Nexo\nexo\vendor\laravel\framework\src\Illuminate\Container\Container.php(1165): Illuminate\Container\Container-&gt;resolveDependencies()
#8 E:\Chamba\Auspac\Nexo\nexo\vendor\laravel\framework\src\Illuminate\Container\Container.php(936): Illuminate\Container\Container-&gt;build()
#9 E:\Chamba\Auspac\Nexo\nexo\vendor\laravel\framework\src\Illuminate\Foundation\Application.php(1078): Illuminate\Container\Container-&gt;resolve()
#10 E:\Chamba\Auspac\Nexo\nexo\vendor\laravel\framework\src\Illuminate\Container\Container.php(864): Illuminate\Foundation\Application-&gt;resolve()
#11 E:\Chamba\Auspac\Nexo\nexo\vendor\laravel\framework\src\Illuminate\Foundation\Application.php(1058): Illuminate\Container\Container-&gt;make()
#12 E:\Chamba\Auspac\Nexo\nexo\vendor\laravel\framework\src\Illuminate\Routing\Route.php(290): Illuminate\Foundation\Application-&gt;make()
#13 E:\Chamba\Auspac\Nexo\nexo\vendor\laravel\framework\src\Illuminate\Routing\Route.php(270): Illuminate\Routing\Route-&gt;getController()
#14 E:\Chamba\Auspac\Nexo\nexo\vendor\laravel\framework\src\Illuminate\Routing\Route.php(215): Illuminate\Routing\Route-&gt;runController()
#15 E:\Chamba\Auspac\Nexo\nexo\vendor\laravel\framework\src\Illuminate\Routing\Router.php(822): Illuminate\Routing\Route-&gt;run()
#16 E:\Chamba\Auspac\Nexo\nexo\vendor\laravel\framework\src\Illuminate\Pipeline\Pipeline.php(180): Illuminate\Routing\Router-&gt;{closure:Illuminate\Routing\Router::runRouteWithinStack():821}()
#17 E:\Chamba\Auspac\Nexo\nexo\vendor\laravel\framework\src\Illuminate\Routing\Middleware\SubstituteBindings.php(52): Illuminate\Pipeline\Pipeline-&gt;{closure:Illuminate\Pipeline\Pipeline::prepareDestination():178}()
#18 E:\Chamba\Auspac\Nexo\nexo\vendor\laravel\framework\src\Illuminate\Pipeline\Pipeline.php(219): Illuminate\Routing\Middleware\SubstituteBindings-&gt;handle()
#19 E:\Chamba\Auspac\Nexo\nexo\vendor\laravel\framework\src\Illuminate\Pipeline\Pipeline.php(137): Illuminate\Pipeline\Pipeline-&gt;{closure:{closure:Illuminate\Pipeline\Pipeline::carry():194}:195}()
#20 E:\Chamba\Auspac\Nexo\nexo\vendor\laravel\framework\src\Illuminate\Routing\Router.php(821): Illuminate\Pipeline\Pipeline-&gt;then()
#21 E:\Chamba\Auspac\Nexo\nexo\vendor\laravel\framework\src\Illuminate\Routing\Router.php(800): Illuminate\Routing\Router-&gt;runRouteWithinStack()
#22 E:\Chamba\Auspac\Nexo\nexo\vendor\laravel\framework\src\Illuminate\Routing\Router.php(764): Illuminate\Routing\Router-&gt;runRoute()
#23 E:\Chamba\Auspac\Nexo\nexo\vendor\laravel\framework\src\Illuminate\Routing\Router.php(753): Illuminate\Routing\Router-&gt;dispatchToRoute()
#24 E:\Chamba\Auspac\Nexo\nexo\vendor\laravel\framework\src\Illuminate\Foundation\Http\Kernel.php(200): Illuminate\Routing\Router-&gt;dispatch()
#25 E:\Chamba\Auspac\Nexo\nexo\vendor\laravel\framework\src\Illuminate\Pipeline\Pipeline.php(180): Illuminate\Foundation\Http\Kernel-&gt;{closure:Illuminate\Foundation\Http\Kernel::dispatchToRouter():197}()
#26 E:\Chamba\Auspac\Nexo\nexo\vendor\laravel\framework\src\Illuminate\Foundation\Http\Middleware\TransformsRequest.php(21): Illuminate\Pipeline\Pipeline-&gt;{closure:Illuminate\Pipeline\Pipeline::prepareDestination():178}()
#27 E:\Chamba\Auspac\Nexo\nexo\vendor\laravel\framework\src\Illuminate\Foundation\Http\Middleware\ConvertEmptyStringsToNull.php(31): Illuminate\Foundation\Http\Middleware\TransformsRequest-&gt;handle()
#28 E:\Chamba\Auspac\Nexo\nexo\vendor\laravel\framework\src\Illuminate\Pipeline\Pipeline.php(219): Illuminate\Foundation\Http\Middleware\ConvertEmptyStringsToNull-&gt;handle()
#29 E:\Chamba\Auspac\Nexo\nexo\vendor\laravel\framework\src\Illuminate\Foundation\Http\Middleware\TransformsRequest.php(21): Illuminate\Pipeline\Pipeline-&gt;{closure:{closure:Illuminate\Pipeline\Pipeline::carry():194}:195}()
#30 E:\Chamba\Auspac\Nexo\nexo\vendor\laravel\framework\src\Illuminate\Foundation\Http\Middleware\TrimStrings.php(51): Illuminate\Foundation\Http\Middleware\TransformsRequest-&gt;handle()
#31 E:\Chamba\Auspac\Nexo\nexo\vendor\laravel\framework\src\Illuminate\Pipeline\Pipeline.php(219): Illuminate\Foundation\Http\Middleware\TrimStrings-&gt;handle()
#32 E:\Chamba\Auspac\Nexo\nexo\vendor\laravel\framework\src\Illuminate\Http\Middleware\ValidatePostSize.php(27): Illuminate\Pipeline\Pipeline-&gt;{closure:{closure:Illuminate\Pipeline\Pipeline::carry():194}:195}()
#33 E:\Chamba\Auspac\Nexo\nexo\vendor\laravel\framework\src\Illuminate\Pipeline\Pipeline.php(219): Illuminate\Http\Middleware\ValidatePostSize-&gt;handle()
#34 E:\Chamba\Auspac\Nexo\nexo\vendor\laravel\framework\src\Illuminate\Foundation\Http\Middleware\PreventRequestsDuringMaintenance.php(109): Illuminate\Pipeline\Pipeline-&gt;{closure:{closure:Illuminate\Pipeline\Pipeline::carry():194}:195}()
#35 E:\Chamba\Auspac\Nexo\nexo\vendor\laravel\framework\src\Illuminate\Pipeline\Pipeline.php(219): Illuminate\Foundation\Http\Middleware\PreventRequestsDuringMaintenance-&gt;handle()
#36 E:\Chamba\Auspac\Nexo\nexo\vendor\laravel\framework\src\Illuminate\Http\Middleware\HandleCors.php(74): Illuminate\Pipeline\Pipeline-&gt;{closure:{closure:Illuminate\Pipeline\Pipeline::carry():194}:195}()
#37 E:\Chamba\Auspac\Nexo\nexo\vendor\laravel\framework\src\Illuminate\Pipeline\Pipeline.php(219): Illuminate\Http\Middleware\HandleCors-&gt;handle()
#38 E:\Chamba\Auspac\Nexo\nexo\vendor\laravel\framework\src\Illuminate\Http\Middleware\TrustProxies.php(58): Illuminate\Pipeline\Pipeline-&gt;{closure:{closure:Illuminate\Pipeline\Pipeline::carry():194}:195}()
#39 E:\Chamba\Auspac\Nexo\nexo\vendor\laravel\framework\src\Illuminate\Pipeline\Pipeline.php(219): Illuminate\Http\Middleware\TrustProxies-&gt;handle()
#40 E:\Chamba\Auspac\Nexo\nexo\vendor\laravel\framework\src\Illuminate\Foundation\Http\Middleware\InvokeDeferredCallbacks.php(22): Illuminate\Pipeline\Pipeline-&gt;{closure:{closure:Illuminate\Pipeline\Pipeline::carry():194}:195}()
#41 E:\Chamba\Auspac\Nexo\nexo\vendor\laravel\framework\src\Illuminate\Pipeline\Pipeline.php(219): Illuminate\Foundation\Http\Middleware\InvokeDeferredCallbacks-&gt;handle()
#42 E:\Chamba\Auspac\Nexo\nexo\vendor\laravel\framework\src\Illuminate\Http\Middleware\ValidatePathEncoding.php(28): Illuminate\Pipeline\Pipeline-&gt;{closure:{closure:Illuminate\Pipeline\Pipeline::carry():194}:195}()
#43 E:\Chamba\Auspac\Nexo\nexo\vendor\laravel\framework\src\Illuminate\Pipeline\Pipeline.php(219): Illuminate\Http\Middleware\ValidatePathEncoding-&gt;handle()
#44 E:\Chamba\Auspac\Nexo\nexo\vendor\laravel\framework\src\Illuminate\Pipeline\Pipeline.php(137): Illuminate\Pipeline\Pipeline-&gt;{closure:{closure:Illuminate\Pipeline\Pipeline::carry():194}:195}()
#45 E:\Chamba\Auspac\Nexo\nexo\vendor\laravel\framework\src\Illuminate\Foundation\Http\Kernel.php(175): Illuminate\Pipeline\Pipeline-&gt;then()
#46 E:\Chamba\Auspac\Nexo\nexo\vendor\laravel\framework\src\Illuminate\Foundation\Http\Kernel.php(144): Illuminate\Foundation\Http\Kernel-&gt;sendRequestThroughRouter()
#47 E:\Chamba\Auspac\Nexo\nexo\vendor\laravel\framework\src\Illuminate\Foundation\Testing\Concerns\MakesHttpRequests.php(607): Illuminate\Foundation\Http\Kernel-&gt;handle()
#48 E:\Chamba\Auspac\Nexo\nexo\vendor\laravel\framework\src\Illuminate\Foundation\Testing\Concerns\MakesHttpRequests.php(573): Illuminate\Foundation\Testing\TestCase-&gt;call()
#49 E:\Chamba\Auspac\Nexo\nexo\vendor\laravel\framework\src\Illuminate\Foundation\Testing\Concerns\MakesHttpRequests.php(411): Illuminate\Foundation\Testing\TestCase-&gt;json()
#50 E:\Chamba\Auspac\Nexo\nexo\tests\Feature\Organization\OrganizationStoreTest.php(91): Illuminate\Foundation\Testing\TestCase-&gt;postJson()
#51 E:\Chamba\Auspac\Nexo\nexo\vendor\phpunit\phpunit\src\Framework\TestCase.php(1314): Tests\Feature\Organization\OrganizationStoreTest-&gt;test_fails_when_name_is_too_long()
#52 E:\Chamba\Auspac\Nexo\nexo\vendor\phpunit\phpunit\src\Framework\TestCase.php(1351): PHPUnit\Framework\TestCase-&gt;invokeTestMethod()
#53 E:\Chamba\Auspac\Nexo\nexo\vendor\phpunit\phpunit\src\Framework\TestCase.php(521): PHPUnit\Framework\TestCase-&gt;runTest()
#54 E:\Chamba\Auspac\Nexo\nexo\vendor\phpunit\phpunit\src\Framework\TestRunner\TestRunner.php(99): PHPUnit\Framework\TestCase-&gt;runBare()
#55 E:\Chamba\Auspac\Nexo\nexo\vendor\phpunit\phpunit\src\Framework\TestCase.php(361): PHPUnit\Framework\TestRunner-&gt;run()
#56 E:\Chamba\Auspac\Nexo\nexo\vendor\phpunit\phpunit\src\Framework\TestSuite.php(374): PHPUnit\Framework\TestCase-&gt;run()
#57 E:\Chamba\Auspac\Nexo\nexo\vendor\phpunit\phpunit\src\TextUI\TestRunner.php(64): PHPUnit\Framework\TestSuite-&gt;run()
#58 E:\Chamba\Auspac\Nexo\nexo\vendor\phpunit\phpunit\src\TextUI\Application.php(229): PHPUnit\TextUI\TestRunner-&gt;run()
#59 E:\Chamba\Auspac\Nexo\nexo\vendor\phpunit\phpunit\phpunit(104): PHPUnit\TextUI\Application-&gt;run()
#60 {main}

Next Illuminate\Contracts\Container\BindingResolutionException: Target class [App\Modules\Organization\Service\OrganizationService] does not exist. in E:\Chamba\Auspac\Nexo\nexo\vendor\laravel\framework\src\Illuminate\Container\Container.php:1127
Stack trace:
#0 E:\Chamba\Auspac\Nexo\nexo\vendor\laravel\framework\src\Illuminate\Container\Container.php(936): Illuminate\Container\Container-&gt;build()
#1 E:\Chamba\Auspac\Nexo\nexo\vendor\laravel\framework\src\Illuminate\Foundation\Application.php(1078): Illuminate\Container\Container-&gt;resolve()
#2 E:\Chamba\Auspac\Nexo\nexo\vendor\laravel\framework\src\Illuminate\Container\Container.php(864): Illuminate\Foundation\Application-&gt;resolve()
#3 E:\Chamba\Auspac\Nexo\nexo\vendor\laravel\framework\src\Illuminate\Foundation\Application.php(1058): Illuminate\Container\Container-&gt;make()
#4 E:\Chamba\Auspac\Nexo\nexo\vendor\laravel\framework\src\Illuminate\Container\Container.php(1339): Illuminate\Foundation\Application-&gt;make()
#5 E:\Chamba\Auspac\Nexo\nexo\vendor\laravel\framework\src\Illuminate\Container\Container.php(1240): Illuminate\Container\Container-&gt;resolveClass()
#6 E:\Chamba\Auspac\Nexo\nexo\vendor\laravel\framework\src\Illuminate\Container\Container.php(1165): Illuminate\Container\Container-&gt;resolveDependencies()
#7 E:\Chamba\Auspac\Nexo\nexo\vendor\laravel\framework\src\Illuminate\Container\Container.php(936): Illuminate\Container\Container-&gt;build()
#8 E:\Chamba\Auspac\Nexo\nexo\vendor\laravel\framework\src\Illuminate\Foundation\Application.php(1078): Illuminate\Container\Container-&gt;resolve()
#9 E:\Chamba\Auspac\Nexo\nexo\vendor\laravel\framework\src\Illuminate\Container\Container.php(864): Illuminate\Foundation\Application-&gt;resolve()
#10 E:\Chamba\Auspac\Nexo\nexo\vendor\laravel\framework\src\Illuminate\Foundation\Application.php(1058): Illuminate\Container\Container-&gt;make()
#11 E:\Chamba\Auspac\Nexo\nexo\vendor\laravel\framework\src\Illuminate\Routing\Route.php(290): Illuminate\Foundation\Application-&gt;make()
#12 E:\Chamba\Auspac\Nexo\nexo\vendor\laravel\framework\src\Illuminate\Routing\Route.php(270): Illuminate\Routing\Route-&gt;getController()
#13 E:\Chamba\Auspac\Nexo\nexo\vendor\laravel\framework\src\Illuminate\Routing\Route.php(215): Illuminate\Routing\Route-&gt;runController()
#14 E:\Chamba\Auspac\Nexo\nexo\vendor\laravel\framework\src\Illuminate\Routing\Router.php(822): Illuminate\Routing\Route-&gt;run()
#15 E:\Chamba\Auspac\Nexo\nexo\vendor\laravel\framework\src\Illuminate\Pipeline\Pipeline.php(180): Illuminate\Routing\Router-&gt;{closure:Illuminate\Routing\Router::runRouteWithinStack():821}()
#16 E:\Chamba\Auspac\Nexo\nexo\vendor\laravel\framework\src\Illuminate\Routing\Middleware\SubstituteBindings.php(52): Illuminate\Pipeline\Pipeline-&gt;{closure:Illuminate\Pipeline\Pipeline::prepareDestination():178}()
#17 E:\Chamba\Auspac\Nexo\nexo\vendor\laravel\framework\src\Illuminate\Pipeline\Pipeline.php(219): Illuminate\Routing\Middleware\SubstituteBindings-&gt;handle()
#18 E:\Chamba\Auspac\Nexo\nexo\vendor\laravel\framework\src\Illuminate\Pipeline\Pipeline.php(137): Illuminate\Pipeline\Pipeline-&gt;{closure:{closure:Illuminate\Pipeline\Pipeline::carry():194}:195}()
#19 E:\Chamba\Auspac\Nexo\nexo\vendor\laravel\framework\src\Illuminate\Routing\Router.php(821): Illuminate\Pipeline\Pipeline-&gt;then()
#20 E:\Chamba\Auspac\Nexo\nexo\vendor\laravel\framework\src\Illuminate\Routing\Router.php(800): Illuminate\Routing\Router-&gt;runRouteWithinStack()
#21 E:\Chamba\Auspac\Nexo\nexo\vendor\laravel\framework\src\Illuminate\Routing\Router.php(764): Illuminate\Routing\Router-&gt;runRoute()
#22 E:\Chamba\Auspac\Nexo\nexo\vendor\laravel\framework\src\Illuminate\Routing\Router.php(753): Illuminate\Routing\Router-&gt;dispatchToRoute()
#23 E:\Chamba\Auspac\Nexo\nexo\vendor\laravel\framework\src\Illuminate\Foundation\Http\Kernel.php(200): Illuminate\Routing\Router-&gt;dispatch()
#24 E:\Chamba\Auspac\Nexo\nexo\vendor\laravel\framework\src\Illuminate\Pipeline\Pipeline.php(180): Illuminate\Foundation\Http\Kernel-&gt;{closure:Illuminate\Foundation\Http\Kernel::dispatchToRouter():197}()
#25 E:\Chamba\Auspac\Nexo\nexo\vendor\laravel\framework\src\Illuminate\Foundation\Http\Middleware\TransformsRequest.php(21): Illuminate\Pipeline\Pipeline-&gt;{closure:Illuminate\Pipeline\Pipeline::prepareDestination():178}()
#26 E:\Chamba\Auspac\Nexo\nexo\vendor\laravel\framework\src\Illuminate\Foundation\Http\Middleware\ConvertEmptyStringsToNull.php(31): Illuminate\Foundation\Http\Middleware\TransformsRequest-&gt;handle()
#27 E:\Chamba\Auspac\Nexo\nexo\vendor\laravel\framework\src\Illuminate\Pipeline\Pipeline.php(219): Illuminate\Foundation\Http\Middleware\ConvertEmptyStringsToNull-&gt;handle()
#28 E:\Chamba\Auspac\Nexo\nexo\vendor\laravel\framework\src\Illuminate\Foundation\Http\Middleware\TransformsRequest.php(21): Illuminate\Pipeline\Pipeline-&gt;{closure:{closure:Illuminate\Pipeline\Pipeline::carry():194}:195}()
#29 E:\Chamba\Auspac\Nexo\nexo\vendor\laravel\framework\src\Illuminate\Foundation\Http\Middleware\TrimStrings.php(51): Illuminate\Foundation\Http\Middleware\TransformsRequest-&gt;handle()
#30 E:\Chamba\Auspac\Nexo\nexo\vendor\laravel\framework\src\Illuminate\Pipeline\Pipeline.php(219): Illuminate\Foundation\Http\Middleware\TrimStrings-&gt;handle()
#31 E:\Chamba\Auspac\Nexo\nexo\vendor\laravel\framework\src\Illuminate\Http\Middleware\ValidatePostSize.php(27): Illuminate\Pipeline\Pipeline-&gt;{closure:{closure:Illuminate\Pipeline\Pipeline::carry():194}:195}()
#32 E:\Chamba\Auspac\Nexo\nexo\vendor\laravel\framework\src\Illuminate\Pipeline\Pipeline.php(219): Illuminate\Http\Middleware\ValidatePostSize-&gt;handle()
#33 E:\Chamba\Auspac\Nexo\nexo\vendor\laravel\framework\src\Illuminate\Foundation\Http\Middleware\PreventRequestsDuringMaintenance.php(109): Illuminate\Pipeline\Pipeline-&gt;{closure:{closure:Illuminate\Pipeline\Pipeline::carry():194}:195}()
#34 E:\Chamba\Auspac\Nexo\nexo\vendor\laravel\framework\src\Illuminate\Pipeline\Pipeline.php(219): Illuminate\Foundation\Http\Middleware\PreventRequestsDuringMaintenance-&gt;handle()
#35 E:\Chamba\Auspac\Nexo\nexo\vendor\laravel\framework\src\Illuminate\Http\Middleware\HandleCors.php(74): Illuminate\Pipeline\Pipeline-&gt;{closure:{closure:Illuminate\Pipeline\Pipeline::carry():194}:195}()
#36 E:\Chamba\Auspac\Nexo\nexo\vendor\laravel\framework\src\Illuminate\Pipeline\Pipeline.php(219): Illuminate\Http\Middleware\HandleCors-&gt;handle()
#37 E:\Chamba\Auspac\Nexo\nexo\vendor\laravel\framework\src\Illuminate\Http\Middleware\TrustProxies.php(58): Illuminate\Pipeline\Pipeline-&gt;{closure:{closure:Illuminate\Pipeline\Pipeline::carry():194}:195}()
#38 E:\Chamba\Auspac\Nexo\nexo\vendor\laravel\framework\src\Illuminate\Pipeline\Pipeline.php(219): Illuminate\Http\Middleware\TrustProxies-&gt;handle()
#39 E:\Chamba\Auspac\Nexo\nexo\vendor\laravel\framework\src\Illuminate\Foundation\Http\Middleware\InvokeDeferredCallbacks.php(22): Illuminate\Pipeline\Pipeline-&gt;{closure:{closure:Illuminate\Pipeline\Pipeline::carry():194}:195}()
#40 E:\Chamba\Auspac\Nexo\nexo\vendor\laravel\framework\src\Illuminate\Pipeline\Pipeline.php(219): Illuminate\Foundation\Http\Middleware\InvokeDeferredCallbacks-&gt;handle()
#41 E:\Chamba\Auspac\Nexo\nexo\vendor\laravel\framework\src\Illuminate\Http\Middleware\ValidatePathEncoding.php(28): Illuminate\Pipeline\Pipeline-&gt;{closure:{closure:Illuminate\Pipeline\Pipeline::carry():194}:195}()
#42 E:\Chamba\Auspac\Nexo\nexo\vendor\laravel\framework\src\Illuminate\Pipeline\Pipeline.php(219): Illuminate\Http\Middleware\ValidatePathEncoding-&gt;handle()
#43 E:\Chamba\Auspac\Nexo\nexo\vendor\laravel\framework\src\Illuminate\Pipeline\Pipeline.php(137): Illuminate\Pipeline\Pipeline-&gt;{closure:{closure:Illuminate\Pipeline\Pipeline::carry():194}:195}()
#44 E:\Chamba\Auspac\Nexo\nexo\vendor\laravel\framework\src\Illuminate\Foundation\Http\Kernel.php(175): Illuminate\Pipeline\Pipeline-&gt;then()
#45 E:\Chamba\Auspac\Nexo\nexo\vendor\laravel\framework\src\Illuminate\Foundation\Http\Kernel.php(144): Illuminate\Foundation\Http\Kernel-&gt;sendRequestThroughRouter()
#46 E:\Chamba\Auspac\Nexo\nexo\vendor\laravel\framework\src\Illuminate\Foundation\Testing\Concerns\MakesHttpRequests.php(607): Illuminate\Foundation\Http\Kernel-&gt;handle()
#47 E:\Chamba\Auspac\Nexo\nexo\vendor\laravel\framework\src\Illuminate\Foundation\Testing\Concerns\MakesHttpRequests.php(573): Illuminate\Foundation\Testing\TestCase-&gt;call()
#48 E:\Chamba\Auspac\Nexo\nexo\vendor\laravel\framework\src\Illuminate\Foundation\Testing\Concerns\MakesHttpRequests.php(411): Illuminate\Foundation\Testing\TestCase-&gt;json()
#49 E:\Chamba\Auspac\Nexo\nexo\tests\Feature\Organization\OrganizationStoreTest.php(91): Illuminate\Foundation\Testing\TestCase-&gt;postJson()
#50 E:\Chamba\Auspac\Nexo\nexo\vendor\phpunit\phpunit\src\Framework\TestCase.php(1314): Tests\Feature\Organization\OrganizationStoreTest-&gt;test_fails_when_name_is_too_long()
#51 E:\Chamba\Auspac\Nexo\nexo\vendor\phpunit\phpunit\src\Framework\TestCase.php(1351): PHPUnit\Framework\TestCase-&gt;invokeTestMethod()
#52 E:\Chamba\Auspac\Nexo\nexo\vendor\phpunit\phpunit\src\Framework\TestCase.php(521): PHPUnit\Framework\TestCase-&gt;runTest()
#53 E:\Chamba\Auspac\Nexo\nexo\vendor\phpunit\phpunit\src\Framework\TestRunner\TestRunner.php(99): PHPUnit\Framework\TestCase-&gt;runBare()
#54 E:\Chamba\Auspac\Nexo\nexo\vendor\phpunit\phpunit\src\Framework\TestCase.php(361): PHPUnit\Framework\TestRunner-&gt;run()
#55 E:\Chamba\Auspac\Nexo\nexo\vendor\phpunit\phpunit\src\Framework\TestSuite.php(374): PHPUnit\Framework\TestCase-&gt;run()
#56 E:\Chamba\Auspac\Nexo\nexo\vendor\phpunit\phpunit\src\TextUI\TestRunner.php(64): PHPUnit\Framework\TestSuite-&gt;run()
#57 E:\Chamba\Auspac\Nexo\nexo\vendor\phpunit\phpunit\src\TextUI\Application.php(229): PHPUnit\TextUI\TestRunner-&gt;run()
#58 E:\Chamba\Auspac\Nexo\nexo\vendor\phpunit\phpunit\phpunit(104): PHPUnit\TextUI\Application-&gt;run()
#59 {main}

----------------------------------------------------------------------------------

Target class [App\Modules\Organization\Service\OrganizationService] does not exist.
&#13;
E:\Chamba\Auspac\Nexo\nexo\vendor\laravel\framework\src\Illuminate\Testing\TestResponseAssert.php:45
E:\Chamba\Auspac\Nexo\nexo\vendor\laravel\framework\src\Illuminate\Testing\TestResponse.php:176
E:\Chamba\Auspac\Nexo\nexo\tests\Feature\Organization\OrganizationStoreTest.php:95</failure>
    </testcase>
    <testcase name="test_fails_when_name_is_not_a_string" file="E:\Chamba\Auspac\Nexo\nexo\tests\Feature\Organization\OrganizationStoreTest.php" line="100" class="Tests\Feature\Organization\OrganizationStoreTest" classname="Tests.Feature.Organization.OrganizationStoreTest" assertions="1" time="0.014616">
      <failure type="PHPUnit\Framework\ExpectationFailedException">Tests\Feature\Organization\OrganizationStoreTest::test_fails_when_name_is_not_a_string&#13;
Expected response status code [422] but received 500.
Failed asserting that 500 is identical to 422.&#13;
&#13;
The following exception occurred during the last request:

ReflectionException: Class "App\Modules\Organization\Service\OrganizationService" does not exist in E:\Chamba\Auspac\Nexo\nexo\vendor\laravel\framework\src\Illuminate\Container\Container.php:1125
Stack trace:
#0 E:\Chamba\Auspac\Nexo\nexo\vendor\laravel\framework\src\Illuminate\Container\Container.php(1125): ReflectionClass-&gt;__construct()
#1 E:\Chamba\Auspac\Nexo\nexo\vendor\laravel\framework\src\Illuminate\Container\Container.php(936): Illuminate\Container\Container-&gt;build()
#2 E:\Chamba\Auspac\Nexo\nexo\vendor\laravel\framework\src\Illuminate\Foundation\Application.php(1078): Illuminate\Container\Container-&gt;resolve()
#3 E:\Chamba\Auspac\Nexo\nexo\vendor\laravel\framework\src\Illuminate\Container\Container.php(864): Illuminate\Foundation\Application-&gt;resolve()
#4 E:\Chamba\Auspac\Nexo\nexo\vendor\laravel\framework\src\Illuminate\Foundation\Application.php(1058): Illuminate\Container\Container-&gt;make()
#5 E:\Chamba\Auspac\Nexo\nexo\vendor\laravel\framework\src\Illuminate\Container\Container.php(1339): Illuminate\Foundation\Application-&gt;make()
#6 E:\Chamba\Auspac\Nexo\nexo\vendor\laravel\framework\src\Illuminate\Container\Container.php(1240): Illuminate\Container\Container-&gt;resolveClass()
#7 E:\Chamba\Auspac\Nexo\nexo\vendor\laravel\framework\src\Illuminate\Container\Container.php(1165): Illuminate\Container\Container-&gt;resolveDependencies()
#8 E:\Chamba\Auspac\Nexo\nexo\vendor\laravel\framework\src\Illuminate\Container\Container.php(936): Illuminate\Container\Container-&gt;build()
#9 E:\Chamba\Auspac\Nexo\nexo\vendor\laravel\framework\src\Illuminate\Foundation\Application.php(1078): Illuminate\Container\Container-&gt;resolve()
#10 E:\Chamba\Auspac\Nexo\nexo\vendor\laravel\framework\src\Illuminate\Container\Container.php(864): Illuminate\Foundation\Application-&gt;resolve()
#11 E:\Chamba\Auspac\Nexo\nexo\vendor\laravel\framework\src\Illuminate\Foundation\Application.php(1058): Illuminate\Container\Container-&gt;make()
#12 E:\Chamba\Auspac\Nexo\nexo\vendor\laravel\framework\src\Illuminate\Routing\Route.php(290): Illuminate\Foundation\Application-&gt;make()
#13 E:\Chamba\Auspac\Nexo\nexo\vendor\laravel\framework\src\Illuminate\Routing\Route.php(270): Illuminate\Routing\Route-&gt;getController()
#14 E:\Chamba\Auspac\Nexo\nexo\vendor\laravel\framework\src\Illuminate\Routing\Route.php(215): Illuminate\Routing\Route-&gt;runController()
#15 E:\Chamba\Auspac\Nexo\nexo\vendor\laravel\framework\src\Illuminate\Routing\Router.php(822): Illuminate\Routing\Route-&gt;run()
#16 E:\Chamba\Auspac\Nexo\nexo\vendor\laravel\framework\src\Illuminate\Pipeline\Pipeline.php(180): Illuminate\Routing\Router-&gt;{closure:Illuminate\Routing\Router::runRouteWithinStack():821}()
#17 E:\Chamba\Auspac\Nexo\nexo\vendor\laravel\framework\src\Illuminate\Routing\Middleware\SubstituteBindings.php(52): Illuminate\Pipeline\Pipeline-&gt;{closure:Illuminate\Pipeline\Pipeline::prepareDestination():178}()
#18 E:\Chamba\Auspac\Nexo\nexo\vendor\laravel\framework\src\Illuminate\Pipeline\Pipeline.php(219): Illuminate\Routing\Middleware\SubstituteBindings-&gt;handle()
#19 E:\Chamba\Auspac\Nexo\nexo\vendor\laravel\framework\src\Illuminate\Pipeline\Pipeline.php(137): Illuminate\Pipeline\Pipeline-&gt;{closure:{closure:Illuminate\Pipeline\Pipeline::carry():194}:195}()
#20 E:\Chamba\Auspac\Nexo\nexo\vendor\laravel\framework\src\Illuminate\Routing\Router.php(821): Illuminate\Pipeline\Pipeline-&gt;then()
#21 E:\Chamba\Auspac\Nexo\nexo\vendor\laravel\framework\src\Illuminate\Routing\Router.php(800): Illuminate\Routing\Router-&gt;runRouteWithinStack()
#22 E:\Chamba\Auspac\Nexo\nexo\vendor\laravel\framework\src\Illuminate\Routing\Router.php(764): Illuminate\Routing\Router-&gt;runRoute()
#23 E:\Chamba\Auspac\Nexo\nexo\vendor\laravel\framework\src\Illuminate\Routing\Router.php(753): Illuminate\Routing\Router-&gt;dispatchToRoute()
#24 E:\Chamba\Auspac\Nexo\nexo\vendor\laravel\framework\src\Illuminate\Foundation\Http\Kernel.php(200): Illuminate\Routing\Router-&gt;dispatch()
#25 E:\Chamba\Auspac\Nexo\nexo\vendor\laravel\framework\src\Illuminate\Pipeline\Pipeline.php(180): Illuminate\Foundation\Http\Kernel-&gt;{closure:Illuminate\Foundation\Http\Kernel::dispatchToRouter():197}()
#26 E:\Chamba\Auspac\Nexo\nexo\vendor\laravel\framework\src\Illuminate\Foundation\Http\Middleware\TransformsRequest.php(21): Illuminate\Pipeline\Pipeline-&gt;{closure:Illuminate\Pipeline\Pipeline::prepareDestination():178}()
#27 E:\Chamba\Auspac\Nexo\nexo\vendor\laravel\framework\src\Illuminate\Foundation\Http\Middleware\ConvertEmptyStringsToNull.php(31): Illuminate\Foundation\Http\Middleware\TransformsRequest-&gt;handle()
#28 E:\Chamba\Auspac\Nexo\nexo\vendor\laravel\framework\src\Illuminate\Pipeline\Pipeline.php(219): Illuminate\Foundation\Http\Middleware\ConvertEmptyStringsToNull-&gt;handle()
#29 E:\Chamba\Auspac\Nexo\nexo\vendor\laravel\framework\src\Illuminate\Foundation\Http\Middleware\TransformsRequest.php(21): Illuminate\Pipeline\Pipeline-&gt;{closure:{closure:Illuminate\Pipeline\Pipeline::carry():194}:195}()
#30 E:\Chamba\Auspac\Nexo\nexo\vendor\laravel\framework\src\Illuminate\Foundation\Http\Middleware\TrimStrings.php(51): Illuminate\Foundation\Http\Middleware\TransformsRequest-&gt;handle()
#31 E:\Chamba\Auspac\Nexo\nexo\vendor\laravel\framework\src\Illuminate\Pipeline\Pipeline.php(219): Illuminate\Foundation\Http\Middleware\TrimStrings-&gt;handle()
#32 E:\Chamba\Auspac\Nexo\nexo\vendor\laravel\framework\src\Illuminate\Http\Middleware\ValidatePostSize.php(27): Illuminate\Pipeline\Pipeline-&gt;{closure:{closure:Illuminate\Pipeline\Pipeline::carry():194}:195}()
#33 E:\Chamba\Auspac\Nexo\nexo\vendor\laravel\framework\src\Illuminate\Pipeline\Pipeline.php(219): Illuminate\Http\Middleware\ValidatePostSize-&gt;handle()
#34 E:\Chamba\Auspac\Nexo\nexo\vendor\laravel\framework\src\Illuminate\Foundation\Http\Middleware\PreventRequestsDuringMaintenance.php(109): Illuminate\Pipeline\Pipeline-&gt;{closure:{closure:Illuminate\Pipeline\Pipeline::carry():194}:195}()
#35 E:\Chamba\Auspac\Nexo\nexo\vendor\laravel\framework\src\Illuminate\Pipeline\Pipeline.php(219): Illuminate\Foundation\Http\Middleware\PreventRequestsDuringMaintenance-&gt;handle()
#36 E:\Chamba\Auspac\Nexo\nexo\vendor\laravel\framework\src\Illuminate\Http\Middleware\HandleCors.php(74): Illuminate\Pipeline\Pipeline-&gt;{closure:{closure:Illuminate\Pipeline\Pipeline::carry():194}:195}()
#37 E:\Chamba\Auspac\Nexo\nexo\vendor\laravel\framework\src\Illuminate\Pipeline\Pipeline.php(219): Illuminate\Http\Middleware\HandleCors-&gt;handle()
#38 E:\Chamba\Auspac\Nexo\nexo\vendor\laravel\framework\src\Illuminate\Http\Middleware\TrustProxies.php(58): Illuminate\Pipeline\Pipeline-&gt;{closure:{closure:Illuminate\Pipeline\Pipeline::carry():194}:195}()
#39 E:\Chamba\Auspac\Nexo\nexo\vendor\laravel\framework\src\Illuminate\Pipeline\Pipeline.php(219): Illuminate\Http\Middleware\TrustProxies-&gt;handle()
#40 E:\Chamba\Auspac\Nexo\nexo\vendor\laravel\framework\src\Illuminate\Foundation\Http\Middleware\InvokeDeferredCallbacks.php(22): Illuminate\Pipeline\Pipeline-&gt;{closure:{closure:Illuminate\Pipeline\Pipeline::carry():194}:195}()
#41 E:\Chamba\Auspac\Nexo\nexo\vendor\laravel\framework\src\Illuminate\Pipeline\Pipeline.php(219): Illuminate\Foundation\Http\Middleware\InvokeDeferredCallbacks-&gt;handle()
#42 E:\Chamba\Auspac\Nexo\nexo\vendor\laravel\framework\src\Illuminate\Http\Middleware\ValidatePathEncoding.php(28): Illuminate\Pipeline\Pipeline-&gt;{closure:{closure:Illuminate\Pipeline\Pipeline::carry():194}:195}()
#43 E:\Chamba\Auspac\Nexo\nexo\vendor\laravel\framework\src\Illuminate\Pipeline\Pipeline.php(219): Illuminate\Http\Middleware\ValidatePathEncoding-&gt;handle()
#44 E:\Chamba\Auspac\Nexo\nexo\vendor\laravel\framework\src\Illuminate\Pipeline\Pipeline.php(137): Illuminate\Pipeline\Pipeline-&gt;{closure:{closure:Illuminate\Pipeline\Pipeline::carry():194}:195}()
#45 E:\Chamba\Auspac\Nexo\nexo\vendor\laravel\framework\src\Illuminate\Foundation\Http\Kernel.php(175): Illuminate\Pipeline\Pipeline-&gt;then()
#46 E:\Chamba\Auspac\Nexo\nexo\vendor\laravel\framework\src\Illuminate\Foundation\Http\Kernel.php(144): Illuminate\Foundation\Http\Kernel-&gt;sendRequestThroughRouter()
#47 E:\Chamba\Auspac\Nexo\nexo\vendor\laravel\framework\src\Illuminate\Foundation\Testing\Concerns\MakesHttpRequests.php(607): Illuminate\Foundation\Http\Kernel-&gt;handle()
#48 E:\Chamba\Auspac\Nexo\nexo\vendor\laravel\framework\src\Illuminate\Foundation\Testing\Concerns\MakesHttpRequests.php(573): Illuminate\Foundation\Testing\TestCase-&gt;call()
#49 E:\Chamba\Auspac\Nexo\nexo\vendor\laravel\framework\src\Illuminate\Foundation\Testing\Concerns\MakesHttpRequests.php(411): Illuminate\Foundation\Testing\TestCase-&gt;json()
#50 E:\Chamba\Auspac\Nexo\nexo\tests\Feature\Organization\OrganizationStoreTest.php(102): Illuminate\Foundation\Testing\TestCase-&gt;postJson()
#51 E:\Chamba\Auspac\Nexo\nexo\vendor\phpunit\phpunit\src\Framework\TestCase.php(1314): Tests\Feature\Organization\OrganizationStoreTest-&gt;test_fails_when_name_is_not_a_string()
#52 E:\Chamba\Auspac\Nexo\nexo\vendor\phpunit\phpunit\src\Framework\TestCase.php(1351): PHPUnit\Framework\TestCase-&gt;invokeTestMethod()
#53 E:\Chamba\Auspac\Nexo\nexo\vendor\phpunit\phpunit\src\Framework\TestCase.php(521): PHPUnit\Framework\TestCase-&gt;runTest()
#54 E:\Chamba\Auspac\Nexo\nexo\vendor\phpunit\phpunit\src\Framework\TestRunner\TestRunner.php(99): PHPUnit\Framework\TestCase-&gt;runBare()
#55 E:\Chamba\Auspac\Nexo\nexo\vendor\phpunit\phpunit\src\Framework\TestCase.php(361): PHPUnit\Framework\TestRunner-&gt;run()
#56 E:\Chamba\Auspac\Nexo\nexo\vendor\phpunit\phpunit\src\Framework\TestSuite.php(374): PHPUnit\Framework\TestCase-&gt;run()
#57 E:\Chamba\Auspac\Nexo\nexo\vendor\phpunit\phpunit\src\TextUI\TestRunner.php(64): PHPUnit\Framework\TestSuite-&gt;run()
#58 E:\Chamba\Auspac\Nexo\nexo\vendor\phpunit\phpunit\src\TextUI\Application.php(229): PHPUnit\TextUI\TestRunner-&gt;run()
#59 E:\Chamba\Auspac\Nexo\nexo\vendor\phpunit\phpunit\phpunit(104): PHPUnit\TextUI\Application-&gt;run()
#60 {main}

Next Illuminate\Contracts\Container\BindingResolutionException: Target class [App\Modules\Organization\Service\OrganizationService] does not exist. in E:\Chamba\Auspac\Nexo\nexo\vendor\laravel\framework\src\Illuminate\Container\Container.php:1127
Stack trace:
#0 E:\Chamba\Auspac\Nexo\nexo\vendor\laravel\framework\src\Illuminate\Container\Container.php(936): Illuminate\Container\Container-&gt;build()
#1 E:\Chamba\Auspac\Nexo\nexo\vendor\laravel\framework\src\Illuminate\Foundation\Application.php(1078): Illuminate\Container\Container-&gt;resolve()
#2 E:\Chamba\Auspac\Nexo\nexo\vendor\laravel\framework\src\Illuminate\Container\Container.php(864): Illuminate\Foundation\Application-&gt;resolve()
#3 E:\Chamba\Auspac\Nexo\nexo\vendor\laravel\framework\src\Illuminate\Foundation\Application.php(1058): Illuminate\Container\Container-&gt;make()
#4 E:\Chamba\Auspac\Nexo\nexo\vendor\laravel\framework\src\Illuminate\Container\Container.php(1339): Illuminate\Foundation\Application-&gt;make()
#5 E:\Chamba\Auspac\Nexo\nexo\vendor\laravel\framework\src\Illuminate\Container\Container.php(1240): Illuminate\Container\Container-&gt;resolveClass()
#6 E:\Chamba\Auspac\Nexo\nexo\vendor\laravel\framework\src\Illuminate\Container\Container.php(1165): Illuminate\Container\Container-&gt;resolveDependencies()
#7 E:\Chamba\Auspac\Nexo\nexo\vendor\laravel\framework\src\Illuminate\Container\Container.php(936): Illuminate\Container\Container-&gt;build()
#8 E:\Chamba\Auspac\Nexo\nexo\vendor\laravel\framework\src\Illuminate\Foundation\Application.php(1078): Illuminate\Container\Container-&gt;resolve()
#9 E:\Chamba\Auspac\Nexo\nexo\vendor\laravel\framework\src\Illuminate\Container\Container.php(864): Illuminate\Foundation\Application-&gt;resolve()
#10 E:\Chamba\Auspac\Nexo\nexo\vendor\laravel\framework\src\Illuminate\Foundation\Application.php(1058): Illuminate\Container\Container-&gt;make()
#11 E:\Chamba\Auspac\Nexo\nexo\vendor\laravel\framework\src\Illuminate\Routing\Route.php(290): Illuminate\Foundation\Application-&gt;make()
#12 E:\Chamba\Auspac\Nexo\nexo\vendor\laravel\framework\src\Illuminate\Routing\Route.php(270): Illuminate\Routing\Route-&gt;getController()
#13 E:\Chamba\Auspac\Nexo\nexo\vendor\laravel\framework\src\Illuminate\Routing\Route.php(215): Illuminate\Routing\Route-&gt;runController()
#14 E:\Chamba\Auspac\Nexo\nexo\vendor\laravel\framework\src\Illuminate\Routing\Router.php(822): Illuminate\Routing\Route-&gt;run()
#15 E:\Chamba\Auspac\Nexo\nexo\vendor\laravel\framework\src\Illuminate\Pipeline\Pipeline.php(180): Illuminate\Routing\Router-&gt;{closure:Illuminate\Routing\Router::runRouteWithinStack():821}()
#16 E:\Chamba\Auspac\Nexo\nexo\vendor\laravel\framework\src\Illuminate\Routing\Middleware\SubstituteBindings.php(52): Illuminate\Pipeline\Pipeline-&gt;{closure:Illuminate\Pipeline\Pipeline::prepareDestination():178}()
#17 E:\Chamba\Auspac\Nexo\nexo\vendor\laravel\framework\src\Illuminate\Pipeline\Pipeline.php(219): Illuminate\Routing\Middleware\SubstituteBindings-&gt;handle()
#18 E:\Chamba\Auspac\Nexo\nexo\vendor\laravel\framework\src\Illuminate\Pipeline\Pipeline.php(137): Illuminate\Pipeline\Pipeline-&gt;{closure:{closure:Illuminate\Pipeline\Pipeline::carry():194}:195}()
#19 E:\Chamba\Auspac\Nexo\nexo\vendor\laravel\framework\src\Illuminate\Routing\Router.php(821): Illuminate\Pipeline\Pipeline-&gt;then()
#20 E:\Chamba\Auspac\Nexo\nexo\vendor\laravel\framework\src\Illuminate\Routing\Router.php(800): Illuminate\Routing\Router-&gt;runRouteWithinStack()
#21 E:\Chamba\Auspac\Nexo\nexo\vendor\laravel\framework\src\Illuminate\Routing\Router.php(764): Illuminate\Routing\Router-&gt;runRoute()
#22 E:\Chamba\Auspac\Nexo\nexo\vendor\laravel\framework\src\Illuminate\Routing\Router.php(753): Illuminate\Routing\Router-&gt;dispatchToRoute()
#23 E:\Chamba\Auspac\Nexo\nexo\vendor\laravel\framework\src\Illuminate\Foundation\Http\Kernel.php(200): Illuminate\Routing\Router-&gt;dispatch()
#24 E:\Chamba\Auspac\Nexo\nexo\vendor\laravel\framework\src\Illuminate\Pipeline\Pipeline.php(180): Illuminate\Foundation\Http\Kernel-&gt;{closure:Illuminate\Foundation\Http\Kernel::dispatchToRouter():197}()
#25 E:\Chamba\Auspac\Nexo\nexo\vendor\laravel\framework\src\Illuminate\Foundation\Http\Middleware\TransformsRequest.php(21): Illuminate\Pipeline\Pipeline-&gt;{closure:Illuminate\Pipeline\Pipeline::prepareDestination():178}()
#26 E:\Chamba\Auspac\Nexo\nexo\vendor\laravel\framework\src\Illuminate\Foundation\Http\Middleware\ConvertEmptyStringsToNull.php(31): Illuminate\Foundation\Http\Middleware\TransformsRequest-&gt;handle()
#27 E:\Chamba\Auspac\Nexo\nexo\vendor\laravel\framework\src\Illuminate\Pipeline\Pipeline.php(219): Illuminate\Foundation\Http\Middleware\ConvertEmptyStringsToNull-&gt;handle()
#28 E:\Chamba\Auspac\Nexo\nexo\vendor\laravel\framework\src\Illuminate\Foundation\Http\Middleware\TransformsRequest.php(21): Illuminate\Pipeline\Pipeline-&gt;{closure:{closure:Illuminate\Pipeline\Pipeline::carry():194}:195}()
#29 E:\Chamba\Auspac\Nexo\nexo\vendor\laravel\framework\src\Illuminate\Foundation\Http\Middleware\TrimStrings.php(51): Illuminate\Foundation\Http\Middleware\TransformsRequest-&gt;handle()
#30 E:\Chamba\Auspac\Nexo\nexo\vendor\laravel\framework\src\Illuminate\Pipeline\Pipeline.php(219): Illuminate\Foundation\Http\Middleware\TrimStrings-&gt;handle()
#31 E:\Chamba\Auspac\Nexo\nexo\vendor\laravel\framework\src\Illuminate\Http\Middleware\ValidatePostSize.php(27): Illuminate\Pipeline\Pipeline-&gt;{closure:{closure:Illuminate\Pipeline\Pipeline::carry():194}:195}()
#32 E:\Chamba\Auspac\Nexo\nexo\vendor\laravel\framework\src\Illuminate\Pipeline\Pipeline.php(219): Illuminate\Http\Middleware\ValidatePostSize-&gt;handle()
#33 E:\Chamba\Auspac\Nexo\nexo\vendor\laravel\framework\src\Illuminate\Foundation\Http\Middleware\PreventRequestsDuringMaintenance.php(109): Illuminate\Pipeline\Pipeline-&gt;{closure:{closure:Illuminate\Pipeline\Pipeline::carry():194}:195}()
#34 E:\Chamba\Auspac\Nexo\nexo\vendor\laravel\framework\src\Illuminate\Pipeline\Pipeline.php(219): Illuminate\Foundation\Http\Middleware\PreventRequestsDuringMaintenance-&gt;handle()
#35 E:\Chamba\Auspac\Nexo\nexo\vendor\laravel\framework\src\Illuminate\Http\Middleware\HandleCors.php(74): Illuminate\Pipeline\Pipeline-&gt;{closure:{closure:Illuminate\Pipeline\Pipeline::carry():194}:195}()
#36 E:\Chamba\Auspac\Nexo\nexo\vendor\laravel\framework\src\Illuminate\Pipeline\Pipeline.php(219): Illuminate\Http\Middleware\HandleCors-&gt;handle()
#37 E:\Chamba\Auspac\Nexo\nexo\vendor\laravel\framework\src\Illuminate\Http\Middleware\TrustProxies.php(58): Illuminate\Pipeline\Pipeline-&gt;{closure:{closure:Illuminate\Pipeline\Pipeline::carry():194}:195}()
#38 E:\Chamba\Auspac\Nexo\nexo\vendor\laravel\framework\src\Illuminate\Pipeline\Pipeline.php(219): Illuminate\Http\Middleware\TrustProxies-&gt;handle()
#39 E:\Chamba\Auspac\Nexo\nexo\vendor\laravel\framework\src\Illuminate\Foundation\Http\Middleware\InvokeDeferredCallbacks.php(22): Illuminate\Pipeline\Pipeline-&gt;{closure:{closure:Illuminate\Pipeline\Pipeline::carry():194}:195}()
#40 E:\Chamba\Auspac\Nexo\nexo\vendor\laravel\framework\src\Illuminate\Pipeline\Pipeline.php(219): Illuminate\Foundation\Http\Middleware\InvokeDeferredCallbacks-&gt;handle()
#41 E:\Chamba\Auspac\Nexo\nexo\vendor\laravel\framework\src\Illuminate\Http\Middleware\ValidatePathEncoding.php(28): Illuminate\Pipeline\Pipeline-&gt;{closure:{closure:Illuminate\Pipeline\Pipeline::carry():194}:195}()
#42 E:\Chamba\Auspac\Nexo\nexo\vendor\laravel\framework\src\Illuminate\Pipeline\Pipeline.php(219): Illuminate\Http\Middleware\ValidatePathEncoding-&gt;handle()
#43 E:\Chamba\Auspac\Nexo\nexo\vendor\laravel\framework\src\Illuminate\Pipeline\Pipeline.php(137): Illuminate\Pipeline\Pipeline-&gt;{closure:{closure:Illuminate\Pipeline\Pipeline::carry():194}:195}()
#44 E:\Chamba\Auspac\Nexo\nexo\vendor\laravel\framework\src\Illuminate\Foundation\Http\Kernel.php(175): Illuminate\Pipeline\Pipeline-&gt;then()
#45 E:\Chamba\Auspac\Nexo\nexo\vendor\laravel\framework\src\Illuminate\Foundation\Http\Kernel.php(144): Illuminate\Foundation\Http\Kernel-&gt;sendRequestThroughRouter()
#46 E:\Chamba\Auspac\Nexo\nexo\vendor\laravel\framework\src\Illuminate\Foundation\Testing\Concerns\MakesHttpRequests.php(607): Illuminate\Foundation\Http\Kernel-&gt;handle()
#47 E:\Chamba\Auspac\Nexo\nexo\vendor\laravel\framework\src\Illuminate\Foundation\Testing\Concerns\MakesHttpRequests.php(573): Illuminate\Foundation\Testing\TestCase-&gt;call()
#48 E:\Chamba\Auspac\Nexo\nexo\vendor\laravel\framework\src\Illuminate\Foundation\Testing\Concerns\MakesHttpRequests.php(411): Illuminate\Foundation\Testing\TestCase-&gt;json()
#49 E:\Chamba\Auspac\Nexo\nexo\tests\Feature\Organization\OrganizationStoreTest.php(102): Illuminate\Foundation\Testing\TestCase-&gt;postJson()
#50 E:\Chamba\Auspac\Nexo\nexo\vendor\phpunit\phpunit\src\Framework\TestCase.php(1314): Tests\Feature\Organization\OrganizationStoreTest-&gt;test_fails_when_name_is_not_a_string()
#51 E:\Chamba\Auspac\Nexo\nexo\vendor\phpunit\phpunit\src\Framework\TestCase.php(1351): PHPUnit\Framework\TestCase-&gt;invokeTestMethod()
#52 E:\Chamba\Auspac\Nexo\nexo\vendor\phpunit\phpunit\src\Framework\TestCase.php(521): PHPUnit\Framework\TestCase-&gt;runTest()
#53 E:\Chamba\Auspac\Nexo\nexo\vendor\phpunit\phpunit\src\Framework\TestRunner\TestRunner.php(99): PHPUnit\Framework\TestCase-&gt;runBare()
#54 E:\Chamba\Auspac\Nexo\nexo\vendor\phpunit\phpunit\src\Framework\TestCase.php(361): PHPUnit\Framework\TestRunner-&gt;run()
#55 E:\Chamba\Auspac\Nexo\nexo\vendor\phpunit\phpunit\src\Framework\TestSuite.php(374): PHPUnit\Framework\TestCase-&gt;run()
#56 E:\Chamba\Auspac\Nexo\nexo\vendor\phpunit\phpunit\src\TextUI\TestRunner.php(64): PHPUnit\Framework\TestSuite-&gt;run()
#57 E:\Chamba\Auspac\Nexo\nexo\vendor\phpunit\phpunit\src\TextUI\Application.php(229): PHPUnit\TextUI\TestRunner-&gt;run()
#58 E:\Chamba\Auspac\Nexo\nexo\vendor\phpunit\phpunit\phpunit(104): PHPUnit\TextUI\Application-&gt;run()
#59 {main}

----------------------------------------------------------------------------------

Target class [App\Modules\Organization\Service\OrganizationService] does not exist.
&#13;
E:\Chamba\Auspac\Nexo\nexo\vendor\laravel\framework\src\Illuminate\Testing\TestResponseAssert.php:45
E:\Chamba\Auspac\Nexo\nexo\vendor\laravel\framework\src\Illuminate\Testing\TestResponse.php:176
E:\Chamba\Auspac\Nexo\nexo\tests\Feature\Organization\OrganizationStoreTest.php:104</failure>
    </testcase>
    <testcase name="test_fails_when_tax_id_is_missing" file="E:\Chamba\Auspac\Nexo\nexo\tests\Feature\Organization\OrganizationStoreTest.php" line="111" class="Tests\Feature\Organization\OrganizationStoreTest" classname="Tests.Feature.Organization.OrganizationStoreTest" assertions="1" time="0.016678">
      <failure type="PHPUnit\Framework\ExpectationFailedException">Tests\Feature\Organization\OrganizationStoreTest::test_fails_when_tax_id_is_missing&#13;
Expected response status code [422] but received 500.
Failed asserting that 500 is identical to 422.&#13;
&#13;
The following exception occurred during the last request:

ReflectionException: Class "App\Modules\Organization\Service\OrganizationService" does not exist in E:\Chamba\Auspac\Nexo\nexo\vendor\laravel\framework\src\Illuminate\Container\Container.php:1125
Stack trace:
#0 E:\Chamba\Auspac\Nexo\nexo\vendor\laravel\framework\src\Illuminate\Container\Container.php(1125): ReflectionClass-&gt;__construct()
#1 E:\Chamba\Auspac\Nexo\nexo\vendor\laravel\framework\src\Illuminate\Container\Container.php(936): Illuminate\Container\Container-&gt;build()
#2 E:\Chamba\Auspac\Nexo\nexo\vendor\laravel\framework\src\Illuminate\Foundation\Application.php(1078): Illuminate\Container\Container-&gt;resolve()
#3 E:\Chamba\Auspac\Nexo\nexo\vendor\laravel\framework\src\Illuminate\Container\Container.php(864): Illuminate\Foundation\Application-&gt;resolve()
#4 E:\Chamba\Auspac\Nexo\nexo\vendor\laravel\framework\src\Illuminate\Foundation\Application.php(1058): Illuminate\Container\Container-&gt;make()
#5 E:\Chamba\Auspac\Nexo\nexo\vendor\laravel\framework\src\Illuminate\Container\Container.php(1339): Illuminate\Foundation\Application-&gt;make()
#6 E:\Chamba\Auspac\Nexo\nexo\vendor\laravel\framework\src\Illuminate\Container\Container.php(1240): Illuminate\Container\Container-&gt;resolveClass()
#7 E:\Chamba\Auspac\Nexo\nexo\vendor\laravel\framework\src\Illuminate\Container\Container.php(1165): Illuminate\Container\Container-&gt;resolveDependencies()
#8 E:\Chamba\Auspac\Nexo\nexo\vendor\laravel\framework\src\Illuminate\Container\Container.php(936): Illuminate\Container\Container-&gt;build()
#9 E:\Chamba\Auspac\Nexo\nexo\vendor\laravel\framework\src\Illuminate\Foundation\Application.php(1078): Illuminate\Container\Container-&gt;resolve()
#10 E:\Chamba\Auspac\Nexo\nexo\vendor\laravel\framework\src\Illuminate\Container\Container.php(864): Illuminate\Foundation\Application-&gt;resolve()
#11 E:\Chamba\Auspac\Nexo\nexo\vendor\laravel\framework\src\Illuminate\Foundation\Application.php(1058): Illuminate\Container\Container-&gt;make()
#12 E:\Chamba\Auspac\Nexo\nexo\vendor\laravel\framework\src\Illuminate\Routing\Route.php(290): Illuminate\Foundation\Application-&gt;make()
#13 E:\Chamba\Auspac\Nexo\nexo\vendor\laravel\framework\src\Illuminate\Routing\Route.php(270): Illuminate\Routing\Route-&gt;getController()
#14 E:\Chamba\Auspac\Nexo\nexo\vendor\laravel\framework\src\Illuminate\Routing\Route.php(215): Illuminate\Routing\Route-&gt;runController()
#15 E:\Chamba\Auspac\Nexo\nexo\vendor\laravel\framework\src\Illuminate\Routing\Router.php(822): Illuminate\Routing\Route-&gt;run()
#16 E:\Chamba\Auspac\Nexo\nexo\vendor\laravel\framework\src\Illuminate\Pipeline\Pipeline.php(180): Illuminate\Routing\Router-&gt;{closure:Illuminate\Routing\Router::runRouteWithinStack():821}()
#17 E:\Chamba\Auspac\Nexo\nexo\vendor\laravel\framework\src\Illuminate\Routing\Middleware\SubstituteBindings.php(52): Illuminate\Pipeline\Pipeline-&gt;{closure:Illuminate\Pipeline\Pipeline::prepareDestination():178}()
#18 E:\Chamba\Auspac\Nexo\nexo\vendor\laravel\framework\src\Illuminate\Pipeline\Pipeline.php(219): Illuminate\Routing\Middleware\SubstituteBindings-&gt;handle()
#19 E:\Chamba\Auspac\Nexo\nexo\vendor\laravel\framework\src\Illuminate\Pipeline\Pipeline.php(137): Illuminate\Pipeline\Pipeline-&gt;{closure:{closure:Illuminate\Pipeline\Pipeline::carry():194}:195}()
#20 E:\Chamba\Auspac\Nexo\nexo\vendor\laravel\framework\src\Illuminate\Routing\Router.php(821): Illuminate\Pipeline\Pipeline-&gt;then()
#21 E:\Chamba\Auspac\Nexo\nexo\vendor\laravel\framework\src\Illuminate\Routing\Router.php(800): Illuminate\Routing\Router-&gt;runRouteWithinStack()
#22 E:\Chamba\Auspac\Nexo\nexo\vendor\laravel\framework\src\Illuminate\Routing\Router.php(764): Illuminate\Routing\Router-&gt;runRoute()
#23 E:\Chamba\Auspac\Nexo\nexo\vendor\laravel\framework\src\Illuminate\Routing\Router.php(753): Illuminate\Routing\Router-&gt;dispatchToRoute()
#24 E:\Chamba\Auspac\Nexo\nexo\vendor\laravel\framework\src\Illuminate\Foundation\Http\Kernel.php(200): Illuminate\Routing\Router-&gt;dispatch()
#25 E:\Chamba\Auspac\Nexo\nexo\vendor\laravel\framework\src\Illuminate\Pipeline\Pipeline.php(180): Illuminate\Foundation\Http\Kernel-&gt;{closure:Illuminate\Foundation\Http\Kernel::dispatchToRouter():197}()
#26 E:\Chamba\Auspac\Nexo\nexo\vendor\laravel\framework\src\Illuminate\Foundation\Http\Middleware\TransformsRequest.php(21): Illuminate\Pipeline\Pipeline-&gt;{closure:Illuminate\Pipeline\Pipeline::prepareDestination():178}()
#27 E:\Chamba\Auspac\Nexo\nexo\vendor\laravel\framework\src\Illuminate\Foundation\Http\Middleware\ConvertEmptyStringsToNull.php(31): Illuminate\Foundation\Http\Middleware\TransformsRequest-&gt;handle()
#28 E:\Chamba\Auspac\Nexo\nexo\vendor\laravel\framework\src\Illuminate\Pipeline\Pipeline.php(219): Illuminate\Foundation\Http\Middleware\ConvertEmptyStringsToNull-&gt;handle()
#29 E:\Chamba\Auspac\Nexo\nexo\vendor\laravel\framework\src\Illuminate\Foundation\Http\Middleware\TransformsRequest.php(21): Illuminate\Pipeline\Pipeline-&gt;{closure:{closure:Illuminate\Pipeline\Pipeline::carry():194}:195}()
#30 E:\Chamba\Auspac\Nexo\nexo\vendor\laravel\framework\src\Illuminate\Foundation\Http\Middleware\TrimStrings.php(51): Illuminate\Foundation\Http\Middleware\TransformsRequest-&gt;handle()
#31 E:\Chamba\Auspac\Nexo\nexo\vendor\laravel\framework\src\Illuminate\Pipeline\Pipeline.php(219): Illuminate\Foundation\Http\Middleware\TrimStrings-&gt;handle()
#32 E:\Chamba\Auspac\Nexo\nexo\vendor\laravel\framework\src\Illuminate\Http\Middleware\ValidatePostSize.php(27): Illuminate\Pipeline\Pipeline-&gt;{closure:{closure:Illuminate\Pipeline\Pipeline::carry():194}:195}()
#33 E:\Chamba\Auspac\Nexo\nexo\vendor\laravel\framework\src\Illuminate\Pipeline\Pipeline.php(219): Illuminate\Http\Middleware\ValidatePostSize-&gt;handle()
#34 E:\Chamba\Auspac\Nexo\nexo\vendor\laravel\framework\src\Illuminate\Foundation\Http\Middleware\PreventRequestsDuringMaintenance.php(109): Illuminate\Pipeline\Pipeline-&gt;{closure:{closure:Illuminate\Pipeline\Pipeline::carry():194}:195}()
#35 E:\Chamba\Auspac\Nexo\nexo\vendor\laravel\framework\src\Illuminate\Pipeline\Pipeline.php(219): Illuminate\Foundation\Http\Middleware\PreventRequestsDuringMaintenance-&gt;handle()
#36 E:\Chamba\Auspac\Nexo\nexo\vendor\laravel\framework\src\Illuminate\Http\Middleware\HandleCors.php(74): Illuminate\Pipeline\Pipeline-&gt;{closure:{closure:Illuminate\Pipeline\Pipeline::carry():194}:195}()
#37 E:\Chamba\Auspac\Nexo\nexo\vendor\laravel\framework\src\Illuminate\Pipeline\Pipeline.php(219): Illuminate\Http\Middleware\HandleCors-&gt;handle()
#38 E:\Chamba\Auspac\Nexo\nexo\vendor\laravel\framework\src\Illuminate\Http\Middleware\TrustProxies.php(58): Illuminate\Pipeline\Pipeline-&gt;{closure:{closure:Illuminate\Pipeline\Pipeline::carry():194}:195}()
#39 E:\Chamba\Auspac\Nexo\nexo\vendor\laravel\framework\src\Illuminate\Pipeline\Pipeline.php(219): Illuminate\Http\Middleware\TrustProxies-&gt;handle()
#40 E:\Chamba\Auspac\Nexo\nexo\vendor\laravel\framework\src\Illuminate\Foundation\Http\Middleware\InvokeDeferredCallbacks.php(22): Illuminate\Pipeline\Pipeline-&gt;{closure:{closure:Illuminate\Pipeline\Pipeline::carry():194}:195}()
#41 E:\Chamba\Auspac\Nexo\nexo\vendor\laravel\framework\src\Illuminate\Pipeline\Pipeline.php(219): Illuminate\Foundation\Http\Middleware\InvokeDeferredCallbacks-&gt;handle()
#42 E:\Chamba\Auspac\Nexo\nexo\vendor\laravel\framework\src\Illuminate\Http\Middleware\ValidatePathEncoding.php(28): Illuminate\Pipeline\Pipeline-&gt;{closure:{closure:Illuminate\Pipeline\Pipeline::carry():194}:195}()
#43 E:\Chamba\Auspac\Nexo\nexo\vendor\laravel\framework\src\Illuminate\Pipeline\Pipeline.php(219): Illuminate\Http\Middleware\ValidatePathEncoding-&gt;handle()
#44 E:\Chamba\Auspac\Nexo\nexo\vendor\laravel\framework\src\Illuminate\Pipeline\Pipeline.php(137): Illuminate\Pipeline\Pipeline-&gt;{closure:{closure:Illuminate\Pipeline\Pipeline::carry():194}:195}()
#45 E:\Chamba\Auspac\Nexo\nexo\vendor\laravel\framework\src\Illuminate\Foundation\Http\Kernel.php(175): Illuminate\Pipeline\Pipeline-&gt;then()
#46 E:\Chamba\Auspac\Nexo\nexo\vendor\laravel\framework\src\Illuminate\Foundation\Http\Kernel.php(144): Illuminate\Foundation\Http\Kernel-&gt;sendRequestThroughRouter()
#47 E:\Chamba\Auspac\Nexo\nexo\vendor\laravel\framework\src\Illuminate\Foundation\Testing\Concerns\MakesHttpRequests.php(607): Illuminate\Foundation\Http\Kernel-&gt;handle()
#48 E:\Chamba\Auspac\Nexo\nexo\vendor\laravel\framework\src\Illuminate\Foundation\Testing\Concerns\MakesHttpRequests.php(573): Illuminate\Foundation\Testing\TestCase-&gt;call()
#49 E:\Chamba\Auspac\Nexo\nexo\vendor\laravel\framework\src\Illuminate\Foundation\Testing\Concerns\MakesHttpRequests.php(411): Illuminate\Foundation\Testing\TestCase-&gt;json()
#50 E:\Chamba\Auspac\Nexo\nexo\tests\Feature\Organization\OrganizationStoreTest.php(116): Illuminate\Foundation\Testing\TestCase-&gt;postJson()
#51 E:\Chamba\Auspac\Nexo\nexo\vendor\phpunit\phpunit\src\Framework\TestCase.php(1314): Tests\Feature\Organization\OrganizationStoreTest-&gt;test_fails_when_tax_id_is_missing()
#52 E:\Chamba\Auspac\Nexo\nexo\vendor\phpunit\phpunit\src\Framework\TestCase.php(1351): PHPUnit\Framework\TestCase-&gt;invokeTestMethod()
#53 E:\Chamba\Auspac\Nexo\nexo\vendor\phpunit\phpunit\src\Framework\TestCase.php(521): PHPUnit\Framework\TestCase-&gt;runTest()
#54 E:\Chamba\Auspac\Nexo\nexo\vendor\phpunit\phpunit\src\Framework\TestRunner\TestRunner.php(99): PHPUnit\Framework\TestCase-&gt;runBare()
#55 E:\Chamba\Auspac\Nexo\nexo\vendor\phpunit\phpunit\src\Framework\TestCase.php(361): PHPUnit\Framework\TestRunner-&gt;run()
#56 E:\Chamba\Auspac\Nexo\nexo\vendor\phpunit\phpunit\src\Framework\TestSuite.php(374): PHPUnit\Framework\TestCase-&gt;run()
#57 E:\Chamba\Auspac\Nexo\nexo\vendor\phpunit\phpunit\src\TextUI\TestRunner.php(64): PHPUnit\Framework\TestSuite-&gt;run()
#58 E:\Chamba\Auspac\Nexo\nexo\vendor\phpunit\phpunit\src\TextUI\Application.php(229): PHPUnit\TextUI\TestRunner-&gt;run()
#59 E:\Chamba\Auspac\Nexo\nexo\vendor\phpunit\phpunit\phpunit(104): PHPUnit\TextUI\Application-&gt;run()
#60 {main}

Next Illuminate\Contracts\Container\BindingResolutionException: Target class [App\Modules\Organization\Service\OrganizationService] does not exist. in E:\Chamba\Auspac\Nexo\nexo\vendor\laravel\framework\src\Illuminate\Container\Container.php:1127
Stack trace:
#0 E:\Chamba\Auspac\Nexo\nexo\vendor\laravel\framework\src\Illuminate\Container\Container.php(936): Illuminate\Container\Container-&gt;build()
#1 E:\Chamba\Auspac\Nexo\nexo\vendor\laravel\framework\src\Illuminate\Foundation\Application.php(1078): Illuminate\Container\Container-&gt;resolve()
#2 E:\Chamba\Auspac\Nexo\nexo\vendor\laravel\framework\src\Illuminate\Container\Container.php(864): Illuminate\Foundation\Application-&gt;resolve()
#3 E:\Chamba\Auspac\Nexo\nexo\vendor\laravel\framework\src\Illuminate\Foundation\Application.php(1058): Illuminate\Container\Container-&gt;make()
#4 E:\Chamba\Auspac\Nexo\nexo\vendor\laravel\framework\src\Illuminate\Container\Container.php(1339): Illuminate\Foundation\Application-&gt;make()
#5 E:\Chamba\Auspac\Nexo\nexo\vendor\laravel\framework\src\Illuminate\Container\Container.php(1240): Illuminate\Container\Container-&gt;resolveClass()
#6 E:\Chamba\Auspac\Nexo\nexo\vendor\laravel\framework\src\Illuminate\Container\Container.php(1165): Illuminate\Container\Container-&gt;resolveDependencies()
#7 E:\Chamba\Auspac\Nexo\nexo\vendor\laravel\framework\src\Illuminate\Container\Container.php(936): Illuminate\Container\Container-&gt;build()
#8 E:\Chamba\Auspac\Nexo\nexo\vendor\laravel\framework\src\Illuminate\Foundation\Application.php(1078): Illuminate\Container\Container-&gt;resolve()
#9 E:\Chamba\Auspac\Nexo\nexo\vendor\laravel\framework\src\Illuminate\Container\Container.php(864): Illuminate\Foundation\Application-&gt;resolve()
#10 E:\Chamba\Auspac\Nexo\nexo\vendor\laravel\framework\src\Illuminate\Foundation\Application.php(1058): Illuminate\Container\Container-&gt;make()
#11 E:\Chamba\Auspac\Nexo\nexo\vendor\laravel\framework\src\Illuminate\Routing\Route.php(290): Illuminate\Foundation\Application-&gt;make()
#12 E:\Chamba\Auspac\Nexo\nexo\vendor\laravel\framework\src\Illuminate\Routing\Route.php(270): Illuminate\Routing\Route-&gt;getController()
#13 E:\Chamba\Auspac\Nexo\nexo\vendor\laravel\framework\src\Illuminate\Routing\Route.php(215): Illuminate\Routing\Route-&gt;runController()
#14 E:\Chamba\Auspac\Nexo\nexo\vendor\laravel\framework\src\Illuminate\Routing\Router.php(822): Illuminate\Routing\Route-&gt;run()
#15 E:\Chamba\Auspac\Nexo\nexo\vendor\laravel\framework\src\Illuminate\Pipeline\Pipeline.php(180): Illuminate\Routing\Router-&gt;{closure:Illuminate\Routing\Router::runRouteWithinStack():821}()
#16 E:\Chamba\Auspac\Nexo\nexo\vendor\laravel\framework\src\Illuminate\Routing\Middleware\SubstituteBindings.php(52): Illuminate\Pipeline\Pipeline-&gt;{closure:Illuminate\Pipeline\Pipeline::prepareDestination():178}()
#17 E:\Chamba\Auspac\Nexo\nexo\vendor\laravel\framework\src\Illuminate\Pipeline\Pipeline.php(219): Illuminate\Routing\Middleware\SubstituteBindings-&gt;handle()
#18 E:\Chamba\Auspac\Nexo\nexo\vendor\laravel\framework\src\Illuminate\Pipeline\Pipeline.php(137): Illuminate\Pipeline\Pipeline-&gt;{closure:{closure:Illuminate\Pipeline\Pipeline::carry():194}:195}()
#19 E:\Chamba\Auspac\Nexo\nexo\vendor\laravel\framework\src\Illuminate\Routing\Router.php(821): Illuminate\Pipeline\Pipeline-&gt;then()
#20 E:\Chamba\Auspac\Nexo\nexo\vendor\laravel\framework\src\Illuminate\Routing\Router.php(800): Illuminate\Routing\Router-&gt;runRouteWithinStack()
#21 E:\Chamba\Auspac\Nexo\nexo\vendor\laravel\framework\src\Illuminate\Routing\Router.php(764): Illuminate\Routing\Router-&gt;runRoute()
#22 E:\Chamba\Auspac\Nexo\nexo\vendor\laravel\framework\src\Illuminate\Routing\Router.php(753): Illuminate\Routing\Router-&gt;dispatchToRoute()
#23 E:\Chamba\Auspac\Nexo\nexo\vendor\laravel\framework\src\Illuminate\Foundation\Http\Kernel.php(200): Illuminate\Routing\Router-&gt;dispatch()
#24 E:\Chamba\Auspac\Nexo\nexo\vendor\laravel\framework\src\Illuminate\Pipeline\Pipeline.php(180): Illuminate\Foundation\Http\Kernel-&gt;{closure:Illuminate\Foundation\Http\Kernel::dispatchToRouter():197}()
#25 E:\Chamba\Auspac\Nexo\nexo\vendor\laravel\framework\src\Illuminate\Foundation\Http\Middleware\TransformsRequest.php(21): Illuminate\Pipeline\Pipeline-&gt;{closure:Illuminate\Pipeline\Pipeline::prepareDestination():178}()
#26 E:\Chamba\Auspac\Nexo\nexo\vendor\laravel\framework\src\Illuminate\Foundation\Http\Middleware\ConvertEmptyStringsToNull.php(31): Illuminate\Foundation\Http\Middleware\TransformsRequest-&gt;handle()
#27 E:\Chamba\Auspac\Nexo\nexo\vendor\laravel\framework\src\Illuminate\Pipeline\Pipeline.php(219): Illuminate\Foundation\Http\Middleware\ConvertEmptyStringsToNull-&gt;handle()
#28 E:\Chamba\Auspac\Nexo\nexo\vendor\laravel\framework\src\Illuminate\Foundation\Http\Middleware\TransformsRequest.php(21): Illuminate\Pipeline\Pipeline-&gt;{closure:{closure:Illuminate\Pipeline\Pipeline::carry():194}:195}()
#29 E:\Chamba\Auspac\Nexo\nexo\vendor\laravel\framework\src\Illuminate\Foundation\Http\Middleware\TrimStrings.php(51): Illuminate\Foundation\Http\Middleware\TransformsRequest-&gt;handle()
#30 E:\Chamba\Auspac\Nexo\nexo\vendor\laravel\framework\src\Illuminate\Pipeline\Pipeline.php(219): Illuminate\Foundation\Http\Middleware\TrimStrings-&gt;handle()
#31 E:\Chamba\Auspac\Nexo\nexo\vendor\laravel\framework\src\Illuminate\Http\Middleware\ValidatePostSize.php(27): Illuminate\Pipeline\Pipeline-&gt;{closure:{closure:Illuminate\Pipeline\Pipeline::carry():194}:195}()
#32 E:\Chamba\Auspac\Nexo\nexo\vendor\laravel\framework\src\Illuminate\Pipeline\Pipeline.php(219): Illuminate\Http\Middleware\ValidatePostSize-&gt;handle()
#33 E:\Chamba\Auspac\Nexo\nexo\vendor\laravel\framework\src\Illuminate\Foundation\Http\Middleware\PreventRequestsDuringMaintenance.php(109): Illuminate\Pipeline\Pipeline-&gt;{closure:{closure:Illuminate\Pipeline\Pipeline::carry():194}:195}()
#34 E:\Chamba\Auspac\Nexo\nexo\vendor\laravel\framework\src\Illuminate\Pipeline\Pipeline.php(219): Illuminate\Foundation\Http\Middleware\PreventRequestsDuringMaintenance-&gt;handle()
#35 E:\Chamba\Auspac\Nexo\nexo\vendor\laravel\framework\src\Illuminate\Http\Middleware\HandleCors.php(74): Illuminate\Pipeline\Pipeline-&gt;{closure:{closure:Illuminate\Pipeline\Pipeline::carry():194}:195}()
#36 E:\Chamba\Auspac\Nexo\nexo\vendor\laravel\framework\src\Illuminate\Pipeline\Pipeline.php(219): Illuminate\Http\Middleware\HandleCors-&gt;handle()
#37 E:\Chamba\Auspac\Nexo\nexo\vendor\laravel\framework\src\Illuminate\Http\Middleware\TrustProxies.php(58): Illuminate\Pipeline\Pipeline-&gt;{closure:{closure:Illuminate\Pipeline\Pipeline::carry():194}:195}()
#38 E:\Chamba\Auspac\Nexo\nexo\vendor\laravel\framework\src\Illuminate\Pipeline\Pipeline.php(219): Illuminate\Http\Middleware\TrustProxies-&gt;handle()
#39 E:\Chamba\Auspac\Nexo\nexo\vendor\laravel\framework\src\Illuminate\Foundation\Http\Middleware\InvokeDeferredCallbacks.php(22): Illuminate\Pipeline\Pipeline-&gt;{closure:{closure:Illuminate\Pipeline\Pipeline::carry():194}:195}()
#40 E:\Chamba\Auspac\Nexo\nexo\vendor\laravel\framework\src\Illuminate\Pipeline\Pipeline.php(219): Illuminate\Foundation\Http\Middleware\InvokeDeferredCallbacks-&gt;handle()
#41 E:\Chamba\Auspac\Nexo\nexo\vendor\laravel\framework\src\Illuminate\Http\Middleware\ValidatePathEncoding.php(28): Illuminate\Pipeline\Pipeline-&gt;{closure:{closure:Illuminate\Pipeline\Pipeline::carry():194}:195}()
#42 E:\Chamba\Auspac\Nexo\nexo\vendor\laravel\framework\src\Illuminate\Pipeline\Pipeline.php(219): Illuminate\Http\Middleware\ValidatePathEncoding-&gt;handle()
#43 E:\Chamba\Auspac\Nexo\nexo\vendor\laravel\framework\src\Illuminate\Pipeline\Pipeline.php(137): Illuminate\Pipeline\Pipeline-&gt;{closure:{closure:Illuminate\Pipeline\Pipeline::carry():194}:195}()
#44 E:\Chamba\Auspac\Nexo\nexo\vendor\laravel\framework\src\Illuminate\Foundation\Http\Kernel.php(175): Illuminate\Pipeline\Pipeline-&gt;then()
#45 E:\Chamba\Auspac\Nexo\nexo\vendor\laravel\framework\src\Illuminate\Foundation\Http\Kernel.php(144): Illuminate\Foundation\Http\Kernel-&gt;sendRequestThroughRouter()
#46 E:\Chamba\Auspac\Nexo\nexo\vendor\laravel\framework\src\Illuminate\Foundation\Testing\Concerns\MakesHttpRequests.php(607): Illuminate\Foundation\Http\Kernel-&gt;handle()
#47 E:\Chamba\Auspac\Nexo\nexo\vendor\laravel\framework\src\Illuminate\Foundation\Testing\Concerns\MakesHttpRequests.php(573): Illuminate\Foundation\Testing\TestCase-&gt;call()
#48 E:\Chamba\Auspac\Nexo\nexo\vendor\laravel\framework\src\Illuminate\Foundation\Testing\Concerns\MakesHttpRequests.php(411): Illuminate\Foundation\Testing\TestCase-&gt;json()
#49 E:\Chamba\Auspac\Nexo\nexo\tests\Feature\Organization\OrganizationStoreTest.php(116): Illuminate\Foundation\Testing\TestCase-&gt;postJson()
#50 E:\Chamba\Auspac\Nexo\nexo\vendor\phpunit\phpunit\src\Framework\TestCase.php(1314): Tests\Feature\Organization\OrganizationStoreTest-&gt;test_fails_when_tax_id_is_missing()
#51 E:\Chamba\Auspac\Nexo\nexo\vendor\phpunit\phpunit\src\Framework\TestCase.php(1351): PHPUnit\Framework\TestCase-&gt;invokeTestMethod()
#52 E:\Chamba\Auspac\Nexo\nexo\vendor\phpunit\phpunit\src\Framework\TestCase.php(521): PHPUnit\Framework\TestCase-&gt;runTest()
#53 E:\Chamba\Auspac\Nexo\nexo\vendor\phpunit\phpunit\src\Framework\TestRunner\TestRunner.php(99): PHPUnit\Framework\TestCase-&gt;runBare()
#54 E:\Chamba\Auspac\Nexo\nexo\vendor\phpunit\phpunit\src\Framework\TestCase.php(361): PHPUnit\Framework\TestRunner-&gt;run()
#55 E:\Chamba\Auspac\Nexo\nexo\vendor\phpunit\phpunit\src\Framework\TestSuite.php(374): PHPUnit\Framework\TestCase-&gt;run()
#56 E:\Chamba\Auspac\Nexo\nexo\vendor\phpunit\phpunit\src\TextUI\TestRunner.php(64): PHPUnit\Framework\TestSuite-&gt;run()
#57 E:\Chamba\Auspac\Nexo\nexo\vendor\phpunit\phpunit\src\TextUI\Application.php(229): PHPUnit\TextUI\TestRunner-&gt;run()
#58 E:\Chamba\Auspac\Nexo\nexo\vendor\phpunit\phpunit\phpunit(104): PHPUnit\TextUI\Application-&gt;run()
#59 {main}

----------------------------------------------------------------------------------

Target class [App\Modules\Organization\Service\OrganizationService] does not exist.
&#13;
E:\Chamba\Auspac\Nexo\nexo\vendor\laravel\framework\src\Illuminate\Testing\TestResponseAssert.php:45
E:\Chamba\Auspac\Nexo\nexo\vendor\laravel\framework\src\Illuminate\Testing\TestResponse.php:176
E:\Chamba\Auspac\Nexo\nexo\tests\Feature\Organization\OrganizationStoreTest.php:118</failure>
    </testcase>
    <testcase name="test_fails_when_tax_id_is_too_short" file="E:\Chamba\Auspac\Nexo\nexo\tests\Feature\Organization\OrganizationStoreTest.php" line="123" class="Tests\Feature\Organization\OrganizationStoreTest" classname="Tests.Feature.Organization.OrganizationStoreTest" assertions="1" time="0.015342">
      <failure type="PHPUnit\Framework\ExpectationFailedException">Tests\Feature\Organization\OrganizationStoreTest::test_fails_when_tax_id_is_too_short&#13;
Expected response status code [422] but received 500.
Failed asserting that 500 is identical to 422.&#13;
&#13;
The following exception occurred during the last request:

ReflectionException: Class "App\Modules\Organization\Service\OrganizationService" does not exist in E:\Chamba\Auspac\Nexo\nexo\vendor\laravel\framework\src\Illuminate\Container\Container.php:1125
Stack trace:
#0 E:\Chamba\Auspac\Nexo\nexo\vendor\laravel\framework\src\Illuminate\Container\Container.php(1125): ReflectionClass-&gt;__construct()
#1 E:\Chamba\Auspac\Nexo\nexo\vendor\laravel\framework\src\Illuminate\Container\Container.php(936): Illuminate\Container\Container-&gt;build()
#2 E:\Chamba\Auspac\Nexo\nexo\vendor\laravel\framework\src\Illuminate\Foundation\Application.php(1078): Illuminate\Container\Container-&gt;resolve()
#3 E:\Chamba\Auspac\Nexo\nexo\vendor\laravel\framework\src\Illuminate\Container\Container.php(864): Illuminate\Foundation\Application-&gt;resolve()
#4 E:\Chamba\Auspac\Nexo\nexo\vendor\laravel\framework\src\Illuminate\Foundation\Application.php(1058): Illuminate\Container\Container-&gt;make()
#5 E:\Chamba\Auspac\Nexo\nexo\vendor\laravel\framework\src\Illuminate\Container\Container.php(1339): Illuminate\Foundation\Application-&gt;make()
#6 E:\Chamba\Auspac\Nexo\nexo\vendor\laravel\framework\src\Illuminate\Container\Container.php(1240): Illuminate\Container\Container-&gt;resolveClass()
#7 E:\Chamba\Auspac\Nexo\nexo\vendor\laravel\framework\src\Illuminate\Container\Container.php(1165): Illuminate\Container\Container-&gt;resolveDependencies()
#8 E:\Chamba\Auspac\Nexo\nexo\vendor\laravel\framework\src\Illuminate\Container\Container.php(936): Illuminate\Container\Container-&gt;build()
#9 E:\Chamba\Auspac\Nexo\nexo\vendor\laravel\framework\src\Illuminate\Foundation\Application.php(1078): Illuminate\Container\Container-&gt;resolve()
#10 E:\Chamba\Auspac\Nexo\nexo\vendor\laravel\framework\src\Illuminate\Container\Container.php(864): Illuminate\Foundation\Application-&gt;resolve()
#11 E:\Chamba\Auspac\Nexo\nexo\vendor\laravel\framework\src\Illuminate\Foundation\Application.php(1058): Illuminate\Container\Container-&gt;make()
#12 E:\Chamba\Auspac\Nexo\nexo\vendor\laravel\framework\src\Illuminate\Routing\Route.php(290): Illuminate\Foundation\Application-&gt;make()
#13 E:\Chamba\Auspac\Nexo\nexo\vendor\laravel\framework\src\Illuminate\Routing\Route.php(270): Illuminate\Routing\Route-&gt;getController()
#14 E:\Chamba\Auspac\Nexo\nexo\vendor\laravel\framework\src\Illuminate\Routing\Route.php(215): Illuminate\Routing\Route-&gt;runController()
#15 E:\Chamba\Auspac\Nexo\nexo\vendor\laravel\framework\src\Illuminate\Routing\Router.php(822): Illuminate\Routing\Route-&gt;run()
#16 E:\Chamba\Auspac\Nexo\nexo\vendor\laravel\framework\src\Illuminate\Pipeline\Pipeline.php(180): Illuminate\Routing\Router-&gt;{closure:Illuminate\Routing\Router::runRouteWithinStack():821}()
#17 E:\Chamba\Auspac\Nexo\nexo\vendor\laravel\framework\src\Illuminate\Routing\Middleware\SubstituteBindings.php(52): Illuminate\Pipeline\Pipeline-&gt;{closure:Illuminate\Pipeline\Pipeline::prepareDestination():178}()
#18 E:\Chamba\Auspac\Nexo\nexo\vendor\laravel\framework\src\Illuminate\Pipeline\Pipeline.php(219): Illuminate\Routing\Middleware\SubstituteBindings-&gt;handle()
#19 E:\Chamba\Auspac\Nexo\nexo\vendor\laravel\framework\src\Illuminate\Pipeline\Pipeline.php(137): Illuminate\Pipeline\Pipeline-&gt;{closure:{closure:Illuminate\Pipeline\Pipeline::carry():194}:195}()
#20 E:\Chamba\Auspac\Nexo\nexo\vendor\laravel\framework\src\Illuminate\Routing\Router.php(821): Illuminate\Pipeline\Pipeline-&gt;then()
#21 E:\Chamba\Auspac\Nexo\nexo\vendor\laravel\framework\src\Illuminate\Routing\Router.php(800): Illuminate\Routing\Router-&gt;runRouteWithinStack()
#22 E:\Chamba\Auspac\Nexo\nexo\vendor\laravel\framework\src\Illuminate\Routing\Router.php(764): Illuminate\Routing\Router-&gt;runRoute()
#23 E:\Chamba\Auspac\Nexo\nexo\vendor\laravel\framework\src\Illuminate\Routing\Router.php(753): Illuminate\Routing\Router-&gt;dispatchToRoute()
#24 E:\Chamba\Auspac\Nexo\nexo\vendor\laravel\framework\src\Illuminate\Foundation\Http\Kernel.php(200): Illuminate\Routing\Router-&gt;dispatch()
#25 E:\Chamba\Auspac\Nexo\nexo\vendor\laravel\framework\src\Illuminate\Pipeline\Pipeline.php(180): Illuminate\Foundation\Http\Kernel-&gt;{closure:Illuminate\Foundation\Http\Kernel::dispatchToRouter():197}()
#26 E:\Chamba\Auspac\Nexo\nexo\vendor\laravel\framework\src\Illuminate\Foundation\Http\Middleware\TransformsRequest.php(21): Illuminate\Pipeline\Pipeline-&gt;{closure:Illuminate\Pipeline\Pipeline::prepareDestination():178}()
#27 E:\Chamba\Auspac\Nexo\nexo\vendor\laravel\framework\src\Illuminate\Foundation\Http\Middleware\ConvertEmptyStringsToNull.php(31): Illuminate\Foundation\Http\Middleware\TransformsRequest-&gt;handle()
#28 E:\Chamba\Auspac\Nexo\nexo\vendor\laravel\framework\src\Illuminate\Pipeline\Pipeline.php(219): Illuminate\Foundation\Http\Middleware\ConvertEmptyStringsToNull-&gt;handle()
#29 E:\Chamba\Auspac\Nexo\nexo\vendor\laravel\framework\src\Illuminate\Foundation\Http\Middleware\TransformsRequest.php(21): Illuminate\Pipeline\Pipeline-&gt;{closure:{closure:Illuminate\Pipeline\Pipeline::carry():194}:195}()
#30 E:\Chamba\Auspac\Nexo\nexo\vendor\laravel\framework\src\Illuminate\Foundation\Http\Middleware\TrimStrings.php(51): Illuminate\Foundation\Http\Middleware\TransformsRequest-&gt;handle()
#31 E:\Chamba\Auspac\Nexo\nexo\vendor\laravel\framework\src\Illuminate\Pipeline\Pipeline.php(219): Illuminate\Foundation\Http\Middleware\TrimStrings-&gt;handle()
#32 E:\Chamba\Auspac\Nexo\nexo\vendor\laravel\framework\src\Illuminate\Http\Middleware\ValidatePostSize.php(27): Illuminate\Pipeline\Pipeline-&gt;{closure:{closure:Illuminate\Pipeline\Pipeline::carry():194}:195}()
#33 E:\Chamba\Auspac\Nexo\nexo\vendor\laravel\framework\src\Illuminate\Pipeline\Pipeline.php(219): Illuminate\Http\Middleware\ValidatePostSize-&gt;handle()
#34 E:\Chamba\Auspac\Nexo\nexo\vendor\laravel\framework\src\Illuminate\Foundation\Http\Middleware\PreventRequestsDuringMaintenance.php(109): Illuminate\Pipeline\Pipeline-&gt;{closure:{closure:Illuminate\Pipeline\Pipeline::carry():194}:195}()
#35 E:\Chamba\Auspac\Nexo\nexo\vendor\laravel\framework\src\Illuminate\Pipeline\Pipeline.php(219): Illuminate\Foundation\Http\Middleware\PreventRequestsDuringMaintenance-&gt;handle()
#36 E:\Chamba\Auspac\Nexo\nexo\vendor\laravel\framework\src\Illuminate\Http\Middleware\HandleCors.php(74): Illuminate\Pipeline\Pipeline-&gt;{closure:{closure:Illuminate\Pipeline\Pipeline::carry():194}:195}()
#37 E:\Chamba\Auspac\Nexo\nexo\vendor\laravel\framework\src\Illuminate\Pipeline\Pipeline.php(219): Illuminate\Http\Middleware\HandleCors-&gt;handle()
#38 E:\Chamba\Auspac\Nexo\nexo\vendor\laravel\framework\src\Illuminate\Http\Middleware\TrustProxies.php(58): Illuminate\Pipeline\Pipeline-&gt;{closure:{closure:Illuminate\Pipeline\Pipeline::carry():194}:195}()
#39 E:\Chamba\Auspac\Nexo\nexo\vendor\laravel\framework\src\Illuminate\Pipeline\Pipeline.php(219): Illuminate\Http\Middleware\TrustProxies-&gt;handle()
#40 E:\Chamba\Auspac\Nexo\nexo\vendor\laravel\framework\src\Illuminate\Foundation\Http\Middleware\InvokeDeferredCallbacks.php(22): Illuminate\Pipeline\Pipeline-&gt;{closure:{closure:Illuminate\Pipeline\Pipeline::carry():194}:195}()
#41 E:\Chamba\Auspac\Nexo\nexo\vendor\laravel\framework\src\Illuminate\Pipeline\Pipeline.php(219): Illuminate\Foundation\Http\Middleware\InvokeDeferredCallbacks-&gt;handle()
#42 E:\Chamba\Auspac\Nexo\nexo\vendor\laravel\framework\src\Illuminate\Http\Middleware\ValidatePathEncoding.php(28): Illuminate\Pipeline\Pipeline-&gt;{closure:{closure:Illuminate\Pipeline\Pipeline::carry():194}:195}()
#43 E:\Chamba\Auspac\Nexo\nexo\vendor\laravel\framework\src\Illuminate\Pipeline\Pipeline.php(219): Illuminate\Http\Middleware\ValidatePathEncoding-&gt;handle()
#44 E:\Chamba\Auspac\Nexo\nexo\vendor\laravel\framework\src\Illuminate\Pipeline\Pipeline.php(137): Illuminate\Pipeline\Pipeline-&gt;{closure:{closure:Illuminate\Pipeline\Pipeline::carry():194}:195}()
#45 E:\Chamba\Auspac\Nexo\nexo\vendor\laravel\framework\src\Illuminate\Foundation\Http\Kernel.php(175): Illuminate\Pipeline\Pipeline-&gt;then()
#46 E:\Chamba\Auspac\Nexo\nexo\vendor\laravel\framework\src\Illuminate\Foundation\Http\Kernel.php(144): Illuminate\Foundation\Http\Kernel-&gt;sendRequestThroughRouter()
#47 E:\Chamba\Auspac\Nexo\nexo\vendor\laravel\framework\src\Illuminate\Foundation\Testing\Concerns\MakesHttpRequests.php(607): Illuminate\Foundation\Http\Kernel-&gt;handle()
#48 E:\Chamba\Auspac\Nexo\nexo\vendor\laravel\framework\src\Illuminate\Foundation\Testing\Concerns\MakesHttpRequests.php(573): Illuminate\Foundation\Testing\TestCase-&gt;call()
#49 E:\Chamba\Auspac\Nexo\nexo\vendor\laravel\framework\src\Illuminate\Foundation\Testing\Concerns\MakesHttpRequests.php(411): Illuminate\Foundation\Testing\TestCase-&gt;json()
#50 E:\Chamba\Auspac\Nexo\nexo\tests\Feature\Organization\OrganizationStoreTest.php(125): Illuminate\Foundation\Testing\TestCase-&gt;postJson()
#51 E:\Chamba\Auspac\Nexo\nexo\vendor\phpunit\phpunit\src\Framework\TestCase.php(1314): Tests\Feature\Organization\OrganizationStoreTest-&gt;test_fails_when_tax_id_is_too_short()
#52 E:\Chamba\Auspac\Nexo\nexo\vendor\phpunit\phpunit\src\Framework\TestCase.php(1351): PHPUnit\Framework\TestCase-&gt;invokeTestMethod()
#53 E:\Chamba\Auspac\Nexo\nexo\vendor\phpunit\phpunit\src\Framework\TestCase.php(521): PHPUnit\Framework\TestCase-&gt;runTest()
#54 E:\Chamba\Auspac\Nexo\nexo\vendor\phpunit\phpunit\src\Framework\TestRunner\TestRunner.php(99): PHPUnit\Framework\TestCase-&gt;runBare()
#55 E:\Chamba\Auspac\Nexo\nexo\vendor\phpunit\phpunit\src\Framework\TestCase.php(361): PHPUnit\Framework\TestRunner-&gt;run()
#56 E:\Chamba\Auspac\Nexo\nexo\vendor\phpunit\phpunit\src\Framework\TestSuite.php(374): PHPUnit\Framework\TestCase-&gt;run()
#57 E:\Chamba\Auspac\Nexo\nexo\vendor\phpunit\phpunit\src\TextUI\TestRunner.php(64): PHPUnit\Framework\TestSuite-&gt;run()
#58 E:\Chamba\Auspac\Nexo\nexo\vendor\phpunit\phpunit\src\TextUI\Application.php(229): PHPUnit\TextUI\TestRunner-&gt;run()
#59 E:\Chamba\Auspac\Nexo\nexo\vendor\phpunit\phpunit\phpunit(104): PHPUnit\TextUI\Application-&gt;run()
#60 {main}

Next Illuminate\Contracts\Container\BindingResolutionException: Target class [App\Modules\Organization\Service\OrganizationService] does not exist. in E:\Chamba\Auspac\Nexo\nexo\vendor\laravel\framework\src\Illuminate\Container\Container.php:1127
Stack trace:
#0 E:\Chamba\Auspac\Nexo\nexo\vendor\laravel\framework\src\Illuminate\Container\Container.php(936): Illuminate\Container\Container-&gt;build()
#1 E:\Chamba\Auspac\Nexo\nexo\vendor\laravel\framework\src\Illuminate\Foundation\Application.php(1078): Illuminate\Container\Container-&gt;resolve()
#2 E:\Chamba\Auspac\Nexo\nexo\vendor\laravel\framework\src\Illuminate\Container\Container.php(864): Illuminate\Foundation\Application-&gt;resolve()
#3 E:\Chamba\Auspac\Nexo\nexo\vendor\laravel\framework\src\Illuminate\Foundation\Application.php(1058): Illuminate\Container\Container-&gt;make()
#4 E:\Chamba\Auspac\Nexo\nexo\vendor\laravel\framework\src\Illuminate\Container\Container.php(1339): Illuminate\Foundation\Application-&gt;make()
#5 E:\Chamba\Auspac\Nexo\nexo\vendor\laravel\framework\src\Illuminate\Container\Container.php(1240): Illuminate\Container\Container-&gt;resolveClass()
#6 E:\Chamba\Auspac\Nexo\nexo\vendor\laravel\framework\src\Illuminate\Container\Container.php(1165): Illuminate\Container\Container-&gt;resolveDependencies()
#7 E:\Chamba\Auspac\Nexo\nexo\vendor\laravel\framework\src\Illuminate\Container\Container.php(936): Illuminate\Container\Container-&gt;build()
#8 E:\Chamba\Auspac\Nexo\nexo\vendor\laravel\framework\src\Illuminate\Foundation\Application.php(1078): Illuminate\Container\Container-&gt;resolve()
#9 E:\Chamba\Auspac\Nexo\nexo\vendor\laravel\framework\src\Illuminate\Container\Container.php(864): Illuminate\Foundation\Application-&gt;resolve()
#10 E:\Chamba\Auspac\Nexo\nexo\vendor\laravel\framework\src\Illuminate\Foundation\Application.php(1058): Illuminate\Container\Container-&gt;make()
#11 E:\Chamba\Auspac\Nexo\nexo\vendor\laravel\framework\src\Illuminate\Routing\Route.php(290): Illuminate\Foundation\Application-&gt;make()
#12 E:\Chamba\Auspac\Nexo\nexo\vendor\laravel\framework\src\Illuminate\Routing\Route.php(270): Illuminate\Routing\Route-&gt;getController()
#13 E:\Chamba\Auspac\Nexo\nexo\vendor\laravel\framework\src\Illuminate\Routing\Route.php(215): Illuminate\Routing\Route-&gt;runController()
#14 E:\Chamba\Auspac\Nexo\nexo\vendor\laravel\framework\src\Illuminate\Routing\Router.php(822): Illuminate\Routing\Route-&gt;run()
#15 E:\Chamba\Auspac\Nexo\nexo\vendor\laravel\framework\src\Illuminate\Pipeline\Pipeline.php(180): Illuminate\Routing\Router-&gt;{closure:Illuminate\Routing\Router::runRouteWithinStack():821}()
#16 E:\Chamba\Auspac\Nexo\nexo\vendor\laravel\framework\src\Illuminate\Routing\Middleware\SubstituteBindings.php(52): Illuminate\Pipeline\Pipeline-&gt;{closure:Illuminate\Pipeline\Pipeline::prepareDestination():178}()
#17 E:\Chamba\Auspac\Nexo\nexo\vendor\laravel\framework\src\Illuminate\Pipeline\Pipeline.php(219): Illuminate\Routing\Middleware\SubstituteBindings-&gt;handle()
#18 E:\Chamba\Auspac\Nexo\nexo\vendor\laravel\framework\src\Illuminate\Pipeline\Pipeline.php(137): Illuminate\Pipeline\Pipeline-&gt;{closure:{closure:Illuminate\Pipeline\Pipeline::carry():194}:195}()
#19 E:\Chamba\Auspac\Nexo\nexo\vendor\laravel\framework\src\Illuminate\Routing\Router.php(821): Illuminate\Pipeline\Pipeline-&gt;then()
#20 E:\Chamba\Auspac\Nexo\nexo\vendor\laravel\framework\src\Illuminate\Routing\Router.php(800): Illuminate\Routing\Router-&gt;runRouteWithinStack()
#21 E:\Chamba\Auspac\Nexo\nexo\vendor\laravel\framework\src\Illuminate\Routing\Router.php(764): Illuminate\Routing\Router-&gt;runRoute()
#22 E:\Chamba\Auspac\Nexo\nexo\vendor\laravel\framework\src\Illuminate\Routing\Router.php(753): Illuminate\Routing\Router-&gt;dispatchToRoute()
#23 E:\Chamba\Auspac\Nexo\nexo\vendor\laravel\framework\src\Illuminate\Foundation\Http\Kernel.php(200): Illuminate\Routing\Router-&gt;dispatch()
#24 E:\Chamba\Auspac\Nexo\nexo\vendor\laravel\framework\src\Illuminate\Pipeline\Pipeline.php(180): Illuminate\Foundation\Http\Kernel-&gt;{closure:Illuminate\Foundation\Http\Kernel::dispatchToRouter():197}()
#25 E:\Chamba\Auspac\Nexo\nexo\vendor\laravel\framework\src\Illuminate\Foundation\Http\Middleware\TransformsRequest.php(21): Illuminate\Pipeline\Pipeline-&gt;{closure:Illuminate\Pipeline\Pipeline::prepareDestination():178}()
#26 E:\Chamba\Auspac\Nexo\nexo\vendor\laravel\framework\src\Illuminate\Foundation\Http\Middleware\ConvertEmptyStringsToNull.php(31): Illuminate\Foundation\Http\Middleware\TransformsRequest-&gt;handle()
#27 E:\Chamba\Auspac\Nexo\nexo\vendor\laravel\framework\src\Illuminate\Pipeline\Pipeline.php(219): Illuminate\Foundation\Http\Middleware\ConvertEmptyStringsToNull-&gt;handle()
#28 E:\Chamba\Auspac\Nexo\nexo\vendor\laravel\framework\src\Illuminate\Foundation\Http\Middleware\TransformsRequest.php(21): Illuminate\Pipeline\Pipeline-&gt;{closure:{closure:Illuminate\Pipeline\Pipeline::carry():194}:195}()
#29 E:\Chamba\Auspac\Nexo\nexo\vendor\laravel\framework\src\Illuminate\Foundation\Http\Middleware\TrimStrings.php(51): Illuminate\Foundation\Http\Middleware\TransformsRequest-&gt;handle()
#30 E:\Chamba\Auspac\Nexo\nexo\vendor\laravel\framework\src\Illuminate\Pipeline\Pipeline.php(219): Illuminate\Foundation\Http\Middleware\TrimStrings-&gt;handle()
#31 E:\Chamba\Auspac\Nexo\nexo\vendor\laravel\framework\src\Illuminate\Http\Middleware\ValidatePostSize.php(27): Illuminate\Pipeline\Pipeline-&gt;{closure:{closure:Illuminate\Pipeline\Pipeline::carry():194}:195}()
#32 E:\Chamba\Auspac\Nexo\nexo\vendor\laravel\framework\src\Illuminate\Pipeline\Pipeline.php(219): Illuminate\Http\Middleware\ValidatePostSize-&gt;handle()
#33 E:\Chamba\Auspac\Nexo\nexo\vendor\laravel\framework\src\Illuminate\Foundation\Http\Middleware\PreventRequestsDuringMaintenance.php(109): Illuminate\Pipeline\Pipeline-&gt;{closure:{closure:Illuminate\Pipeline\Pipeline::carry():194}:195}()
#34 E:\Chamba\Auspac\Nexo\nexo\vendor\laravel\framework\src\Illuminate\Pipeline\Pipeline.php(219): Illuminate\Foundation\Http\Middleware\PreventRequestsDuringMaintenance-&gt;handle()
#35 E:\Chamba\Auspac\Nexo\nexo\vendor\laravel\framework\src\Illuminate\Http\Middleware\HandleCors.php(74): Illuminate\Pipeline\Pipeline-&gt;{closure:{closure:Illuminate\Pipeline\Pipeline::carry():194}:195}()
#36 E:\Chamba\Auspac\Nexo\nexo\vendor\laravel\framework\src\Illuminate\Pipeline\Pipeline.php(219): Illuminate\Http\Middleware\HandleCors-&gt;handle()
#37 E:\Chamba\Auspac\Nexo\nexo\vendor\laravel\framework\src\Illuminate\Http\Middleware\TrustProxies.php(58): Illuminate\Pipeline\Pipeline-&gt;{closure:{closure:Illuminate\Pipeline\Pipeline::carry():194}:195}()
#38 E:\Chamba\Auspac\Nexo\nexo\vendor\laravel\framework\src\Illuminate\Pipeline\Pipeline.php(219): Illuminate\Http\Middleware\TrustProxies-&gt;handle()
#39 E:\Chamba\Auspac\Nexo\nexo\vendor\laravel\framework\src\Illuminate\Foundation\Http\Middleware\InvokeDeferredCallbacks.php(22): Illuminate\Pipeline\Pipeline-&gt;{closure:{closure:Illuminate\Pipeline\Pipeline::carry():194}:195}()
#40 E:\Chamba\Auspac\Nexo\nexo\vendor\laravel\framework\src\Illuminate\Pipeline\Pipeline.php(219): Illuminate\Foundation\Http\Middleware\InvokeDeferredCallbacks-&gt;handle()
#41 E:\Chamba\Auspac\Nexo\nexo\vendor\laravel\framework\src\Illuminate\Http\Middleware\ValidatePathEncoding.php(28): Illuminate\Pipeline\Pipeline-&gt;{closure:{closure:Illuminate\Pipeline\Pipeline::carry():194}:195}()
#42 E:\Chamba\Auspac\Nexo\nexo\vendor\laravel\framework\src\Illuminate\Pipeline\Pipeline.php(219): Illuminate\Http\Middleware\ValidatePathEncoding-&gt;handle()
#43 E:\Chamba\Auspac\Nexo\nexo\vendor\laravel\framework\src\Illuminate\Pipeline\Pipeline.php(137): Illuminate\Pipeline\Pipeline-&gt;{closure:{closure:Illuminate\Pipeline\Pipeline::carry():194}:195}()
#44 E:\Chamba\Auspac\Nexo\nexo\vendor\laravel\framework\src\Illuminate\Foundation\Http\Kernel.php(175): Illuminate\Pipeline\Pipeline-&gt;then()
#45 E:\Chamba\Auspac\Nexo\nexo\vendor\laravel\framework\src\Illuminate\Foundation\Http\Kernel.php(144): Illuminate\Foundation\Http\Kernel-&gt;sendRequestThroughRouter()
#46 E:\Chamba\Auspac\Nexo\nexo\vendor\laravel\framework\src\Illuminate\Foundation\Testing\Concerns\MakesHttpRequests.php(607): Illuminate\Foundation\Http\Kernel-&gt;handle()
#47 E:\Chamba\Auspac\Nexo\nexo\vendor\laravel\framework\src\Illuminate\Foundation\Testing\Concerns\MakesHttpRequests.php(573): Illuminate\Foundation\Testing\TestCase-&gt;call()
#48 E:\Chamba\Auspac\Nexo\nexo\vendor\laravel\framework\src\Illuminate\Foundation\Testing\Concerns\MakesHttpRequests.php(411): Illuminate\Foundation\Testing\TestCase-&gt;json()
#49 E:\Chamba\Auspac\Nexo\nexo\tests\Feature\Organization\OrganizationStoreTest.php(125): Illuminate\Foundation\Testing\TestCase-&gt;postJson()
#50 E:\Chamba\Auspac\Nexo\nexo\vendor\phpunit\phpunit\src\Framework\TestCase.php(1314): Tests\Feature\Organization\OrganizationStoreTest-&gt;test_fails_when_tax_id_is_too_short()
#51 E:\Chamba\Auspac\Nexo\nexo\vendor\phpunit\phpunit\src\Framework\TestCase.php(1351): PHPUnit\Framework\TestCase-&gt;invokeTestMethod()
#52 E:\Chamba\Auspac\Nexo\nexo\vendor\phpunit\phpunit\src\Framework\TestCase.php(521): PHPUnit\Framework\TestCase-&gt;runTest()
#53 E:\Chamba\Auspac\Nexo\nexo\vendor\phpunit\phpunit\src\Framework\TestRunner\TestRunner.php(99): PHPUnit\Framework\TestCase-&gt;runBare()
#54 E:\Chamba\Auspac\Nexo\nexo\vendor\phpunit\phpunit\src\Framework\TestCase.php(361): PHPUnit\Framework\TestRunner-&gt;run()
#55 E:\Chamba\Auspac\Nexo\nexo\vendor\phpunit\phpunit\src\Framework\TestSuite.php(374): PHPUnit\Framework\TestCase-&gt;run()
#56 E:\Chamba\Auspac\Nexo\nexo\vendor\phpunit\phpunit\src\TextUI\TestRunner.php(64): PHPUnit\Framework\TestSuite-&gt;run()
#57 E:\Chamba\Auspac\Nexo\nexo\vendor\phpunit\phpunit\src\TextUI\Application.php(229): PHPUnit\TextUI\TestRunner-&gt;run()
#58 E:\Chamba\Auspac\Nexo\nexo\vendor\phpunit\phpunit\phpunit(104): PHPUnit\TextUI\Application-&gt;run()
#59 {main}

----------------------------------------------------------------------------------

Target class [App\Modules\Organization\Service\OrganizationService] does not exist.
&#13;
E:\Chamba\Auspac\Nexo\nexo\vendor\laravel\framework\src\Illuminate\Testing\TestResponseAssert.php:45
E:\Chamba\Auspac\Nexo\nexo\vendor\laravel\framework\src\Illuminate\Testing\TestResponse.php:176
E:\Chamba\Auspac\Nexo\nexo\tests\Feature\Organization\OrganizationStoreTest.php:127</failure>
    </testcase>
    <testcase name="test_fails_when_tax_id_is_too_long" file="E:\Chamba\Auspac\Nexo\nexo\tests\Feature\Organization\OrganizationStoreTest.php" line="132" class="Tests\Feature\Organization\OrganizationStoreTest" classname="Tests.Feature.Organization.OrganizationStoreTest" assertions="1" time="0.015925">
      <failure type="PHPUnit\Framework\ExpectationFailedException">Tests\Feature\Organization\OrganizationStoreTest::test_fails_when_tax_id_is_too_long&#13;
Expected response status code [422] but received 500.
Failed asserting that 500 is identical to 422.&#13;
&#13;
The following exception occurred during the last request:

ReflectionException: Class "App\Modules\Organization\Service\OrganizationService" does not exist in E:\Chamba\Auspac\Nexo\nexo\vendor\laravel\framework\src\Illuminate\Container\Container.php:1125
Stack trace:
#0 E:\Chamba\Auspac\Nexo\nexo\vendor\laravel\framework\src\Illuminate\Container\Container.php(1125): ReflectionClass-&gt;__construct()
#1 E:\Chamba\Auspac\Nexo\nexo\vendor\laravel\framework\src\Illuminate\Container\Container.php(936): Illuminate\Container\Container-&gt;build()
#2 E:\Chamba\Auspac\Nexo\nexo\vendor\laravel\framework\src\Illuminate\Foundation\Application.php(1078): Illuminate\Container\Container-&gt;resolve()
#3 E:\Chamba\Auspac\Nexo\nexo\vendor\laravel\framework\src\Illuminate\Container\Container.php(864): Illuminate\Foundation\Application-&gt;resolve()
#4 E:\Chamba\Auspac\Nexo\nexo\vendor\laravel\framework\src\Illuminate\Foundation\Application.php(1058): Illuminate\Container\Container-&gt;make()
#5 E:\Chamba\Auspac\Nexo\nexo\vendor\laravel\framework\src\Illuminate\Container\Container.php(1339): Illuminate\Foundation\Application-&gt;make()
#6 E:\Chamba\Auspac\Nexo\nexo\vendor\laravel\framework\src\Illuminate\Container\Container.php(1240): Illuminate\Container\Container-&gt;resolveClass()
#7 E:\Chamba\Auspac\Nexo\nexo\vendor\laravel\framework\src\Illuminate\Container\Container.php(1165): Illuminate\Container\Container-&gt;resolveDependencies()
#8 E:\Chamba\Auspac\Nexo\nexo\vendor\laravel\framework\src\Illuminate\Container\Container.php(936): Illuminate\Container\Container-&gt;build()
#9 E:\Chamba\Auspac\Nexo\nexo\vendor\laravel\framework\src\Illuminate\Foundation\Application.php(1078): Illuminate\Container\Container-&gt;resolve()
#10 E:\Chamba\Auspac\Nexo\nexo\vendor\laravel\framework\src\Illuminate\Container\Container.php(864): Illuminate\Foundation\Application-&gt;resolve()
#11 E:\Chamba\Auspac\Nexo\nexo\vendor\laravel\framework\src\Illuminate\Foundation\Application.php(1058): Illuminate\Container\Container-&gt;make()
#12 E:\Chamba\Auspac\Nexo\nexo\vendor\laravel\framework\src\Illuminate\Routing\Route.php(290): Illuminate\Foundation\Application-&gt;make()
#13 E:\Chamba\Auspac\Nexo\nexo\vendor\laravel\framework\src\Illuminate\Routing\Route.php(270): Illuminate\Routing\Route-&gt;getController()
#14 E:\Chamba\Auspac\Nexo\nexo\vendor\laravel\framework\src\Illuminate\Routing\Route.php(215): Illuminate\Routing\Route-&gt;runController()
#15 E:\Chamba\Auspac\Nexo\nexo\vendor\laravel\framework\src\Illuminate\Routing\Router.php(822): Illuminate\Routing\Route-&gt;run()
#16 E:\Chamba\Auspac\Nexo\nexo\vendor\laravel\framework\src\Illuminate\Pipeline\Pipeline.php(180): Illuminate\Routing\Router-&gt;{closure:Illuminate\Routing\Router::runRouteWithinStack():821}()
#17 E:\Chamba\Auspac\Nexo\nexo\vendor\laravel\framework\src\Illuminate\Routing\Middleware\SubstituteBindings.php(52): Illuminate\Pipeline\Pipeline-&gt;{closure:Illuminate\Pipeline\Pipeline::prepareDestination():178}()
#18 E:\Chamba\Auspac\Nexo\nexo\vendor\laravel\framework\src\Illuminate\Pipeline\Pipeline.php(219): Illuminate\Routing\Middleware\SubstituteBindings-&gt;handle()
#19 E:\Chamba\Auspac\Nexo\nexo\vendor\laravel\framework\src\Illuminate\Pipeline\Pipeline.php(137): Illuminate\Pipeline\Pipeline-&gt;{closure:{closure:Illuminate\Pipeline\Pipeline::carry():194}:195}()
#20 E:\Chamba\Auspac\Nexo\nexo\vendor\laravel\framework\src\Illuminate\Routing\Router.php(821): Illuminate\Pipeline\Pipeline-&gt;then()
#21 E:\Chamba\Auspac\Nexo\nexo\vendor\laravel\framework\src\Illuminate\Routing\Router.php(800): Illuminate\Routing\Router-&gt;runRouteWithinStack()
#22 E:\Chamba\Auspac\Nexo\nexo\vendor\laravel\framework\src\Illuminate\Routing\Router.php(764): Illuminate\Routing\Router-&gt;runRoute()
#23 E:\Chamba\Auspac\Nexo\nexo\vendor\laravel\framework\src\Illuminate\Routing\Router.php(753): Illuminate\Routing\Router-&gt;dispatchToRoute()
#24 E:\Chamba\Auspac\Nexo\nexo\vendor\laravel\framework\src\Illuminate\Foundation\Http\Kernel.php(200): Illuminate\Routing\Router-&gt;dispatch()
#25 E:\Chamba\Auspac\Nexo\nexo\vendor\laravel\framework\src\Illuminate\Pipeline\Pipeline.php(180): Illuminate\Foundation\Http\Kernel-&gt;{closure:Illuminate\Foundation\Http\Kernel::dispatchToRouter():197}()
#26 E:\Chamba\Auspac\Nexo\nexo\vendor\laravel\framework\src\Illuminate\Foundation\Http\Middleware\TransformsRequest.php(21): Illuminate\Pipeline\Pipeline-&gt;{closure:Illuminate\Pipeline\Pipeline::prepareDestination():178}()
#27 E:\Chamba\Auspac\Nexo\nexo\vendor\laravel\framework\src\Illuminate\Foundation\Http\Middleware\ConvertEmptyStringsToNull.php(31): Illuminate\Foundation\Http\Middleware\TransformsRequest-&gt;handle()
#28 E:\Chamba\Auspac\Nexo\nexo\vendor\laravel\framework\src\Illuminate\Pipeline\Pipeline.php(219): Illuminate\Foundation\Http\Middleware\ConvertEmptyStringsToNull-&gt;handle()
#29 E:\Chamba\Auspac\Nexo\nexo\vendor\laravel\framework\src\Illuminate\Foundation\Http\Middleware\TransformsRequest.php(21): Illuminate\Pipeline\Pipeline-&gt;{closure:{closure:Illuminate\Pipeline\Pipeline::carry():194}:195}()
#30 E:\Chamba\Auspac\Nexo\nexo\vendor\laravel\framework\src\Illuminate\Foundation\Http\Middleware\TrimStrings.php(51): Illuminate\Foundation\Http\Middleware\TransformsRequest-&gt;handle()
#31 E:\Chamba\Auspac\Nexo\nexo\vendor\laravel\framework\src\Illuminate\Pipeline\Pipeline.php(219): Illuminate\Foundation\Http\Middleware\TrimStrings-&gt;handle()
#32 E:\Chamba\Auspac\Nexo\nexo\vendor\laravel\framework\src\Illuminate\Http\Middleware\ValidatePostSize.php(27): Illuminate\Pipeline\Pipeline-&gt;{closure:{closure:Illuminate\Pipeline\Pipeline::carry():194}:195}()
#33 E:\Chamba\Auspac\Nexo\nexo\vendor\laravel\framework\src\Illuminate\Pipeline\Pipeline.php(219): Illuminate\Http\Middleware\ValidatePostSize-&gt;handle()
#34 E:\Chamba\Auspac\Nexo\nexo\vendor\laravel\framework\src\Illuminate\Foundation\Http\Middleware\PreventRequestsDuringMaintenance.php(109): Illuminate\Pipeline\Pipeline-&gt;{closure:{closure:Illuminate\Pipeline\Pipeline::carry():194}:195}()
#35 E:\Chamba\Auspac\Nexo\nexo\vendor\laravel\framework\src\Illuminate\Pipeline\Pipeline.php(219): Illuminate\Foundation\Http\Middleware\PreventRequestsDuringMaintenance-&gt;handle()
#36 E:\Chamba\Auspac\Nexo\nexo\vendor\laravel\framework\src\Illuminate\Http\Middleware\HandleCors.php(74): Illuminate\Pipeline\Pipeline-&gt;{closure:{closure:Illuminate\Pipeline\Pipeline::carry():194}:195}()
#37 E:\Chamba\Auspac\Nexo\nexo\vendor\laravel\framework\src\Illuminate\Pipeline\Pipeline.php(219): Illuminate\Http\Middleware\HandleCors-&gt;handle()
#38 E:\Chamba\Auspac\Nexo\nexo\vendor\laravel\framework\src\Illuminate\Http\Middleware\TrustProxies.php(58): Illuminate\Pipeline\Pipeline-&gt;{closure:{closure:Illuminate\Pipeline\Pipeline::carry():194}:195}()
#39 E:\Chamba\Auspac\Nexo\nexo\vendor\laravel\framework\src\Illuminate\Pipeline\Pipeline.php(219): Illuminate\Http\Middleware\TrustProxies-&gt;handle()
#40 E:\Chamba\Auspac\Nexo\nexo\vendor\laravel\framework\src\Illuminate\Foundation\Http\Middleware\InvokeDeferredCallbacks.php(22): Illuminate\Pipeline\Pipeline-&gt;{closure:{closure:Illuminate\Pipeline\Pipeline::carry():194}:195}()
#41 E:\Chamba\Auspac\Nexo\nexo\vendor\laravel\framework\src\Illuminate\Pipeline\Pipeline.php(219): Illuminate\Foundation\Http\Middleware\InvokeDeferredCallbacks-&gt;handle()
#42 E:\Chamba\Auspac\Nexo\nexo\vendor\laravel\framework\src\Illuminate\Http\Middleware\ValidatePathEncoding.php(28): Illuminate\Pipeline\Pipeline-&gt;{closure:{closure:Illuminate\Pipeline\Pipeline::carry():194}:195}()
#43 E:\Chamba\Auspac\Nexo\nexo\vendor\laravel\framework\src\Illuminate\Pipeline\Pipeline.php(219): Illuminate\Http\Middleware\ValidatePathEncoding-&gt;handle()
#44 E:\Chamba\Auspac\Nexo\nexo\vendor\laravel\framework\src\Illuminate\Pipeline\Pipeline.php(137): Illuminate\Pipeline\Pipeline-&gt;{closure:{closure:Illuminate\Pipeline\Pipeline::carry():194}:195}()
#45 E:\Chamba\Auspac\Nexo\nexo\vendor\laravel\framework\src\Illuminate\Foundation\Http\Kernel.php(175): Illuminate\Pipeline\Pipeline-&gt;then()
#46 E:\Chamba\Auspac\Nexo\nexo\vendor\laravel\framework\src\Illuminate\Foundation\Http\Kernel.php(144): Illuminate\Foundation\Http\Kernel-&gt;sendRequestThroughRouter()
#47 E:\Chamba\Auspac\Nexo\nexo\vendor\laravel\framework\src\Illuminate\Foundation\Testing\Concerns\MakesHttpRequests.php(607): Illuminate\Foundation\Http\Kernel-&gt;handle()
#48 E:\Chamba\Auspac\Nexo\nexo\vendor\laravel\framework\src\Illuminate\Foundation\Testing\Concerns\MakesHttpRequests.php(573): Illuminate\Foundation\Testing\TestCase-&gt;call()
#49 E:\Chamba\Auspac\Nexo\nexo\vendor\laravel\framework\src\Illuminate\Foundation\Testing\Concerns\MakesHttpRequests.php(411): Illuminate\Foundation\Testing\TestCase-&gt;json()
#50 E:\Chamba\Auspac\Nexo\nexo\tests\Feature\Organization\OrganizationStoreTest.php(134): Illuminate\Foundation\Testing\TestCase-&gt;postJson()
#51 E:\Chamba\Auspac\Nexo\nexo\vendor\phpunit\phpunit\src\Framework\TestCase.php(1314): Tests\Feature\Organization\OrganizationStoreTest-&gt;test_fails_when_tax_id_is_too_long()
#52 E:\Chamba\Auspac\Nexo\nexo\vendor\phpunit\phpunit\src\Framework\TestCase.php(1351): PHPUnit\Framework\TestCase-&gt;invokeTestMethod()
#53 E:\Chamba\Auspac\Nexo\nexo\vendor\phpunit\phpunit\src\Framework\TestCase.php(521): PHPUnit\Framework\TestCase-&gt;runTest()
#54 E:\Chamba\Auspac\Nexo\nexo\vendor\phpunit\phpunit\src\Framework\TestRunner\TestRunner.php(99): PHPUnit\Framework\TestCase-&gt;runBare()
#55 E:\Chamba\Auspac\Nexo\nexo\vendor\phpunit\phpunit\src\Framework\TestCase.php(361): PHPUnit\Framework\TestRunner-&gt;run()
#56 E:\Chamba\Auspac\Nexo\nexo\vendor\phpunit\phpunit\src\Framework\TestSuite.php(374): PHPUnit\Framework\TestCase-&gt;run()
#57 E:\Chamba\Auspac\Nexo\nexo\vendor\phpunit\phpunit\src\TextUI\TestRunner.php(64): PHPUnit\Framework\TestSuite-&gt;run()
#58 E:\Chamba\Auspac\Nexo\nexo\vendor\phpunit\phpunit\src\TextUI\Application.php(229): PHPUnit\TextUI\TestRunner-&gt;run()
#59 E:\Chamba\Auspac\Nexo\nexo\vendor\phpunit\phpunit\phpunit(104): PHPUnit\TextUI\Application-&gt;run()
#60 {main}

Next Illuminate\Contracts\Container\BindingResolutionException: Target class [App\Modules\Organization\Service\OrganizationService] does not exist. in E:\Chamba\Auspac\Nexo\nexo\vendor\laravel\framework\src\Illuminate\Container\Container.php:1127
Stack trace:
#0 E:\Chamba\Auspac\Nexo\nexo\vendor\laravel\framework\src\Illuminate\Container\Container.php(936): Illuminate\Container\Container-&gt;build()
#1 E:\Chamba\Auspac\Nexo\nexo\vendor\laravel\framework\src\Illuminate\Foundation\Application.php(1078): Illuminate\Container\Container-&gt;resolve()
#2 E:\Chamba\Auspac\Nexo\nexo\vendor\laravel\framework\src\Illuminate\Container\Container.php(864): Illuminate\Foundation\Application-&gt;resolve()
#3 E:\Chamba\Auspac\Nexo\nexo\vendor\laravel\framework\src\Illuminate\Foundation\Application.php(1058): Illuminate\Container\Container-&gt;make()
#4 E:\Chamba\Auspac\Nexo\nexo\vendor\laravel\framework\src\Illuminate\Container\Container.php(1339): Illuminate\Foundation\Application-&gt;make()
#5 E:\Chamba\Auspac\Nexo\nexo\vendor\laravel\framework\src\Illuminate\Container\Container.php(1240): Illuminate\Container\Container-&gt;resolveClass()
#6 E:\Chamba\Auspac\Nexo\nexo\vendor\laravel\framework\src\Illuminate\Container\Container.php(1165): Illuminate\Container\Container-&gt;resolveDependencies()
#7 E:\Chamba\Auspac\Nexo\nexo\vendor\laravel\framework\src\Illuminate\Container\Container.php(936): Illuminate\Container\Container-&gt;build()
#8 E:\Chamba\Auspac\Nexo\nexo\vendor\laravel\framework\src\Illuminate\Foundation\Application.php(1078): Illuminate\Container\Container-&gt;resolve()
#9 E:\Chamba\Auspac\Nexo\nexo\vendor\laravel\framework\src\Illuminate\Container\Container.php(864): Illuminate\Foundation\Application-&gt;resolve()
#10 E:\Chamba\Auspac\Nexo\nexo\vendor\laravel\framework\src\Illuminate\Foundation\Application.php(1058): Illuminate\Container\Container-&gt;make()
#11 E:\Chamba\Auspac\Nexo\nexo\vendor\laravel\framework\src\Illuminate\Routing\Route.php(290): Illuminate\Foundation\Application-&gt;make()
#12 E:\Chamba\Auspac\Nexo\nexo\vendor\laravel\framework\src\Illuminate\Routing\Route.php(270): Illuminate\Routing\Route-&gt;getController()
#13 E:\Chamba\Auspac\Nexo\nexo\vendor\laravel\framework\src\Illuminate\Routing\Route.php(215): Illuminate\Routing\Route-&gt;runController()
#14 E:\Chamba\Auspac\Nexo\nexo\vendor\laravel\framework\src\Illuminate\Routing\Router.php(822): Illuminate\Routing\Route-&gt;run()
#15 E:\Chamba\Auspac\Nexo\nexo\vendor\laravel\framework\src\Illuminate\Pipeline\Pipeline.php(180): Illuminate\Routing\Router-&gt;{closure:Illuminate\Routing\Router::runRouteWithinStack():821}()
#16 E:\Chamba\Auspac\Nexo\nexo\vendor\laravel\framework\src\Illuminate\Routing\Middleware\SubstituteBindings.php(52): Illuminate\Pipeline\Pipeline-&gt;{closure:Illuminate\Pipeline\Pipeline::prepareDestination():178}()
#17 E:\Chamba\Auspac\Nexo\nexo\vendor\laravel\framework\src\Illuminate\Pipeline\Pipeline.php(219): Illuminate\Routing\Middleware\SubstituteBindings-&gt;handle()
#18 E:\Chamba\Auspac\Nexo\nexo\vendor\laravel\framework\src\Illuminate\Pipeline\Pipeline.php(137): Illuminate\Pipeline\Pipeline-&gt;{closure:{closure:Illuminate\Pipeline\Pipeline::carry():194}:195}()
#19 E:\Chamba\Auspac\Nexo\nexo\vendor\laravel\framework\src\Illuminate\Routing\Router.php(821): Illuminate\Pipeline\Pipeline-&gt;then()
#20 E:\Chamba\Auspac\Nexo\nexo\vendor\laravel\framework\src\Illuminate\Routing\Router.php(800): Illuminate\Routing\Router-&gt;runRouteWithinStack()
#21 E:\Chamba\Auspac\Nexo\nexo\vendor\laravel\framework\src\Illuminate\Routing\Router.php(764): Illuminate\Routing\Router-&gt;runRoute()
#22 E:\Chamba\Auspac\Nexo\nexo\vendor\laravel\framework\src\Illuminate\Routing\Router.php(753): Illuminate\Routing\Router-&gt;dispatchToRoute()
#23 E:\Chamba\Auspac\Nexo\nexo\vendor\laravel\framework\src\Illuminate\Foundation\Http\Kernel.php(200): Illuminate\Routing\Router-&gt;dispatch()
#24 E:\Chamba\Auspac\Nexo\nexo\vendor\laravel\framework\src\Illuminate\Pipeline\Pipeline.php(180): Illuminate\Foundation\Http\Kernel-&gt;{closure:Illuminate\Foundation\Http\Kernel::dispatchToRouter():197}()
#25 E:\Chamba\Auspac\Nexo\nexo\vendor\laravel\framework\src\Illuminate\Foundation\Http\Middleware\TransformsRequest.php(21): Illuminate\Pipeline\Pipeline-&gt;{closure:Illuminate\Pipeline\Pipeline::prepareDestination():178}()
#26 E:\Chamba\Auspac\Nexo\nexo\vendor\laravel\framework\src\Illuminate\Foundation\Http\Middleware\ConvertEmptyStringsToNull.php(31): Illuminate\Foundation\Http\Middleware\TransformsRequest-&gt;handle()
#27 E:\Chamba\Auspac\Nexo\nexo\vendor\laravel\framework\src\Illuminate\Pipeline\Pipeline.php(219): Illuminate\Foundation\Http\Middleware\ConvertEmptyStringsToNull-&gt;handle()
#28 E:\Chamba\Auspac\Nexo\nexo\vendor\laravel\framework\src\Illuminate\Foundation\Http\Middleware\TransformsRequest.php(21): Illuminate\Pipeline\Pipeline-&gt;{closure:{closure:Illuminate\Pipeline\Pipeline::carry():194}:195}()
#29 E:\Chamba\Auspac\Nexo\nexo\vendor\laravel\framework\src\Illuminate\Foundation\Http\Middleware\TrimStrings.php(51): Illuminate\Foundation\Http\Middleware\TransformsRequest-&gt;handle()
#30 E:\Chamba\Auspac\Nexo\nexo\vendor\laravel\framework\src\Illuminate\Pipeline\Pipeline.php(219): Illuminate\Foundation\Http\Middleware\TrimStrings-&gt;handle()
#31 E:\Chamba\Auspac\Nexo\nexo\vendor\laravel\framework\src\Illuminate\Http\Middleware\ValidatePostSize.php(27): Illuminate\Pipeline\Pipeline-&gt;{closure:{closure:Illuminate\Pipeline\Pipeline::carry():194}:195}()
#32 E:\Chamba\Auspac\Nexo\nexo\vendor\laravel\framework\src\Illuminate\Pipeline\Pipeline.php(219): Illuminate\Http\Middleware\ValidatePostSize-&gt;handle()
#33 E:\Chamba\Auspac\Nexo\nexo\vendor\laravel\framework\src\Illuminate\Foundation\Http\Middleware\PreventRequestsDuringMaintenance.php(109): Illuminate\Pipeline\Pipeline-&gt;{closure:{closure:Illuminate\Pipeline\Pipeline::carry():194}:195}()
#34 E:\Chamba\Auspac\Nexo\nexo\vendor\laravel\framework\src\Illuminate\Pipeline\Pipeline.php(219): Illuminate\Foundation\Http\Middleware\PreventRequestsDuringMaintenance-&gt;handle()
#35 E:\Chamba\Auspac\Nexo\nexo\vendor\laravel\framework\src\Illuminate\Http\Middleware\HandleCors.php(74): Illuminate\Pipeline\Pipeline-&gt;{closure:{closure:Illuminate\Pipeline\Pipeline::carry():194}:195}()
#36 E:\Chamba\Auspac\Nexo\nexo\vendor\laravel\framework\src\Illuminate\Pipeline\Pipeline.php(219): Illuminate\Http\Middleware\HandleCors-&gt;handle()
#37 E:\Chamba\Auspac\Nexo\nexo\vendor\laravel\framework\src\Illuminate\Http\Middleware\TrustProxies.php(58): Illuminate\Pipeline\Pipeline-&gt;{closure:{closure:Illuminate\Pipeline\Pipeline::carry():194}:195}()
#38 E:\Chamba\Auspac\Nexo\nexo\vendor\laravel\framework\src\Illuminate\Pipeline\Pipeline.php(219): Illuminate\Http\Middleware\TrustProxies-&gt;handle()
#39 E:\Chamba\Auspac\Nexo\nexo\vendor\laravel\framework\src\Illuminate\Foundation\Http\Middleware\InvokeDeferredCallbacks.php(22): Illuminate\Pipeline\Pipeline-&gt;{closure:{closure:Illuminate\Pipeline\Pipeline::carry():194}:195}()
#40 E:\Chamba\Auspac\Nexo\nexo\vendor\laravel\framework\src\Illuminate\Pipeline\Pipeline.php(219): Illuminate\Foundation\Http\Middleware\InvokeDeferredCallbacks-&gt;handle()
#41 E:\Chamba\Auspac\Nexo\nexo\vendor\laravel\framework\src\Illuminate\Http\Middleware\ValidatePathEncoding.php(28): Illuminate\Pipeline\Pipeline-&gt;{closure:{closure:Illuminate\Pipeline\Pipeline::carry():194}:195}()
#42 E:\Chamba\Auspac\Nexo\nexo\vendor\laravel\framework\src\Illuminate\Pipeline\Pipeline.php(219): Illuminate\Http\Middleware\ValidatePathEncoding-&gt;handle()
#43 E:\Chamba\Auspac\Nexo\nexo\vendor\laravel\framework\src\Illuminate\Pipeline\Pipeline.php(137): Illuminate\Pipeline\Pipeline-&gt;{closure:{closure:Illuminate\Pipeline\Pipeline::carry():194}:195}()
#44 E:\Chamba\Auspac\Nexo\nexo\vendor\laravel\framework\src\Illuminate\Foundation\Http\Kernel.php(175): Illuminate\Pipeline\Pipeline-&gt;then()
#45 E:\Chamba\Auspac\Nexo\nexo\vendor\laravel\framework\src\Illuminate\Foundation\Http\Kernel.php(144): Illuminate\Foundation\Http\Kernel-&gt;sendRequestThroughRouter()
#46 E:\Chamba\Auspac\Nexo\nexo\vendor\laravel\framework\src\Illuminate\Foundation\Testing\Concerns\MakesHttpRequests.php(607): Illuminate\Foundation\Http\Kernel-&gt;handle()
#47 E:\Chamba\Auspac\Nexo\nexo\vendor\laravel\framework\src\Illuminate\Foundation\Testing\Concerns\MakesHttpRequests.php(573): Illuminate\Foundation\Testing\TestCase-&gt;call()
#48 E:\Chamba\Auspac\Nexo\nexo\vendor\laravel\framework\src\Illuminate\Foundation\Testing\Concerns\MakesHttpRequests.php(411): Illuminate\Foundation\Testing\TestCase-&gt;json()
#49 E:\Chamba\Auspac\Nexo\nexo\tests\Feature\Organization\OrganizationStoreTest.php(134): Illuminate\Foundation\Testing\TestCase-&gt;postJson()
#50 E:\Chamba\Auspac\Nexo\nexo\vendor\phpunit\phpunit\src\Framework\TestCase.php(1314): Tests\Feature\Organization\OrganizationStoreTest-&gt;test_fails_when_tax_id_is_too_long()
#51 E:\Chamba\Auspac\Nexo\nexo\vendor\phpunit\phpunit\src\Framework\TestCase.php(1351): PHPUnit\Framework\TestCase-&gt;invokeTestMethod()
#52 E:\Chamba\Auspac\Nexo\nexo\vendor\phpunit\phpunit\src\Framework\TestCase.php(521): PHPUnit\Framework\TestCase-&gt;runTest()
#53 E:\Chamba\Auspac\Nexo\nexo\vendor\phpunit\phpunit\src\Framework\TestRunner\TestRunner.php(99): PHPUnit\Framework\TestCase-&gt;runBare()
#54 E:\Chamba\Auspac\Nexo\nexo\vendor\phpunit\phpunit\src\Framework\TestCase.php(361): PHPUnit\Framework\TestRunner-&gt;run()
#55 E:\Chamba\Auspac\Nexo\nexo\vendor\phpunit\phpunit\src\Framework\TestSuite.php(374): PHPUnit\Framework\TestCase-&gt;run()
#56 E:\Chamba\Auspac\Nexo\nexo\vendor\phpunit\phpunit\src\TextUI\TestRunner.php(64): PHPUnit\Framework\TestSuite-&gt;run()
#57 E:\Chamba\Auspac\Nexo\nexo\vendor\phpunit\phpunit\src\TextUI\Application.php(229): PHPUnit\TextUI\TestRunner-&gt;run()
#58 E:\Chamba\Auspac\Nexo\nexo\vendor\phpunit\phpunit\phpunit(104): PHPUnit\TextUI\Application-&gt;run()
#59 {main}

----------------------------------------------------------------------------------

Target class [App\Modules\Organization\Service\OrganizationService] does not exist.
&#13;
E:\Chamba\Auspac\Nexo\nexo\vendor\laravel\framework\src\Illuminate\Testing\TestResponseAssert.php:45
E:\Chamba\Auspac\Nexo\nexo\vendor\laravel\framework\src\Illuminate\Testing\TestResponse.php:176
E:\Chamba\Auspac\Nexo\nexo\tests\Feature\Organization\OrganizationStoreTest.php:138</failure>
    </testcase>
    <testcase name="test_fails_when_active_is_missing" file="E:\Chamba\Auspac\Nexo\nexo\tests\Feature\Organization\OrganizationStoreTest.php" line="145" class="Tests\Feature\Organization\OrganizationStoreTest" classname="Tests.Feature.Organization.OrganizationStoreTest" assertions="1" time="0.014505">
      <failure type="PHPUnit\Framework\ExpectationFailedException">Tests\Feature\Organization\OrganizationStoreTest::test_fails_when_active_is_missing&#13;
Expected response status code [422] but received 500.
Failed asserting that 500 is identical to 422.&#13;
&#13;
The following exception occurred during the last request:

ReflectionException: Class "App\Modules\Organization\Service\OrganizationService" does not exist in E:\Chamba\Auspac\Nexo\nexo\vendor\laravel\framework\src\Illuminate\Container\Container.php:1125
Stack trace:
#0 E:\Chamba\Auspac\Nexo\nexo\vendor\laravel\framework\src\Illuminate\Container\Container.php(1125): ReflectionClass-&gt;__construct()
#1 E:\Chamba\Auspac\Nexo\nexo\vendor\laravel\framework\src\Illuminate\Container\Container.php(936): Illuminate\Container\Container-&gt;build()
#2 E:\Chamba\Auspac\Nexo\nexo\vendor\laravel\framework\src\Illuminate\Foundation\Application.php(1078): Illuminate\Container\Container-&gt;resolve()
#3 E:\Chamba\Auspac\Nexo\nexo\vendor\laravel\framework\src\Illuminate\Container\Container.php(864): Illuminate\Foundation\Application-&gt;resolve()
#4 E:\Chamba\Auspac\Nexo\nexo\vendor\laravel\framework\src\Illuminate\Foundation\Application.php(1058): Illuminate\Container\Container-&gt;make()
#5 E:\Chamba\Auspac\Nexo\nexo\vendor\laravel\framework\src\Illuminate\Container\Container.php(1339): Illuminate\Foundation\Application-&gt;make()
#6 E:\Chamba\Auspac\Nexo\nexo\vendor\laravel\framework\src\Illuminate\Container\Container.php(1240): Illuminate\Container\Container-&gt;resolveClass()
#7 E:\Chamba\Auspac\Nexo\nexo\vendor\laravel\framework\src\Illuminate\Container\Container.php(1165): Illuminate\Container\Container-&gt;resolveDependencies()
#8 E:\Chamba\Auspac\Nexo\nexo\vendor\laravel\framework\src\Illuminate\Container\Container.php(936): Illuminate\Container\Container-&gt;build()
#9 E:\Chamba\Auspac\Nexo\nexo\vendor\laravel\framework\src\Illuminate\Foundation\Application.php(1078): Illuminate\Container\Container-&gt;resolve()
#10 E:\Chamba\Auspac\Nexo\nexo\vendor\laravel\framework\src\Illuminate\Container\Container.php(864): Illuminate\Foundation\Application-&gt;resolve()
#11 E:\Chamba\Auspac\Nexo\nexo\vendor\laravel\framework\src\Illuminate\Foundation\Application.php(1058): Illuminate\Container\Container-&gt;make()
#12 E:\Chamba\Auspac\Nexo\nexo\vendor\laravel\framework\src\Illuminate\Routing\Route.php(290): Illuminate\Foundation\Application-&gt;make()
#13 E:\Chamba\Auspac\Nexo\nexo\vendor\laravel\framework\src\Illuminate\Routing\Route.php(270): Illuminate\Routing\Route-&gt;getController()
#14 E:\Chamba\Auspac\Nexo\nexo\vendor\laravel\framework\src\Illuminate\Routing\Route.php(215): Illuminate\Routing\Route-&gt;runController()
#15 E:\Chamba\Auspac\Nexo\nexo\vendor\laravel\framework\src\Illuminate\Routing\Router.php(822): Illuminate\Routing\Route-&gt;run()
#16 E:\Chamba\Auspac\Nexo\nexo\vendor\laravel\framework\src\Illuminate\Pipeline\Pipeline.php(180): Illuminate\Routing\Router-&gt;{closure:Illuminate\Routing\Router::runRouteWithinStack():821}()
#17 E:\Chamba\Auspac\Nexo\nexo\vendor\laravel\framework\src\Illuminate\Routing\Middleware\SubstituteBindings.php(52): Illuminate\Pipeline\Pipeline-&gt;{closure:Illuminate\Pipeline\Pipeline::prepareDestination():178}()
#18 E:\Chamba\Auspac\Nexo\nexo\vendor\laravel\framework\src\Illuminate\Pipeline\Pipeline.php(219): Illuminate\Routing\Middleware\SubstituteBindings-&gt;handle()
#19 E:\Chamba\Auspac\Nexo\nexo\vendor\laravel\framework\src\Illuminate\Pipeline\Pipeline.php(137): Illuminate\Pipeline\Pipeline-&gt;{closure:{closure:Illuminate\Pipeline\Pipeline::carry():194}:195}()
#20 E:\Chamba\Auspac\Nexo\nexo\vendor\laravel\framework\src\Illuminate\Routing\Router.php(821): Illuminate\Pipeline\Pipeline-&gt;then()
#21 E:\Chamba\Auspac\Nexo\nexo\vendor\laravel\framework\src\Illuminate\Routing\Router.php(800): Illuminate\Routing\Router-&gt;runRouteWithinStack()
#22 E:\Chamba\Auspac\Nexo\nexo\vendor\laravel\framework\src\Illuminate\Routing\Router.php(764): Illuminate\Routing\Router-&gt;runRoute()
#23 E:\Chamba\Auspac\Nexo\nexo\vendor\laravel\framework\src\Illuminate\Routing\Router.php(753): Illuminate\Routing\Router-&gt;dispatchToRoute()
#24 E:\Chamba\Auspac\Nexo\nexo\vendor\laravel\framework\src\Illuminate\Foundation\Http\Kernel.php(200): Illuminate\Routing\Router-&gt;dispatch()
#25 E:\Chamba\Auspac\Nexo\nexo\vendor\laravel\framework\src\Illuminate\Pipeline\Pipeline.php(180): Illuminate\Foundation\Http\Kernel-&gt;{closure:Illuminate\Foundation\Http\Kernel::dispatchToRouter():197}()
#26 E:\Chamba\Auspac\Nexo\nexo\vendor\laravel\framework\src\Illuminate\Foundation\Http\Middleware\TransformsRequest.php(21): Illuminate\Pipeline\Pipeline-&gt;{closure:Illuminate\Pipeline\Pipeline::prepareDestination():178}()
#27 E:\Chamba\Auspac\Nexo\nexo\vendor\laravel\framework\src\Illuminate\Foundation\Http\Middleware\ConvertEmptyStringsToNull.php(31): Illuminate\Foundation\Http\Middleware\TransformsRequest-&gt;handle()
#28 E:\Chamba\Auspac\Nexo\nexo\vendor\laravel\framework\src\Illuminate\Pipeline\Pipeline.php(219): Illuminate\Foundation\Http\Middleware\ConvertEmptyStringsToNull-&gt;handle()
#29 E:\Chamba\Auspac\Nexo\nexo\vendor\laravel\framework\src\Illuminate\Foundation\Http\Middleware\TransformsRequest.php(21): Illuminate\Pipeline\Pipeline-&gt;{closure:{closure:Illuminate\Pipeline\Pipeline::carry():194}:195}()
#30 E:\Chamba\Auspac\Nexo\nexo\vendor\laravel\framework\src\Illuminate\Foundation\Http\Middleware\TrimStrings.php(51): Illuminate\Foundation\Http\Middleware\TransformsRequest-&gt;handle()
#31 E:\Chamba\Auspac\Nexo\nexo\vendor\laravel\framework\src\Illuminate\Pipeline\Pipeline.php(219): Illuminate\Foundation\Http\Middleware\TrimStrings-&gt;handle()
#32 E:\Chamba\Auspac\Nexo\nexo\vendor\laravel\framework\src\Illuminate\Http\Middleware\ValidatePostSize.php(27): Illuminate\Pipeline\Pipeline-&gt;{closure:{closure:Illuminate\Pipeline\Pipeline::carry():194}:195}()
#33 E:\Chamba\Auspac\Nexo\nexo\vendor\laravel\framework\src\Illuminate\Pipeline\Pipeline.php(219): Illuminate\Http\Middleware\ValidatePostSize-&gt;handle()
#34 E:\Chamba\Auspac\Nexo\nexo\vendor\laravel\framework\src\Illuminate\Foundation\Http\Middleware\PreventRequestsDuringMaintenance.php(109): Illuminate\Pipeline\Pipeline-&gt;{closure:{closure:Illuminate\Pipeline\Pipeline::carry():194}:195}()
#35 E:\Chamba\Auspac\Nexo\nexo\vendor\laravel\framework\src\Illuminate\Pipeline\Pipeline.php(219): Illuminate\Foundation\Http\Middleware\PreventRequestsDuringMaintenance-&gt;handle()
#36 E:\Chamba\Auspac\Nexo\nexo\vendor\laravel\framework\src\Illuminate\Http\Middleware\HandleCors.php(74): Illuminate\Pipeline\Pipeline-&gt;{closure:{closure:Illuminate\Pipeline\Pipeline::carry():194}:195}()
#37 E:\Chamba\Auspac\Nexo\nexo\vendor\laravel\framework\src\Illuminate\Pipeline\Pipeline.php(219): Illuminate\Http\Middleware\HandleCors-&gt;handle()
#38 E:\Chamba\Auspac\Nexo\nexo\vendor\laravel\framework\src\Illuminate\Http\Middleware\TrustProxies.php(58): Illuminate\Pipeline\Pipeline-&gt;{closure:{closure:Illuminate\Pipeline\Pipeline::carry():194}:195}()
#39 E:\Chamba\Auspac\Nexo\nexo\vendor\laravel\framework\src\Illuminate\Pipeline\Pipeline.php(219): Illuminate\Http\Middleware\TrustProxies-&gt;handle()
#40 E:\Chamba\Auspac\Nexo\nexo\vendor\laravel\framework\src\Illuminate\Foundation\Http\Middleware\InvokeDeferredCallbacks.php(22): Illuminate\Pipeline\Pipeline-&gt;{closure:{closure:Illuminate\Pipeline\Pipeline::carry():194}:195}()
#41 E:\Chamba\Auspac\Nexo\nexo\vendor\laravel\framework\src\Illuminate\Pipeline\Pipeline.php(219): Illuminate\Foundation\Http\Middleware\InvokeDeferredCallbacks-&gt;handle()
#42 E:\Chamba\Auspac\Nexo\nexo\vendor\laravel\framework\src\Illuminate\Http\Middleware\ValidatePathEncoding.php(28): Illuminate\Pipeline\Pipeline-&gt;{closure:{closure:Illuminate\Pipeline\Pipeline::carry():194}:195}()
#43 E:\Chamba\Auspac\Nexo\nexo\vendor\laravel\framework\src\Illuminate\Pipeline\Pipeline.php(219): Illuminate\Http\Middleware\ValidatePathEncoding-&gt;handle()
#44 E:\Chamba\Auspac\Nexo\nexo\vendor\laravel\framework\src\Illuminate\Pipeline\Pipeline.php(137): Illuminate\Pipeline\Pipeline-&gt;{closure:{closure:Illuminate\Pipeline\Pipeline::carry():194}:195}()
#45 E:\Chamba\Auspac\Nexo\nexo\vendor\laravel\framework\src\Illuminate\Foundation\Http\Kernel.php(175): Illuminate\Pipeline\Pipeline-&gt;then()
#46 E:\Chamba\Auspac\Nexo\nexo\vendor\laravel\framework\src\Illuminate\Foundation\Http\Kernel.php(144): Illuminate\Foundation\Http\Kernel-&gt;sendRequestThroughRouter()
#47 E:\Chamba\Auspac\Nexo\nexo\vendor\laravel\framework\src\Illuminate\Foundation\Testing\Concerns\MakesHttpRequests.php(607): Illuminate\Foundation\Http\Kernel-&gt;handle()
#48 E:\Chamba\Auspac\Nexo\nexo\vendor\laravel\framework\src\Illuminate\Foundation\Testing\Concerns\MakesHttpRequests.php(573): Illuminate\Foundation\Testing\TestCase-&gt;call()
#49 E:\Chamba\Auspac\Nexo\nexo\vendor\laravel\framework\src\Illuminate\Foundation\Testing\Concerns\MakesHttpRequests.php(411): Illuminate\Foundation\Testing\TestCase-&gt;json()
#50 E:\Chamba\Auspac\Nexo\nexo\tests\Feature\Organization\OrganizationStoreTest.php(150): Illuminate\Foundation\Testing\TestCase-&gt;postJson()
#51 E:\Chamba\Auspac\Nexo\nexo\vendor\phpunit\phpunit\src\Framework\TestCase.php(1314): Tests\Feature\Organization\OrganizationStoreTest-&gt;test_fails_when_active_is_missing()
#52 E:\Chamba\Auspac\Nexo\nexo\vendor\phpunit\phpunit\src\Framework\TestCase.php(1351): PHPUnit\Framework\TestCase-&gt;invokeTestMethod()
#53 E:\Chamba\Auspac\Nexo\nexo\vendor\phpunit\phpunit\src\Framework\TestCase.php(521): PHPUnit\Framework\TestCase-&gt;runTest()
#54 E:\Chamba\Auspac\Nexo\nexo\vendor\phpunit\phpunit\src\Framework\TestRunner\TestRunner.php(99): PHPUnit\Framework\TestCase-&gt;runBare()
#55 E:\Chamba\Auspac\Nexo\nexo\vendor\phpunit\phpunit\src\Framework\TestCase.php(361): PHPUnit\Framework\TestRunner-&gt;run()
#56 E:\Chamba\Auspac\Nexo\nexo\vendor\phpunit\phpunit\src\Framework\TestSuite.php(374): PHPUnit\Framework\TestCase-&gt;run()
#57 E:\Chamba\Auspac\Nexo\nexo\vendor\phpunit\phpunit\src\TextUI\TestRunner.php(64): PHPUnit\Framework\TestSuite-&gt;run()
#58 E:\Chamba\Auspac\Nexo\nexo\vendor\phpunit\phpunit\src\TextUI\Application.php(229): PHPUnit\TextUI\TestRunner-&gt;run()
#59 E:\Chamba\Auspac\Nexo\nexo\vendor\phpunit\phpunit\phpunit(104): PHPUnit\TextUI\Application-&gt;run()
#60 {main}

Next Illuminate\Contracts\Container\BindingResolutionException: Target class [App\Modules\Organization\Service\OrganizationService] does not exist. in E:\Chamba\Auspac\Nexo\nexo\vendor\laravel\framework\src\Illuminate\Container\Container.php:1127
Stack trace:
#0 E:\Chamba\Auspac\Nexo\nexo\vendor\laravel\framework\src\Illuminate\Container\Container.php(936): Illuminate\Container\Container-&gt;build()
#1 E:\Chamba\Auspac\Nexo\nexo\vendor\laravel\framework\src\Illuminate\Foundation\Application.php(1078): Illuminate\Container\Container-&gt;resolve()
#2 E:\Chamba\Auspac\Nexo\nexo\vendor\laravel\framework\src\Illuminate\Container\Container.php(864): Illuminate\Foundation\Application-&gt;resolve()
#3 E:\Chamba\Auspac\Nexo\nexo\vendor\laravel\framework\src\Illuminate\Foundation\Application.php(1058): Illuminate\Container\Container-&gt;make()
#4 E:\Chamba\Auspac\Nexo\nexo\vendor\laravel\framework\src\Illuminate\Container\Container.php(1339): Illuminate\Foundation\Application-&gt;make()
#5 E:\Chamba\Auspac\Nexo\nexo\vendor\laravel\framework\src\Illuminate\Container\Container.php(1240): Illuminate\Container\Container-&gt;resolveClass()
#6 E:\Chamba\Auspac\Nexo\nexo\vendor\laravel\framework\src\Illuminate\Container\Container.php(1165): Illuminate\Container\Container-&gt;resolveDependencies()
#7 E:\Chamba\Auspac\Nexo\nexo\vendor\laravel\framework\src\Illuminate\Container\Container.php(936): Illuminate\Container\Container-&gt;build()
#8 E:\Chamba\Auspac\Nexo\nexo\vendor\laravel\framework\src\Illuminate\Foundation\Application.php(1078): Illuminate\Container\Container-&gt;resolve()
#9 E:\Chamba\Auspac\Nexo\nexo\vendor\laravel\framework\src\Illuminate\Container\Container.php(864): Illuminate\Foundation\Application-&gt;resolve()
#10 E:\Chamba\Auspac\Nexo\nexo\vendor\laravel\framework\src\Illuminate\Foundation\Application.php(1058): Illuminate\Container\Container-&gt;make()
#11 E:\Chamba\Auspac\Nexo\nexo\vendor\laravel\framework\src\Illuminate\Routing\Route.php(290): Illuminate\Foundation\Application-&gt;make()
#12 E:\Chamba\Auspac\Nexo\nexo\vendor\laravel\framework\src\Illuminate\Routing\Route.php(270): Illuminate\Routing\Route-&gt;getController()
#13 E:\Chamba\Auspac\Nexo\nexo\vendor\laravel\framework\src\Illuminate\Routing\Route.php(215): Illuminate\Routing\Route-&gt;runController()
#14 E:\Chamba\Auspac\Nexo\nexo\vendor\laravel\framework\src\Illuminate\Routing\Router.php(822): Illuminate\Routing\Route-&gt;run()
#15 E:\Chamba\Auspac\Nexo\nexo\vendor\laravel\framework\src\Illuminate\Pipeline\Pipeline.php(180): Illuminate\Routing\Router-&gt;{closure:Illuminate\Routing\Router::runRouteWithinStack():821}()
#16 E:\Chamba\Auspac\Nexo\nexo\vendor\laravel\framework\src\Illuminate\Routing\Middleware\SubstituteBindings.php(52): Illuminate\Pipeline\Pipeline-&gt;{closure:Illuminate\Pipeline\Pipeline::prepareDestination():178}()
#17 E:\Chamba\Auspac\Nexo\nexo\vendor\laravel\framework\src\Illuminate\Pipeline\Pipeline.php(219): Illuminate\Routing\Middleware\SubstituteBindings-&gt;handle()
#18 E:\Chamba\Auspac\Nexo\nexo\vendor\laravel\framework\src\Illuminate\Pipeline\Pipeline.php(137): Illuminate\Pipeline\Pipeline-&gt;{closure:{closure:Illuminate\Pipeline\Pipeline::carry():194}:195}()
#19 E:\Chamba\Auspac\Nexo\nexo\vendor\laravel\framework\src\Illuminate\Routing\Router.php(821): Illuminate\Pipeline\Pipeline-&gt;then()
#20 E:\Chamba\Auspac\Nexo\nexo\vendor\laravel\framework\src\Illuminate\Routing\Router.php(800): Illuminate\Routing\Router-&gt;runRouteWithinStack()
#21 E:\Chamba\Auspac\Nexo\nexo\vendor\laravel\framework\src\Illuminate\Routing\Router.php(764): Illuminate\Routing\Router-&gt;runRoute()
#22 E:\Chamba\Auspac\Nexo\nexo\vendor\laravel\framework\src\Illuminate\Routing\Router.php(753): Illuminate\Routing\Router-&gt;dispatchToRoute()
#23 E:\Chamba\Auspac\Nexo\nexo\vendor\laravel\framework\src\Illuminate\Foundation\Http\Kernel.php(200): Illuminate\Routing\Router-&gt;dispatch()
#24 E:\Chamba\Auspac\Nexo\nexo\vendor\laravel\framework\src\Illuminate\Pipeline\Pipeline.php(180): Illuminate\Foundation\Http\Kernel-&gt;{closure:Illuminate\Foundation\Http\Kernel::dispatchToRouter():197}()
#25 E:\Chamba\Auspac\Nexo\nexo\vendor\laravel\framework\src\Illuminate\Foundation\Http\Middleware\TransformsRequest.php(21): Illuminate\Pipeline\Pipeline-&gt;{closure:Illuminate\Pipeline\Pipeline::prepareDestination():178}()
#26 E:\Chamba\Auspac\Nexo\nexo\vendor\laravel\framework\src\Illuminate\Foundation\Http\Middleware\ConvertEmptyStringsToNull.php(31): Illuminate\Foundation\Http\Middleware\TransformsRequest-&gt;handle()
#27 E:\Chamba\Auspac\Nexo\nexo\vendor\laravel\framework\src\Illuminate\Pipeline\Pipeline.php(219): Illuminate\Foundation\Http\Middleware\ConvertEmptyStringsToNull-&gt;handle()
#28 E:\Chamba\Auspac\Nexo\nexo\vendor\laravel\framework\src\Illuminate\Foundation\Http\Middleware\TransformsRequest.php(21): Illuminate\Pipeline\Pipeline-&gt;{closure:{closure:Illuminate\Pipeline\Pipeline::carry():194}:195}()
#29 E:\Chamba\Auspac\Nexo\nexo\vendor\laravel\framework\src\Illuminate\Foundation\Http\Middleware\TrimStrings.php(51): Illuminate\Foundation\Http\Middleware\TransformsRequest-&gt;handle()
#30 E:\Chamba\Auspac\Nexo\nexo\vendor\laravel\framework\src\Illuminate\Pipeline\Pipeline.php(219): Illuminate\Foundation\Http\Middleware\TrimStrings-&gt;handle()
#31 E:\Chamba\Auspac\Nexo\nexo\vendor\laravel\framework\src\Illuminate\Http\Middleware\ValidatePostSize.php(27): Illuminate\Pipeline\Pipeline-&gt;{closure:{closure:Illuminate\Pipeline\Pipeline::carry():194}:195}()
#32 E:\Chamba\Auspac\Nexo\nexo\vendor\laravel\framework\src\Illuminate\Pipeline\Pipeline.php(219): Illuminate\Http\Middleware\ValidatePostSize-&gt;handle()
#33 E:\Chamba\Auspac\Nexo\nexo\vendor\laravel\framework\src\Illuminate\Foundation\Http\Middleware\PreventRequestsDuringMaintenance.php(109): Illuminate\Pipeline\Pipeline-&gt;{closure:{closure:Illuminate\Pipeline\Pipeline::carry():194}:195}()
#34 E:\Chamba\Auspac\Nexo\nexo\vendor\laravel\framework\src\Illuminate\Pipeline\Pipeline.php(219): Illuminate\Foundation\Http\Middleware\PreventRequestsDuringMaintenance-&gt;handle()
#35 E:\Chamba\Auspac\Nexo\nexo\vendor\laravel\framework\src\Illuminate\Http\Middleware\HandleCors.php(74): Illuminate\Pipeline\Pipeline-&gt;{closure:{closure:Illuminate\Pipeline\Pipeline::carry():194}:195}()
#36 E:\Chamba\Auspac\Nexo\nexo\vendor\laravel\framework\src\Illuminate\Pipeline\Pipeline.php(219): Illuminate\Http\Middleware\HandleCors-&gt;handle()
#37 E:\Chamba\Auspac\Nexo\nexo\vendor\laravel\framework\src\Illuminate\Http\Middleware\TrustProxies.php(58): Illuminate\Pipeline\Pipeline-&gt;{closure:{closure:Illuminate\Pipeline\Pipeline::carry():194}:195}()
#38 E:\Chamba\Auspac\Nexo\nexo\vendor\laravel\framework\src\Illuminate\Pipeline\Pipeline.php(219): Illuminate\Http\Middleware\TrustProxies-&gt;handle()
#39 E:\Chamba\Auspac\Nexo\nexo\vendor\laravel\framework\src\Illuminate\Foundation\Http\Middleware\InvokeDeferredCallbacks.php(22): Illuminate\Pipeline\Pipeline-&gt;{closure:{closure:Illuminate\Pipeline\Pipeline::carry():194}:195}()
#40 E:\Chamba\Auspac\Nexo\nexo\vendor\laravel\framework\src\Illuminate\Pipeline\Pipeline.php(219): Illuminate\Foundation\Http\Middleware\InvokeDeferredCallbacks-&gt;handle()
#41 E:\Chamba\Auspac\Nexo\nexo\vendor\laravel\framework\src\Illuminate\Http\Middleware\ValidatePathEncoding.php(28): Illuminate\Pipeline\Pipeline-&gt;{closure:{closure:Illuminate\Pipeline\Pipeline::carry():194}:195}()
#42 E:\Chamba\Auspac\Nexo\nexo\vendor\laravel\framework\src\Illuminate\Pipeline\Pipeline.php(219): Illuminate\Http\Middleware\ValidatePathEncoding-&gt;handle()
#43 E:\Chamba\Auspac\Nexo\nexo\vendor\laravel\framework\src\Illuminate\Pipeline\Pipeline.php(137): Illuminate\Pipeline\Pipeline-&gt;{closure:{closure:Illuminate\Pipeline\Pipeline::carry():194}:195}()
#44 E:\Chamba\Auspac\Nexo\nexo\vendor\laravel\framework\src\Illuminate\Foundation\Http\Kernel.php(175): Illuminate\Pipeline\Pipeline-&gt;then()
#45 E:\Chamba\Auspac\Nexo\nexo\vendor\laravel\framework\src\Illuminate\Foundation\Http\Kernel.php(144): Illuminate\Foundation\Http\Kernel-&gt;sendRequestThroughRouter()
#46 E:\Chamba\Auspac\Nexo\nexo\vendor\laravel\framework\src\Illuminate\Foundation\Testing\Concerns\MakesHttpRequests.php(607): Illuminate\Foundation\Http\Kernel-&gt;handle()
#47 E:\Chamba\Auspac\Nexo\nexo\vendor\laravel\framework\src\Illuminate\Foundation\Testing\Concerns\MakesHttpRequests.php(573): Illuminate\Foundation\Testing\TestCase-&gt;call()
#48 E:\Chamba\Auspac\Nexo\nexo\vendor\laravel\framework\src\Illuminate\Foundation\Testing\Concerns\MakesHttpRequests.php(411): Illuminate\Foundation\Testing\TestCase-&gt;json()
#49 E:\Chamba\Auspac\Nexo\nexo\tests\Feature\Organization\OrganizationStoreTest.php(150): Illuminate\Foundation\Testing\TestCase-&gt;postJson()
#50 E:\Chamba\Auspac\Nexo\nexo\vendor\phpunit\phpunit\src\Framework\TestCase.php(1314): Tests\Feature\Organization\OrganizationStoreTest-&gt;test_fails_when_active_is_missing()
#51 E:\Chamba\Auspac\Nexo\nexo\vendor\phpunit\phpunit\src\Framework\TestCase.php(1351): PHPUnit\Framework\TestCase-&gt;invokeTestMethod()
#52 E:\Chamba\Auspac\Nexo\nexo\vendor\phpunit\phpunit\src\Framework\TestCase.php(521): PHPUnit\Framework\TestCase-&gt;runTest()
#53 E:\Chamba\Auspac\Nexo\nexo\vendor\phpunit\phpunit\src\Framework\TestRunner\TestRunner.php(99): PHPUnit\Framework\TestCase-&gt;runBare()
#54 E:\Chamba\Auspac\Nexo\nexo\vendor\phpunit\phpunit\src\Framework\TestCase.php(361): PHPUnit\Framework\TestRunner-&gt;run()
#55 E:\Chamba\Auspac\Nexo\nexo\vendor\phpunit\phpunit\src\Framework\TestSuite.php(374): PHPUnit\Framework\TestCase-&gt;run()
#56 E:\Chamba\Auspac\Nexo\nexo\vendor\phpunit\phpunit\src\TextUI\TestRunner.php(64): PHPUnit\Framework\TestSuite-&gt;run()
#57 E:\Chamba\Auspac\Nexo\nexo\vendor\phpunit\phpunit\src\TextUI\Application.php(229): PHPUnit\TextUI\TestRunner-&gt;run()
#58 E:\Chamba\Auspac\Nexo\nexo\vendor\phpunit\phpunit\phpunit(104): PHPUnit\TextUI\Application-&gt;run()
#59 {main}

----------------------------------------------------------------------------------

Target class [App\Modules\Organization\Service\OrganizationService] does not exist.
&#13;
E:\Chamba\Auspac\Nexo\nexo\vendor\laravel\framework\src\Illuminate\Testing\TestResponseAssert.php:45
E:\Chamba\Auspac\Nexo\nexo\vendor\laravel\framework\src\Illuminate\Testing\TestResponse.php:176
E:\Chamba\Auspac\Nexo\nexo\tests\Feature\Organization\OrganizationStoreTest.php:152</failure>
    </testcase>
    <testcase name="test_fails_when_active_is_a_string" file="E:\Chamba\Auspac\Nexo\nexo\tests\Feature\Organization\OrganizationStoreTest.php" line="157" class="Tests\Feature\Organization\OrganizationStoreTest" classname="Tests.Feature.Organization.OrganizationStoreTest" assertions="1" time="0.014858">
      <failure type="PHPUnit\Framework\ExpectationFailedException">Tests\Feature\Organization\OrganizationStoreTest::test_fails_when_active_is_a_string&#13;
Expected response status code [422] but received 500.
Failed asserting that 500 is identical to 422.&#13;
&#13;
The following exception occurred during the last request:

ReflectionException: Class "App\Modules\Organization\Service\OrganizationService" does not exist in E:\Chamba\Auspac\Nexo\nexo\vendor\laravel\framework\src\Illuminate\Container\Container.php:1125
Stack trace:
#0 E:\Chamba\Auspac\Nexo\nexo\vendor\laravel\framework\src\Illuminate\Container\Container.php(1125): ReflectionClass-&gt;__construct()
#1 E:\Chamba\Auspac\Nexo\nexo\vendor\laravel\framework\src\Illuminate\Container\Container.php(936): Illuminate\Container\Container-&gt;build()
#2 E:\Chamba\Auspac\Nexo\nexo\vendor\laravel\framework\src\Illuminate\Foundation\Application.php(1078): Illuminate\Container\Container-&gt;resolve()
#3 E:\Chamba\Auspac\Nexo\nexo\vendor\laravel\framework\src\Illuminate\Container\Container.php(864): Illuminate\Foundation\Application-&gt;resolve()
#4 E:\Chamba\Auspac\Nexo\nexo\vendor\laravel\framework\src\Illuminate\Foundation\Application.php(1058): Illuminate\Container\Container-&gt;make()
#5 E:\Chamba\Auspac\Nexo\nexo\vendor\laravel\framework\src\Illuminate\Container\Container.php(1339): Illuminate\Foundation\Application-&gt;make()
#6 E:\Chamba\Auspac\Nexo\nexo\vendor\laravel\framework\src\Illuminate\Container\Container.php(1240): Illuminate\Container\Container-&gt;resolveClass()
#7 E:\Chamba\Auspac\Nexo\nexo\vendor\laravel\framework\src\Illuminate\Container\Container.php(1165): Illuminate\Container\Container-&gt;resolveDependencies()
#8 E:\Chamba\Auspac\Nexo\nexo\vendor\laravel\framework\src\Illuminate\Container\Container.php(936): Illuminate\Container\Container-&gt;build()
#9 E:\Chamba\Auspac\Nexo\nexo\vendor\laravel\framework\src\Illuminate\Foundation\Application.php(1078): Illuminate\Container\Container-&gt;resolve()
#10 E:\Chamba\Auspac\Nexo\nexo\vendor\laravel\framework\src\Illuminate\Container\Container.php(864): Illuminate\Foundation\Application-&gt;resolve()
#11 E:\Chamba\Auspac\Nexo\nexo\vendor\laravel\framework\src\Illuminate\Foundation\Application.php(1058): Illuminate\Container\Container-&gt;make()
#12 E:\Chamba\Auspac\Nexo\nexo\vendor\laravel\framework\src\Illuminate\Routing\Route.php(290): Illuminate\Foundation\Application-&gt;make()
#13 E:\Chamba\Auspac\Nexo\nexo\vendor\laravel\framework\src\Illuminate\Routing\Route.php(270): Illuminate\Routing\Route-&gt;getController()
#14 E:\Chamba\Auspac\Nexo\nexo\vendor\laravel\framework\src\Illuminate\Routing\Route.php(215): Illuminate\Routing\Route-&gt;runController()
#15 E:\Chamba\Auspac\Nexo\nexo\vendor\laravel\framework\src\Illuminate\Routing\Router.php(822): Illuminate\Routing\Route-&gt;run()
#16 E:\Chamba\Auspac\Nexo\nexo\vendor\laravel\framework\src\Illuminate\Pipeline\Pipeline.php(180): Illuminate\Routing\Router-&gt;{closure:Illuminate\Routing\Router::runRouteWithinStack():821}()
#17 E:\Chamba\Auspac\Nexo\nexo\vendor\laravel\framework\src\Illuminate\Routing\Middleware\SubstituteBindings.php(52): Illuminate\Pipeline\Pipeline-&gt;{closure:Illuminate\Pipeline\Pipeline::prepareDestination():178}()
#18 E:\Chamba\Auspac\Nexo\nexo\vendor\laravel\framework\src\Illuminate\Pipeline\Pipeline.php(219): Illuminate\Routing\Middleware\SubstituteBindings-&gt;handle()
#19 E:\Chamba\Auspac\Nexo\nexo\vendor\laravel\framework\src\Illuminate\Pipeline\Pipeline.php(137): Illuminate\Pipeline\Pipeline-&gt;{closure:{closure:Illuminate\Pipeline\Pipeline::carry():194}:195}()
#20 E:\Chamba\Auspac\Nexo\nexo\vendor\laravel\framework\src\Illuminate\Routing\Router.php(821): Illuminate\Pipeline\Pipeline-&gt;then()
#21 E:\Chamba\Auspac\Nexo\nexo\vendor\laravel\framework\src\Illuminate\Routing\Router.php(800): Illuminate\Routing\Router-&gt;runRouteWithinStack()
#22 E:\Chamba\Auspac\Nexo\nexo\vendor\laravel\framework\src\Illuminate\Routing\Router.php(764): Illuminate\Routing\Router-&gt;runRoute()
#23 E:\Chamba\Auspac\Nexo\nexo\vendor\laravel\framework\src\Illuminate\Routing\Router.php(753): Illuminate\Routing\Router-&gt;dispatchToRoute()
#24 E:\Chamba\Auspac\Nexo\nexo\vendor\laravel\framework\src\Illuminate\Foundation\Http\Kernel.php(200): Illuminate\Routing\Router-&gt;dispatch()
#25 E:\Chamba\Auspac\Nexo\nexo\vendor\laravel\framework\src\Illuminate\Pipeline\Pipeline.php(180): Illuminate\Foundation\Http\Kernel-&gt;{closure:Illuminate\Foundation\Http\Kernel::dispatchToRouter():197}()
#26 E:\Chamba\Auspac\Nexo\nexo\vendor\laravel\framework\src\Illuminate\Foundation\Http\Middleware\TransformsRequest.php(21): Illuminate\Pipeline\Pipeline-&gt;{closure:Illuminate\Pipeline\Pipeline::prepareDestination():178}()
#27 E:\Chamba\Auspac\Nexo\nexo\vendor\laravel\framework\src\Illuminate\Foundation\Http\Middleware\ConvertEmptyStringsToNull.php(31): Illuminate\Foundation\Http\Middleware\TransformsRequest-&gt;handle()
#28 E:\Chamba\Auspac\Nexo\nexo\vendor\laravel\framework\src\Illuminate\Pipeline\Pipeline.php(219): Illuminate\Foundation\Http\Middleware\ConvertEmptyStringsToNull-&gt;handle()
#29 E:\Chamba\Auspac\Nexo\nexo\vendor\laravel\framework\src\Illuminate\Foundation\Http\Middleware\TransformsRequest.php(21): Illuminate\Pipeline\Pipeline-&gt;{closure:{closure:Illuminate\Pipeline\Pipeline::carry():194}:195}()
#30 E:\Chamba\Auspac\Nexo\nexo\vendor\laravel\framework\src\Illuminate\Foundation\Http\Middleware\TrimStrings.php(51): Illuminate\Foundation\Http\Middleware\TransformsRequest-&gt;handle()
#31 E:\Chamba\Auspac\Nexo\nexo\vendor\laravel\framework\src\Illuminate\Pipeline\Pipeline.php(219): Illuminate\Foundation\Http\Middleware\TrimStrings-&gt;handle()
#32 E:\Chamba\Auspac\Nexo\nexo\vendor\laravel\framework\src\Illuminate\Http\Middleware\ValidatePostSize.php(27): Illuminate\Pipeline\Pipeline-&gt;{closure:{closure:Illuminate\Pipeline\Pipeline::carry():194}:195}()
#33 E:\Chamba\Auspac\Nexo\nexo\vendor\laravel\framework\src\Illuminate\Pipeline\Pipeline.php(219): Illuminate\Http\Middleware\ValidatePostSize-&gt;handle()
#34 E:\Chamba\Auspac\Nexo\nexo\vendor\laravel\framework\src\Illuminate\Foundation\Http\Middleware\PreventRequestsDuringMaintenance.php(109): Illuminate\Pipeline\Pipeline-&gt;{closure:{closure:Illuminate\Pipeline\Pipeline::carry():194}:195}()
#35 E:\Chamba\Auspac\Nexo\nexo\vendor\laravel\framework\src\Illuminate\Pipeline\Pipeline.php(219): Illuminate\Foundation\Http\Middleware\PreventRequestsDuringMaintenance-&gt;handle()
#36 E:\Chamba\Auspac\Nexo\nexo\vendor\laravel\framework\src\Illuminate\Http\Middleware\HandleCors.php(74): Illuminate\Pipeline\Pipeline-&gt;{closure:{closure:Illuminate\Pipeline\Pipeline::carry():194}:195}()
#37 E:\Chamba\Auspac\Nexo\nexo\vendor\laravel\framework\src\Illuminate\Pipeline\Pipeline.php(219): Illuminate\Http\Middleware\HandleCors-&gt;handle()
#38 E:\Chamba\Auspac\Nexo\nexo\vendor\laravel\framework\src\Illuminate\Http\Middleware\TrustProxies.php(58): Illuminate\Pipeline\Pipeline-&gt;{closure:{closure:Illuminate\Pipeline\Pipeline::carry():194}:195}()
#39 E:\Chamba\Auspac\Nexo\nexo\vendor\laravel\framework\src\Illuminate\Pipeline\Pipeline.php(219): Illuminate\Http\Middleware\TrustProxies-&gt;handle()
#40 E:\Chamba\Auspac\Nexo\nexo\vendor\laravel\framework\src\Illuminate\Foundation\Http\Middleware\InvokeDeferredCallbacks.php(22): Illuminate\Pipeline\Pipeline-&gt;{closure:{closure:Illuminate\Pipeline\Pipeline::carry():194}:195}()
#41 E:\Chamba\Auspac\Nexo\nexo\vendor\laravel\framework\src\Illuminate\Pipeline\Pipeline.php(219): Illuminate\Foundation\Http\Middleware\InvokeDeferredCallbacks-&gt;handle()
#42 E:\Chamba\Auspac\Nexo\nexo\vendor\laravel\framework\src\Illuminate\Http\Middleware\ValidatePathEncoding.php(28): Illuminate\Pipeline\Pipeline-&gt;{closure:{closure:Illuminate\Pipeline\Pipeline::carry():194}:195}()
#43 E:\Chamba\Auspac\Nexo\nexo\vendor\laravel\framework\src\Illuminate\Pipeline\Pipeline.php(219): Illuminate\Http\Middleware\ValidatePathEncoding-&gt;handle()
#44 E:\Chamba\Auspac\Nexo\nexo\vendor\laravel\framework\src\Illuminate\Pipeline\Pipeline.php(137): Illuminate\Pipeline\Pipeline-&gt;{closure:{closure:Illuminate\Pipeline\Pipeline::carry():194}:195}()
#45 E:\Chamba\Auspac\Nexo\nexo\vendor\laravel\framework\src\Illuminate\Foundation\Http\Kernel.php(175): Illuminate\Pipeline\Pipeline-&gt;then()
#46 E:\Chamba\Auspac\Nexo\nexo\vendor\laravel\framework\src\Illuminate\Foundation\Http\Kernel.php(144): Illuminate\Foundation\Http\Kernel-&gt;sendRequestThroughRouter()
#47 E:\Chamba\Auspac\Nexo\nexo\vendor\laravel\framework\src\Illuminate\Foundation\Testing\Concerns\MakesHttpRequests.php(607): Illuminate\Foundation\Http\Kernel-&gt;handle()
#48 E:\Chamba\Auspac\Nexo\nexo\vendor\laravel\framework\src\Illuminate\Foundation\Testing\Concerns\MakesHttpRequests.php(573): Illuminate\Foundation\Testing\TestCase-&gt;call()
#49 E:\Chamba\Auspac\Nexo\nexo\vendor\laravel\framework\src\Illuminate\Foundation\Testing\Concerns\MakesHttpRequests.php(411): Illuminate\Foundation\Testing\TestCase-&gt;json()
#50 E:\Chamba\Auspac\Nexo\nexo\tests\Feature\Organization\OrganizationStoreTest.php(159): Illuminate\Foundation\Testing\TestCase-&gt;postJson()
#51 E:\Chamba\Auspac\Nexo\nexo\vendor\phpunit\phpunit\src\Framework\TestCase.php(1314): Tests\Feature\Organization\OrganizationStoreTest-&gt;test_fails_when_active_is_a_string()
#52 E:\Chamba\Auspac\Nexo\nexo\vendor\phpunit\phpunit\src\Framework\TestCase.php(1351): PHPUnit\Framework\TestCase-&gt;invokeTestMethod()
#53 E:\Chamba\Auspac\Nexo\nexo\vendor\phpunit\phpunit\src\Framework\TestCase.php(521): PHPUnit\Framework\TestCase-&gt;runTest()
#54 E:\Chamba\Auspac\Nexo\nexo\vendor\phpunit\phpunit\src\Framework\TestRunner\TestRunner.php(99): PHPUnit\Framework\TestCase-&gt;runBare()
#55 E:\Chamba\Auspac\Nexo\nexo\vendor\phpunit\phpunit\src\Framework\TestCase.php(361): PHPUnit\Framework\TestRunner-&gt;run()
#56 E:\Chamba\Auspac\Nexo\nexo\vendor\phpunit\phpunit\src\Framework\TestSuite.php(374): PHPUnit\Framework\TestCase-&gt;run()
#57 E:\Chamba\Auspac\Nexo\nexo\vendor\phpunit\phpunit\src\TextUI\TestRunner.php(64): PHPUnit\Framework\TestSuite-&gt;run()
#58 E:\Chamba\Auspac\Nexo\nexo\vendor\phpunit\phpunit\src\TextUI\Application.php(229): PHPUnit\TextUI\TestRunner-&gt;run()
#59 E:\Chamba\Auspac\Nexo\nexo\vendor\phpunit\phpunit\phpunit(104): PHPUnit\TextUI\Application-&gt;run()
#60 {main}

Next Illuminate\Contracts\Container\BindingResolutionException: Target class [App\Modules\Organization\Service\OrganizationService] does not exist. in E:\Chamba\Auspac\Nexo\nexo\vendor\laravel\framework\src\Illuminate\Container\Container.php:1127
Stack trace:
#0 E:\Chamba\Auspac\Nexo\nexo\vendor\laravel\framework\src\Illuminate\Container\Container.php(936): Illuminate\Container\Container-&gt;build()
#1 E:\Chamba\Auspac\Nexo\nexo\vendor\laravel\framework\src\Illuminate\Foundation\Application.php(1078): Illuminate\Container\Container-&gt;resolve()
#2 E:\Chamba\Auspac\Nexo\nexo\vendor\laravel\framework\src\Illuminate\Container\Container.php(864): Illuminate\Foundation\Application-&gt;resolve()
#3 E:\Chamba\Auspac\Nexo\nexo\vendor\laravel\framework\src\Illuminate\Foundation\Application.php(1058): Illuminate\Container\Container-&gt;make()
#4 E:\Chamba\Auspac\Nexo\nexo\vendor\laravel\framework\src\Illuminate\Container\Container.php(1339): Illuminate\Foundation\Application-&gt;make()
#5 E:\Chamba\Auspac\Nexo\nexo\vendor\laravel\framework\src\Illuminate\Container\Container.php(1240): Illuminate\Container\Container-&gt;resolveClass()
#6 E:\Chamba\Auspac\Nexo\nexo\vendor\laravel\framework\src\Illuminate\Container\Container.php(1165): Illuminate\Container\Container-&gt;resolveDependencies()
#7 E:\Chamba\Auspac\Nexo\nexo\vendor\laravel\framework\src\Illuminate\Container\Container.php(936): Illuminate\Container\Container-&gt;build()
#8 E:\Chamba\Auspac\Nexo\nexo\vendor\laravel\framework\src\Illuminate\Foundation\Application.php(1078): Illuminate\Container\Container-&gt;resolve()
#9 E:\Chamba\Auspac\Nexo\nexo\vendor\laravel\framework\src\Illuminate\Container\Container.php(864): Illuminate\Foundation\Application-&gt;resolve()
#10 E:\Chamba\Auspac\Nexo\nexo\vendor\laravel\framework\src\Illuminate\Foundation\Application.php(1058): Illuminate\Container\Container-&gt;make()
#11 E:\Chamba\Auspac\Nexo\nexo\vendor\laravel\framework\src\Illuminate\Routing\Route.php(290): Illuminate\Foundation\Application-&gt;make()
#12 E:\Chamba\Auspac\Nexo\nexo\vendor\laravel\framework\src\Illuminate\Routing\Route.php(270): Illuminate\Routing\Route-&gt;getController()
#13 E:\Chamba\Auspac\Nexo\nexo\vendor\laravel\framework\src\Illuminate\Routing\Route.php(215): Illuminate\Routing\Route-&gt;runController()
#14 E:\Chamba\Auspac\Nexo\nexo\vendor\laravel\framework\src\Illuminate\Routing\Router.php(822): Illuminate\Routing\Route-&gt;run()
#15 E:\Chamba\Auspac\Nexo\nexo\vendor\laravel\framework\src\Illuminate\Pipeline\Pipeline.php(180): Illuminate\Routing\Router-&gt;{closure:Illuminate\Routing\Router::runRouteWithinStack():821}()
#16 E:\Chamba\Auspac\Nexo\nexo\vendor\laravel\framework\src\Illuminate\Routing\Middleware\SubstituteBindings.php(52): Illuminate\Pipeline\Pipeline-&gt;{closure:Illuminate\Pipeline\Pipeline::prepareDestination():178}()
#17 E:\Chamba\Auspac\Nexo\nexo\vendor\laravel\framework\src\Illuminate\Pipeline\Pipeline.php(219): Illuminate\Routing\Middleware\SubstituteBindings-&gt;handle()
#18 E:\Chamba\Auspac\Nexo\nexo\vendor\laravel\framework\src\Illuminate\Pipeline\Pipeline.php(137): Illuminate\Pipeline\Pipeline-&gt;{closure:{closure:Illuminate\Pipeline\Pipeline::carry():194}:195}()
#19 E:\Chamba\Auspac\Nexo\nexo\vendor\laravel\framework\src\Illuminate\Routing\Router.php(821): Illuminate\Pipeline\Pipeline-&gt;then()
#20 E:\Chamba\Auspac\Nexo\nexo\vendor\laravel\framework\src\Illuminate\Routing\Router.php(800): Illuminate\Routing\Router-&gt;runRouteWithinStack()
#21 E:\Chamba\Auspac\Nexo\nexo\vendor\laravel\framework\src\Illuminate\Routing\Router.php(764): Illuminate\Routing\Router-&gt;runRoute()
#22 E:\Chamba\Auspac\Nexo\nexo\vendor\laravel\framework\src\Illuminate\Routing\Router.php(753): Illuminate\Routing\Router-&gt;dispatchToRoute()
#23 E:\Chamba\Auspac\Nexo\nexo\vendor\laravel\framework\src\Illuminate\Foundation\Http\Kernel.php(200): Illuminate\Routing\Router-&gt;dispatch()
#24 E:\Chamba\Auspac\Nexo\nexo\vendor\laravel\framework\src\Illuminate\Pipeline\Pipeline.php(180): Illuminate\Foundation\Http\Kernel-&gt;{closure:Illuminate\Foundation\Http\Kernel::dispatchToRouter():197}()
#25 E:\Chamba\Auspac\Nexo\nexo\vendor\laravel\framework\src\Illuminate\Foundation\Http\Middleware\TransformsRequest.php(21): Illuminate\Pipeline\Pipeline-&gt;{closure:Illuminate\Pipeline\Pipeline::prepareDestination():178}()
#26 E:\Chamba\Auspac\Nexo\nexo\vendor\laravel\framework\src\Illuminate\Foundation\Http\Middleware\ConvertEmptyStringsToNull.php(31): Illuminate\Foundation\Http\Middleware\TransformsRequest-&gt;handle()
#27 E:\Chamba\Auspac\Nexo\nexo\vendor\laravel\framework\src\Illuminate\Pipeline\Pipeline.php(219): Illuminate\Foundation\Http\Middleware\ConvertEmptyStringsToNull-&gt;handle()
#28 E:\Chamba\Auspac\Nexo\nexo\vendor\laravel\framework\src\Illuminate\Foundation\Http\Middleware\TransformsRequest.php(21): Illuminate\Pipeline\Pipeline-&gt;{closure:{closure:Illuminate\Pipeline\Pipeline::carry():194}:195}()
#29 E:\Chamba\Auspac\Nexo\nexo\vendor\laravel\framework\src\Illuminate\Foundation\Http\Middleware\TrimStrings.php(51): Illuminate\Foundation\Http\Middleware\TransformsRequest-&gt;handle()
#30 E:\Chamba\Auspac\Nexo\nexo\vendor\laravel\framework\src\Illuminate\Pipeline\Pipeline.php(219): Illuminate\Foundation\Http\Middleware\TrimStrings-&gt;handle()
#31 E:\Chamba\Auspac\Nexo\nexo\vendor\laravel\framework\src\Illuminate\Http\Middleware\ValidatePostSize.php(27): Illuminate\Pipeline\Pipeline-&gt;{closure:{closure:Illuminate\Pipeline\Pipeline::carry():194}:195}()
#32 E:\Chamba\Auspac\Nexo\nexo\vendor\laravel\framework\src\Illuminate\Pipeline\Pipeline.php(219): Illuminate\Http\Middleware\ValidatePostSize-&gt;handle()
#33 E:\Chamba\Auspac\Nexo\nexo\vendor\laravel\framework\src\Illuminate\Foundation\Http\Middleware\PreventRequestsDuringMaintenance.php(109): Illuminate\Pipeline\Pipeline-&gt;{closure:{closure:Illuminate\Pipeline\Pipeline::carry():194}:195}()
#34 E:\Chamba\Auspac\Nexo\nexo\vendor\laravel\framework\src\Illuminate\Pipeline\Pipeline.php(219): Illuminate\Foundation\Http\Middleware\PreventRequestsDuringMaintenance-&gt;handle()
#35 E:\Chamba\Auspac\Nexo\nexo\vendor\laravel\framework\src\Illuminate\Http\Middleware\HandleCors.php(74): Illuminate\Pipeline\Pipeline-&gt;{closure:{closure:Illuminate\Pipeline\Pipeline::carry():194}:195}()
#36 E:\Chamba\Auspac\Nexo\nexo\vendor\laravel\framework\src\Illuminate\Pipeline\Pipeline.php(219): Illuminate\Http\Middleware\HandleCors-&gt;handle()
#37 E:\Chamba\Auspac\Nexo\nexo\vendor\laravel\framework\src\Illuminate\Http\Middleware\TrustProxies.php(58): Illuminate\Pipeline\Pipeline-&gt;{closure:{closure:Illuminate\Pipeline\Pipeline::carry():194}:195}()
#38 E:\Chamba\Auspac\Nexo\nexo\vendor\laravel\framework\src\Illuminate\Pipeline\Pipeline.php(219): Illuminate\Http\Middleware\TrustProxies-&gt;handle()
#39 E:\Chamba\Auspac\Nexo\nexo\vendor\laravel\framework\src\Illuminate\Foundation\Http\Middleware\InvokeDeferredCallbacks.php(22): Illuminate\Pipeline\Pipeline-&gt;{closure:{closure:Illuminate\Pipeline\Pipeline::carry():194}:195}()
#40 E:\Chamba\Auspac\Nexo\nexo\vendor\laravel\framework\src\Illuminate\Pipeline\Pipeline.php(219): Illuminate\Foundation\Http\Middleware\InvokeDeferredCallbacks-&gt;handle()
#41 E:\Chamba\Auspac\Nexo\nexo\vendor\laravel\framework\src\Illuminate\Http\Middleware\ValidatePathEncoding.php(28): Illuminate\Pipeline\Pipeline-&gt;{closure:{closure:Illuminate\Pipeline\Pipeline::carry():194}:195}()
#42 E:\Chamba\Auspac\Nexo\nexo\vendor\laravel\framework\src\Illuminate\Pipeline\Pipeline.php(219): Illuminate\Http\Middleware\ValidatePathEncoding-&gt;handle()
#43 E:\Chamba\Auspac\Nexo\nexo\vendor\laravel\framework\src\Illuminate\Pipeline\Pipeline.php(137): Illuminate\Pipeline\Pipeline-&gt;{closure:{closure:Illuminate\Pipeline\Pipeline::carry():194}:195}()
#44 E:\Chamba\Auspac\Nexo\nexo\vendor\laravel\framework\src\Illuminate\Foundation\Http\Kernel.php(175): Illuminate\Pipeline\Pipeline-&gt;then()
#45 E:\Chamba\Auspac\Nexo\nexo\vendor\laravel\framework\src\Illuminate\Foundation\Http\Kernel.php(144): Illuminate\Foundation\Http\Kernel-&gt;sendRequestThroughRouter()
#46 E:\Chamba\Auspac\Nexo\nexo\vendor\laravel\framework\src\Illuminate\Foundation\Testing\Concerns\MakesHttpRequests.php(607): Illuminate\Foundation\Http\Kernel-&gt;handle()
#47 E:\Chamba\Auspac\Nexo\nexo\vendor\laravel\framework\src\Illuminate\Foundation\Testing\Concerns\MakesHttpRequests.php(573): Illuminate\Foundation\Testing\TestCase-&gt;call()
#48 E:\Chamba\Auspac\Nexo\nexo\vendor\laravel\framework\src\Illuminate\Foundation\Testing\Concerns\MakesHttpRequests.php(411): Illuminate\Foundation\Testing\TestCase-&gt;json()
#49 E:\Chamba\Auspac\Nexo\nexo\tests\Feature\Organization\OrganizationStoreTest.php(159): Illuminate\Foundation\Testing\TestCase-&gt;postJson()
#50 E:\Chamba\Auspac\Nexo\nexo\vendor\phpunit\phpunit\src\Framework\TestCase.php(1314): Tests\Feature\Organization\OrganizationStoreTest-&gt;test_fails_when_active_is_a_string()
#51 E:\Chamba\Auspac\Nexo\nexo\vendor\phpunit\phpunit\src\Framework\TestCase.php(1351): PHPUnit\Framework\TestCase-&gt;invokeTestMethod()
#52 E:\Chamba\Auspac\Nexo\nexo\vendor\phpunit\phpunit\src\Framework\TestCase.php(521): PHPUnit\Framework\TestCase-&gt;runTest()
#53 E:\Chamba\Auspac\Nexo\nexo\vendor\phpunit\phpunit\src\Framework\TestRunner\TestRunner.php(99): PHPUnit\Framework\TestCase-&gt;runBare()
#54 E:\Chamba\Auspac\Nexo\nexo\vendor\phpunit\phpunit\src\Framework\TestCase.php(361): PHPUnit\Framework\TestRunner-&gt;run()
#55 E:\Chamba\Auspac\Nexo\nexo\vendor\phpunit\phpunit\src\Framework\TestSuite.php(374): PHPUnit\Framework\TestCase-&gt;run()
#56 E:\Chamba\Auspac\Nexo\nexo\vendor\phpunit\phpunit\src\TextUI\TestRunner.php(64): PHPUnit\Framework\TestSuite-&gt;run()
#57 E:\Chamba\Auspac\Nexo\nexo\vendor\phpunit\phpunit\src\TextUI\Application.php(229): PHPUnit\TextUI\TestRunner-&gt;run()
#58 E:\Chamba\Auspac\Nexo\nexo\vendor\phpunit\phpunit\phpunit(104): PHPUnit\TextUI\Application-&gt;run()
#59 {main}

----------------------------------------------------------------------------------

Target class [App\Modules\Organization\Service\OrganizationService] does not exist.
&#13;
E:\Chamba\Auspac\Nexo\nexo\vendor\laravel\framework\src\Illuminate\Testing\TestResponseAssert.php:45
E:\Chamba\Auspac\Nexo\nexo\vendor\laravel\framework\src\Illuminate\Testing\TestResponse.php:176
E:\Chamba\Auspac\Nexo\nexo\tests\Feature\Organization\OrganizationStoreTest.php:161</failure>
    </testcase>
    <testcase name="test_fails_when_active_is_an_integer_other_than_boolean" file="E:\Chamba\Auspac\Nexo\nexo\tests\Feature\Organization\OrganizationStoreTest.php" line="166" class="Tests\Feature\Organization\OrganizationStoreTest" classname="Tests.Feature.Organization.OrganizationStoreTest" assertions="1" time="0.014611">
      <failure type="PHPUnit\Framework\ExpectationFailedException">Tests\Feature\Organization\OrganizationStoreTest::test_fails_when_active_is_an_integer_other_than_boolean&#13;
Expected response status code [422] but received 500.
Failed asserting that 500 is identical to 422.&#13;
&#13;
The following exception occurred during the last request:

ReflectionException: Class "App\Modules\Organization\Service\OrganizationService" does not exist in E:\Chamba\Auspac\Nexo\nexo\vendor\laravel\framework\src\Illuminate\Container\Container.php:1125
Stack trace:
#0 E:\Chamba\Auspac\Nexo\nexo\vendor\laravel\framework\src\Illuminate\Container\Container.php(1125): ReflectionClass-&gt;__construct()
#1 E:\Chamba\Auspac\Nexo\nexo\vendor\laravel\framework\src\Illuminate\Container\Container.php(936): Illuminate\Container\Container-&gt;build()
#2 E:\Chamba\Auspac\Nexo\nexo\vendor\laravel\framework\src\Illuminate\Foundation\Application.php(1078): Illuminate\Container\Container-&gt;resolve()
#3 E:\Chamba\Auspac\Nexo\nexo\vendor\laravel\framework\src\Illuminate\Container\Container.php(864): Illuminate\Foundation\Application-&gt;resolve()
#4 E:\Chamba\Auspac\Nexo\nexo\vendor\laravel\framework\src\Illuminate\Foundation\Application.php(1058): Illuminate\Container\Container-&gt;make()
#5 E:\Chamba\Auspac\Nexo\nexo\vendor\laravel\framework\src\Illuminate\Container\Container.php(1339): Illuminate\Foundation\Application-&gt;make()
#6 E:\Chamba\Auspac\Nexo\nexo\vendor\laravel\framework\src\Illuminate\Container\Container.php(1240): Illuminate\Container\Container-&gt;resolveClass()
#7 E:\Chamba\Auspac\Nexo\nexo\vendor\laravel\framework\src\Illuminate\Container\Container.php(1165): Illuminate\Container\Container-&gt;resolveDependencies()
#8 E:\Chamba\Auspac\Nexo\nexo\vendor\laravel\framework\src\Illuminate\Container\Container.php(936): Illuminate\Container\Container-&gt;build()
#9 E:\Chamba\Auspac\Nexo\nexo\vendor\laravel\framework\src\Illuminate\Foundation\Application.php(1078): Illuminate\Container\Container-&gt;resolve()
#10 E:\Chamba\Auspac\Nexo\nexo\vendor\laravel\framework\src\Illuminate\Container\Container.php(864): Illuminate\Foundation\Application-&gt;resolve()
#11 E:\Chamba\Auspac\Nexo\nexo\vendor\laravel\framework\src\Illuminate\Foundation\Application.php(1058): Illuminate\Container\Container-&gt;make()
#12 E:\Chamba\Auspac\Nexo\nexo\vendor\laravel\framework\src\Illuminate\Routing\Route.php(290): Illuminate\Foundation\Application-&gt;make()
#13 E:\Chamba\Auspac\Nexo\nexo\vendor\laravel\framework\src\Illuminate\Routing\Route.php(270): Illuminate\Routing\Route-&gt;getController()
#14 E:\Chamba\Auspac\Nexo\nexo\vendor\laravel\framework\src\Illuminate\Routing\Route.php(215): Illuminate\Routing\Route-&gt;runController()
#15 E:\Chamba\Auspac\Nexo\nexo\vendor\laravel\framework\src\Illuminate\Routing\Router.php(822): Illuminate\Routing\Route-&gt;run()
#16 E:\Chamba\Auspac\Nexo\nexo\vendor\laravel\framework\src\Illuminate\Pipeline\Pipeline.php(180): Illuminate\Routing\Router-&gt;{closure:Illuminate\Routing\Router::runRouteWithinStack():821}()
#17 E:\Chamba\Auspac\Nexo\nexo\vendor\laravel\framework\src\Illuminate\Routing\Middleware\SubstituteBindings.php(52): Illuminate\Pipeline\Pipeline-&gt;{closure:Illuminate\Pipeline\Pipeline::prepareDestination():178}()
#18 E:\Chamba\Auspac\Nexo\nexo\vendor\laravel\framework\src\Illuminate\Pipeline\Pipeline.php(219): Illuminate\Routing\Middleware\SubstituteBindings-&gt;handle()
#19 E:\Chamba\Auspac\Nexo\nexo\vendor\laravel\framework\src\Illuminate\Pipeline\Pipeline.php(137): Illuminate\Pipeline\Pipeline-&gt;{closure:{closure:Illuminate\Pipeline\Pipeline::carry():194}:195}()
#20 E:\Chamba\Auspac\Nexo\nexo\vendor\laravel\framework\src\Illuminate\Routing\Router.php(821): Illuminate\Pipeline\Pipeline-&gt;then()
#21 E:\Chamba\Auspac\Nexo\nexo\vendor\laravel\framework\src\Illuminate\Routing\Router.php(800): Illuminate\Routing\Router-&gt;runRouteWithinStack()
#22 E:\Chamba\Auspac\Nexo\nexo\vendor\laravel\framework\src\Illuminate\Routing\Router.php(764): Illuminate\Routing\Router-&gt;runRoute()
#23 E:\Chamba\Auspac\Nexo\nexo\vendor\laravel\framework\src\Illuminate\Routing\Router.php(753): Illuminate\Routing\Router-&gt;dispatchToRoute()
#24 E:\Chamba\Auspac\Nexo\nexo\vendor\laravel\framework\src\Illuminate\Foundation\Http\Kernel.php(200): Illuminate\Routing\Router-&gt;dispatch()
#25 E:\Chamba\Auspac\Nexo\nexo\vendor\laravel\framework\src\Illuminate\Pipeline\Pipeline.php(180): Illuminate\Foundation\Http\Kernel-&gt;{closure:Illuminate\Foundation\Http\Kernel::dispatchToRouter():197}()
#26 E:\Chamba\Auspac\Nexo\nexo\vendor\laravel\framework\src\Illuminate\Foundation\Http\Middleware\TransformsRequest.php(21): Illuminate\Pipeline\Pipeline-&gt;{closure:Illuminate\Pipeline\Pipeline::prepareDestination():178}()
#27 E:\Chamba\Auspac\Nexo\nexo\vendor\laravel\framework\src\Illuminate\Foundation\Http\Middleware\ConvertEmptyStringsToNull.php(31): Illuminate\Foundation\Http\Middleware\TransformsRequest-&gt;handle()
#28 E:\Chamba\Auspac\Nexo\nexo\vendor\laravel\framework\src\Illuminate\Pipeline\Pipeline.php(219): Illuminate\Foundation\Http\Middleware\ConvertEmptyStringsToNull-&gt;handle()
#29 E:\Chamba\Auspac\Nexo\nexo\vendor\laravel\framework\src\Illuminate\Foundation\Http\Middleware\TransformsRequest.php(21): Illuminate\Pipeline\Pipeline-&gt;{closure:{closure:Illuminate\Pipeline\Pipeline::carry():194}:195}()
#30 E:\Chamba\Auspac\Nexo\nexo\vendor\laravel\framework\src\Illuminate\Foundation\Http\Middleware\TrimStrings.php(51): Illuminate\Foundation\Http\Middleware\TransformsRequest-&gt;handle()
#31 E:\Chamba\Auspac\Nexo\nexo\vendor\laravel\framework\src\Illuminate\Pipeline\Pipeline.php(219): Illuminate\Foundation\Http\Middleware\TrimStrings-&gt;handle()
#32 E:\Chamba\Auspac\Nexo\nexo\vendor\laravel\framework\src\Illuminate\Http\Middleware\ValidatePostSize.php(27): Illuminate\Pipeline\Pipeline-&gt;{closure:{closure:Illuminate\Pipeline\Pipeline::carry():194}:195}()
#33 E:\Chamba\Auspac\Nexo\nexo\vendor\laravel\framework\src\Illuminate\Pipeline\Pipeline.php(219): Illuminate\Http\Middleware\ValidatePostSize-&gt;handle()
#34 E:\Chamba\Auspac\Nexo\nexo\vendor\laravel\framework\src\Illuminate\Foundation\Http\Middleware\PreventRequestsDuringMaintenance.php(109): Illuminate\Pipeline\Pipeline-&gt;{closure:{closure:Illuminate\Pipeline\Pipeline::carry():194}:195}()
#35 E:\Chamba\Auspac\Nexo\nexo\vendor\laravel\framework\src\Illuminate\Pipeline\Pipeline.php(219): Illuminate\Foundation\Http\Middleware\PreventRequestsDuringMaintenance-&gt;handle()
#36 E:\Chamba\Auspac\Nexo\nexo\vendor\laravel\framework\src\Illuminate\Http\Middleware\HandleCors.php(74): Illuminate\Pipeline\Pipeline-&gt;{closure:{closure:Illuminate\Pipeline\Pipeline::carry():194}:195}()
#37 E:\Chamba\Auspac\Nexo\nexo\vendor\laravel\framework\src\Illuminate\Pipeline\Pipeline.php(219): Illuminate\Http\Middleware\HandleCors-&gt;handle()
#38 E:\Chamba\Auspac\Nexo\nexo\vendor\laravel\framework\src\Illuminate\Http\Middleware\TrustProxies.php(58): Illuminate\Pipeline\Pipeline-&gt;{closure:{closure:Illuminate\Pipeline\Pipeline::carry():194}:195}()
#39 E:\Chamba\Auspac\Nexo\nexo\vendor\laravel\framework\src\Illuminate\Pipeline\Pipeline.php(219): Illuminate\Http\Middleware\TrustProxies-&gt;handle()
#40 E:\Chamba\Auspac\Nexo\nexo\vendor\laravel\framework\src\Illuminate\Foundation\Http\Middleware\InvokeDeferredCallbacks.php(22): Illuminate\Pipeline\Pipeline-&gt;{closure:{closure:Illuminate\Pipeline\Pipeline::carry():194}:195}()
#41 E:\Chamba\Auspac\Nexo\nexo\vendor\laravel\framework\src\Illuminate\Pipeline\Pipeline.php(219): Illuminate\Foundation\Http\Middleware\InvokeDeferredCallbacks-&gt;handle()
#42 E:\Chamba\Auspac\Nexo\nexo\vendor\laravel\framework\src\Illuminate\Http\Middleware\ValidatePathEncoding.php(28): Illuminate\Pipeline\Pipeline-&gt;{closure:{closure:Illuminate\Pipeline\Pipeline::carry():194}:195}()
#43 E:\Chamba\Auspac\Nexo\nexo\vendor\laravel\framework\src\Illuminate\Pipeline\Pipeline.php(219): Illuminate\Http\Middleware\ValidatePathEncoding-&gt;handle()
#44 E:\Chamba\Auspac\Nexo\nexo\vendor\laravel\framework\src\Illuminate\Pipeline\Pipeline.php(137): Illuminate\Pipeline\Pipeline-&gt;{closure:{closure:Illuminate\Pipeline\Pipeline::carry():194}:195}()
#45 E:\Chamba\Auspac\Nexo\nexo\vendor\laravel\framework\src\Illuminate\Foundation\Http\Kernel.php(175): Illuminate\Pipeline\Pipeline-&gt;then()
#46 E:\Chamba\Auspac\Nexo\nexo\vendor\laravel\framework\src\Illuminate\Foundation\Http\Kernel.php(144): Illuminate\Foundation\Http\Kernel-&gt;sendRequestThroughRouter()
#47 E:\Chamba\Auspac\Nexo\nexo\vendor\laravel\framework\src\Illuminate\Foundation\Testing\Concerns\MakesHttpRequests.php(607): Illuminate\Foundation\Http\Kernel-&gt;handle()
#48 E:\Chamba\Auspac\Nexo\nexo\vendor\laravel\framework\src\Illuminate\Foundation\Testing\Concerns\MakesHttpRequests.php(573): Illuminate\Foundation\Testing\TestCase-&gt;call()
#49 E:\Chamba\Auspac\Nexo\nexo\vendor\laravel\framework\src\Illuminate\Foundation\Testing\Concerns\MakesHttpRequests.php(411): Illuminate\Foundation\Testing\TestCase-&gt;json()
#50 E:\Chamba\Auspac\Nexo\nexo\tests\Feature\Organization\OrganizationStoreTest.php(168): Illuminate\Foundation\Testing\TestCase-&gt;postJson()
#51 E:\Chamba\Auspac\Nexo\nexo\vendor\phpunit\phpunit\src\Framework\TestCase.php(1314): Tests\Feature\Organization\OrganizationStoreTest-&gt;test_fails_when_active_is_an_integer_other_than_boolean()
#52 E:\Chamba\Auspac\Nexo\nexo\vendor\phpunit\phpunit\src\Framework\TestCase.php(1351): PHPUnit\Framework\TestCase-&gt;invokeTestMethod()
#53 E:\Chamba\Auspac\Nexo\nexo\vendor\phpunit\phpunit\src\Framework\TestCase.php(521): PHPUnit\Framework\TestCase-&gt;runTest()
#54 E:\Chamba\Auspac\Nexo\nexo\vendor\phpunit\phpunit\src\Framework\TestRunner\TestRunner.php(99): PHPUnit\Framework\TestCase-&gt;runBare()
#55 E:\Chamba\Auspac\Nexo\nexo\vendor\phpunit\phpunit\src\Framework\TestCase.php(361): PHPUnit\Framework\TestRunner-&gt;run()
#56 E:\Chamba\Auspac\Nexo\nexo\vendor\phpunit\phpunit\src\Framework\TestSuite.php(374): PHPUnit\Framework\TestCase-&gt;run()
#57 E:\Chamba\Auspac\Nexo\nexo\vendor\phpunit\phpunit\src\TextUI\TestRunner.php(64): PHPUnit\Framework\TestSuite-&gt;run()
#58 E:\Chamba\Auspac\Nexo\nexo\vendor\phpunit\phpunit\src\TextUI\Application.php(229): PHPUnit\TextUI\TestRunner-&gt;run()
#59 E:\Chamba\Auspac\Nexo\nexo\vendor\phpunit\phpunit\phpunit(104): PHPUnit\TextUI\Application-&gt;run()
#60 {main}

Next Illuminate\Contracts\Container\BindingResolutionException: Target class [App\Modules\Organization\Service\OrganizationService] does not exist. in E:\Chamba\Auspac\Nexo\nexo\vendor\laravel\framework\src\Illuminate\Container\Container.php:1127
Stack trace:
#0 E:\Chamba\Auspac\Nexo\nexo\vendor\laravel\framework\src\Illuminate\Container\Container.php(936): Illuminate\Container\Container-&gt;build()
#1 E:\Chamba\Auspac\Nexo\nexo\vendor\laravel\framework\src\Illuminate\Foundation\Application.php(1078): Illuminate\Container\Container-&gt;resolve()
#2 E:\Chamba\Auspac\Nexo\nexo\vendor\laravel\framework\src\Illuminate\Container\Container.php(864): Illuminate\Foundation\Application-&gt;resolve()
#3 E:\Chamba\Auspac\Nexo\nexo\vendor\laravel\framework\src\Illuminate\Foundation\Application.php(1058): Illuminate\Container\Container-&gt;make()
#4 E:\Chamba\Auspac\Nexo\nexo\vendor\laravel\framework\src\Illuminate\Container\Container.php(1339): Illuminate\Foundation\Application-&gt;make()
#5 E:\Chamba\Auspac\Nexo\nexo\vendor\laravel\framework\src\Illuminate\Container\Container.php(1240): Illuminate\Container\Container-&gt;resolveClass()
#6 E:\Chamba\Auspac\Nexo\nexo\vendor\laravel\framework\src\Illuminate\Container\Container.php(1165): Illuminate\Container\Container-&gt;resolveDependencies()
#7 E:\Chamba\Auspac\Nexo\nexo\vendor\laravel\framework\src\Illuminate\Container\Container.php(936): Illuminate\Container\Container-&gt;build()
#8 E:\Chamba\Auspac\Nexo\nexo\vendor\laravel\framework\src\Illuminate\Foundation\Application.php(1078): Illuminate\Container\Container-&gt;resolve()
#9 E:\Chamba\Auspac\Nexo\nexo\vendor\laravel\framework\src\Illuminate\Container\Container.php(864): Illuminate\Foundation\Application-&gt;resolve()
#10 E:\Chamba\Auspac\Nexo\nexo\vendor\laravel\framework\src\Illuminate\Foundation\Application.php(1058): Illuminate\Container\Container-&gt;make()
#11 E:\Chamba\Auspac\Nexo\nexo\vendor\laravel\framework\src\Illuminate\Routing\Route.php(290): Illuminate\Foundation\Application-&gt;make()
#12 E:\Chamba\Auspac\Nexo\nexo\vendor\laravel\framework\src\Illuminate\Routing\Route.php(270): Illuminate\Routing\Route-&gt;getController()
#13 E:\Chamba\Auspac\Nexo\nexo\vendor\laravel\framework\src\Illuminate\Routing\Route.php(215): Illuminate\Routing\Route-&gt;runController()
#14 E:\Chamba\Auspac\Nexo\nexo\vendor\laravel\framework\src\Illuminate\Routing\Router.php(822): Illuminate\Routing\Route-&gt;run()
#15 E:\Chamba\Auspac\Nexo\nexo\vendor\laravel\framework\src\Illuminate\Pipeline\Pipeline.php(180): Illuminate\Routing\Router-&gt;{closure:Illuminate\Routing\Router::runRouteWithinStack():821}()
#16 E:\Chamba\Auspac\Nexo\nexo\vendor\laravel\framework\src\Illuminate\Routing\Middleware\SubstituteBindings.php(52): Illuminate\Pipeline\Pipeline-&gt;{closure:Illuminate\Pipeline\Pipeline::prepareDestination():178}()
#17 E:\Chamba\Auspac\Nexo\nexo\vendor\laravel\framework\src\Illuminate\Pipeline\Pipeline.php(219): Illuminate\Routing\Middleware\SubstituteBindings-&gt;handle()
#18 E:\Chamba\Auspac\Nexo\nexo\vendor\laravel\framework\src\Illuminate\Pipeline\Pipeline.php(137): Illuminate\Pipeline\Pipeline-&gt;{closure:{closure:Illuminate\Pipeline\Pipeline::carry():194}:195}()
#19 E:\Chamba\Auspac\Nexo\nexo\vendor\laravel\framework\src\Illuminate\Routing\Router.php(821): Illuminate\Pipeline\Pipeline-&gt;then()
#20 E:\Chamba\Auspac\Nexo\nexo\vendor\laravel\framework\src\Illuminate\Routing\Router.php(800): Illuminate\Routing\Router-&gt;runRouteWithinStack()
#21 E:\Chamba\Auspac\Nexo\nexo\vendor\laravel\framework\src\Illuminate\Routing\Router.php(764): Illuminate\Routing\Router-&gt;runRoute()
#22 E:\Chamba\Auspac\Nexo\nexo\vendor\laravel\framework\src\Illuminate\Routing\Router.php(753): Illuminate\Routing\Router-&gt;dispatchToRoute()
#23 E:\Chamba\Auspac\Nexo\nexo\vendor\laravel\framework\src\Illuminate\Foundation\Http\Kernel.php(200): Illuminate\Routing\Router-&gt;dispatch()
#24 E:\Chamba\Auspac\Nexo\nexo\vendor\laravel\framework\src\Illuminate\Pipeline\Pipeline.php(180): Illuminate\Foundation\Http\Kernel-&gt;{closure:Illuminate\Foundation\Http\Kernel::dispatchToRouter():197}()
#25 E:\Chamba\Auspac\Nexo\nexo\vendor\laravel\framework\src\Illuminate\Foundation\Http\Middleware\TransformsRequest.php(21): Illuminate\Pipeline\Pipeline-&gt;{closure:Illuminate\Pipeline\Pipeline::prepareDestination():178}()
#26 E:\Chamba\Auspac\Nexo\nexo\vendor\laravel\framework\src\Illuminate\Foundation\Http\Middleware\ConvertEmptyStringsToNull.php(31): Illuminate\Foundation\Http\Middleware\TransformsRequest-&gt;handle()
#27 E:\Chamba\Auspac\Nexo\nexo\vendor\laravel\framework\src\Illuminate\Pipeline\Pipeline.php(219): Illuminate\Foundation\Http\Middleware\ConvertEmptyStringsToNull-&gt;handle()
#28 E:\Chamba\Auspac\Nexo\nexo\vendor\laravel\framework\src\Illuminate\Foundation\Http\Middleware\TransformsRequest.php(21): Illuminate\Pipeline\Pipeline-&gt;{closure:{closure:Illuminate\Pipeline\Pipeline::carry():194}:195}()
#29 E:\Chamba\Auspac\Nexo\nexo\vendor\laravel\framework\src\Illuminate\Foundation\Http\Middleware\TrimStrings.php(51): Illuminate\Foundation\Http\Middleware\TransformsRequest-&gt;handle()
#30 E:\Chamba\Auspac\Nexo\nexo\vendor\laravel\framework\src\Illuminate\Pipeline\Pipeline.php(219): Illuminate\Foundation\Http\Middleware\TrimStrings-&gt;handle()
#31 E:\Chamba\Auspac\Nexo\nexo\vendor\laravel\framework\src\Illuminate\Http\Middleware\ValidatePostSize.php(27): Illuminate\Pipeline\Pipeline-&gt;{closure:{closure:Illuminate\Pipeline\Pipeline::carry():194}:195}()
#32 E:\Chamba\Auspac\Nexo\nexo\vendor\laravel\framework\src\Illuminate\Pipeline\Pipeline.php(219): Illuminate\Http\Middleware\ValidatePostSize-&gt;handle()
#33 E:\Chamba\Auspac\Nexo\nexo\vendor\laravel\framework\src\Illuminate\Foundation\Http\Middleware\PreventRequestsDuringMaintenance.php(109): Illuminate\Pipeline\Pipeline-&gt;{closure:{closure:Illuminate\Pipeline\Pipeline::carry():194}:195}()
#34 E:\Chamba\Auspac\Nexo\nexo\vendor\laravel\framework\src\Illuminate\Pipeline\Pipeline.php(219): Illuminate\Foundation\Http\Middleware\PreventRequestsDuringMaintenance-&gt;handle()
#35 E:\Chamba\Auspac\Nexo\nexo\vendor\laravel\framework\src\Illuminate\Http\Middleware\HandleCors.php(74): Illuminate\Pipeline\Pipeline-&gt;{closure:{closure:Illuminate\Pipeline\Pipeline::carry():194}:195}()
#36 E:\Chamba\Auspac\Nexo\nexo\vendor\laravel\framework\src\Illuminate\Pipeline\Pipeline.php(219): Illuminate\Http\Middleware\HandleCors-&gt;handle()
#37 E:\Chamba\Auspac\Nexo\nexo\vendor\laravel\framework\src\Illuminate\Http\Middleware\TrustProxies.php(58): Illuminate\Pipeline\Pipeline-&gt;{closure:{closure:Illuminate\Pipeline\Pipeline::carry():194}:195}()
#38 E:\Chamba\Auspac\Nexo\nexo\vendor\laravel\framework\src\Illuminate\Pipeline\Pipeline.php(219): Illuminate\Http\Middleware\TrustProxies-&gt;handle()
#39 E:\Chamba\Auspac\Nexo\nexo\vendor\laravel\framework\src\Illuminate\Foundation\Http\Middleware\InvokeDeferredCallbacks.php(22): Illuminate\Pipeline\Pipeline-&gt;{closure:{closure:Illuminate\Pipeline\Pipeline::carry():194}:195}()
#40 E:\Chamba\Auspac\Nexo\nexo\vendor\laravel\framework\src\Illuminate\Pipeline\Pipeline.php(219): Illuminate\Foundation\Http\Middleware\InvokeDeferredCallbacks-&gt;handle()
#41 E:\Chamba\Auspac\Nexo\nexo\vendor\laravel\framework\src\Illuminate\Http\Middleware\ValidatePathEncoding.php(28): Illuminate\Pipeline\Pipeline-&gt;{closure:{closure:Illuminate\Pipeline\Pipeline::carry():194}:195}()
#42 E:\Chamba\Auspac\Nexo\nexo\vendor\laravel\framework\src\Illuminate\Pipeline\Pipeline.php(219): Illuminate\Http\Middleware\ValidatePathEncoding-&gt;handle()
#43 E:\Chamba\Auspac\Nexo\nexo\vendor\laravel\framework\src\Illuminate\Pipeline\Pipeline.php(137): Illuminate\Pipeline\Pipeline-&gt;{closure:{closure:Illuminate\Pipeline\Pipeline::carry():194}:195}()
#44 E:\Chamba\Auspac\Nexo\nexo\vendor\laravel\framework\src\Illuminate\Foundation\Http\Kernel.php(175): Illuminate\Pipeline\Pipeline-&gt;then()
#45 E:\Chamba\Auspac\Nexo\nexo\vendor\laravel\framework\src\Illuminate\Foundation\Http\Kernel.php(144): Illuminate\Foundation\Http\Kernel-&gt;sendRequestThroughRouter()
#46 E:\Chamba\Auspac\Nexo\nexo\vendor\laravel\framework\src\Illuminate\Foundation\Testing\Concerns\MakesHttpRequests.php(607): Illuminate\Foundation\Http\Kernel-&gt;handle()
#47 E:\Chamba\Auspac\Nexo\nexo\vendor\laravel\framework\src\Illuminate\Foundation\Testing\Concerns\MakesHttpRequests.php(573): Illuminate\Foundation\Testing\TestCase-&gt;call()
#48 E:\Chamba\Auspac\Nexo\nexo\vendor\laravel\framework\src\Illuminate\Foundation\Testing\Concerns\MakesHttpRequests.php(411): Illuminate\Foundation\Testing\TestCase-&gt;json()
#49 E:\Chamba\Auspac\Nexo\nexo\tests\Feature\Organization\OrganizationStoreTest.php(168): Illuminate\Foundation\Testing\TestCase-&gt;postJson()
#50 E:\Chamba\Auspac\Nexo\nexo\vendor\phpunit\phpunit\src\Framework\TestCase.php(1314): Tests\Feature\Organization\OrganizationStoreTest-&gt;test_fails_when_active_is_an_integer_other_than_boolean()
#51 E:\Chamba\Auspac\Nexo\nexo\vendor\phpunit\phpunit\src\Framework\TestCase.php(1351): PHPUnit\Framework\TestCase-&gt;invokeTestMethod()
#52 E:\Chamba\Auspac\Nexo\nexo\vendor\phpunit\phpunit\src\Framework\TestCase.php(521): PHPUnit\Framework\TestCase-&gt;runTest()
#53 E:\Chamba\Auspac\Nexo\nexo\vendor\phpunit\phpunit\src\Framework\TestRunner\TestRunner.php(99): PHPUnit\Framework\TestCase-&gt;runBare()
#54 E:\Chamba\Auspac\Nexo\nexo\vendor\phpunit\phpunit\src\Framework\TestCase.php(361): PHPUnit\Framework\TestRunner-&gt;run()
#55 E:\Chamba\Auspac\Nexo\nexo\vendor\phpunit\phpunit\src\Framework\TestSuite.php(374): PHPUnit\Framework\TestCase-&gt;run()
#56 E:\Chamba\Auspac\Nexo\nexo\vendor\phpunit\phpunit\src\TextUI\TestRunner.php(64): PHPUnit\Framework\TestSuite-&gt;run()
#57 E:\Chamba\Auspac\Nexo\nexo\vendor\phpunit\phpunit\src\TextUI\Application.php(229): PHPUnit\TextUI\TestRunner-&gt;run()
#58 E:\Chamba\Auspac\Nexo\nexo\vendor\phpunit\phpunit\phpunit(104): PHPUnit\TextUI\Application-&gt;run()
#59 {main}

----------------------------------------------------------------------------------

Target class [App\Modules\Organization\Service\OrganizationService] does not exist.
&#13;
E:\Chamba\Auspac\Nexo\nexo\vendor\laravel\framework\src\Illuminate\Testing\TestResponseAssert.php:45
E:\Chamba\Auspac\Nexo\nexo\vendor\laravel\framework\src\Illuminate\Testing\TestResponse.php:176
E:\Chamba\Auspac\Nexo\nexo\tests\Feature\Organization\OrganizationStoreTest.php:170</failure>
    </testcase>
    <testcase name="test_fails_when_tax_id_has_invalid_format" file="E:\Chamba\Auspac\Nexo\nexo\tests\Feature\Organization\OrganizationStoreTest.php" line="177" class="Tests\Feature\Organization\OrganizationStoreTest" classname="Tests.Feature.Organization.OrganizationStoreTest" assertions="1" time="0.015281">
      <failure type="PHPUnit\Framework\ExpectationFailedException">Tests\Feature\Organization\OrganizationStoreTest::test_fails_when_tax_id_has_invalid_format&#13;
Expected response status code [422] but received 500.
Failed asserting that 500 is identical to 422.&#13;
&#13;
The following exception occurred during the last request:

ReflectionException: Class "App\Modules\Organization\Service\OrganizationService" does not exist in E:\Chamba\Auspac\Nexo\nexo\vendor\laravel\framework\src\Illuminate\Container\Container.php:1125
Stack trace:
#0 E:\Chamba\Auspac\Nexo\nexo\vendor\laravel\framework\src\Illuminate\Container\Container.php(1125): ReflectionClass-&gt;__construct()
#1 E:\Chamba\Auspac\Nexo\nexo\vendor\laravel\framework\src\Illuminate\Container\Container.php(936): Illuminate\Container\Container-&gt;build()
#2 E:\Chamba\Auspac\Nexo\nexo\vendor\laravel\framework\src\Illuminate\Foundation\Application.php(1078): Illuminate\Container\Container-&gt;resolve()
#3 E:\Chamba\Auspac\Nexo\nexo\vendor\laravel\framework\src\Illuminate\Container\Container.php(864): Illuminate\Foundation\Application-&gt;resolve()
#4 E:\Chamba\Auspac\Nexo\nexo\vendor\laravel\framework\src\Illuminate\Foundation\Application.php(1058): Illuminate\Container\Container-&gt;make()
#5 E:\Chamba\Auspac\Nexo\nexo\vendor\laravel\framework\src\Illuminate\Container\Container.php(1339): Illuminate\Foundation\Application-&gt;make()
#6 E:\Chamba\Auspac\Nexo\nexo\vendor\laravel\framework\src\Illuminate\Container\Container.php(1240): Illuminate\Container\Container-&gt;resolveClass()
#7 E:\Chamba\Auspac\Nexo\nexo\vendor\laravel\framework\src\Illuminate\Container\Container.php(1165): Illuminate\Container\Container-&gt;resolveDependencies()
#8 E:\Chamba\Auspac\Nexo\nexo\vendor\laravel\framework\src\Illuminate\Container\Container.php(936): Illuminate\Container\Container-&gt;build()
#9 E:\Chamba\Auspac\Nexo\nexo\vendor\laravel\framework\src\Illuminate\Foundation\Application.php(1078): Illuminate\Container\Container-&gt;resolve()
#10 E:\Chamba\Auspac\Nexo\nexo\vendor\laravel\framework\src\Illuminate\Container\Container.php(864): Illuminate\Foundation\Application-&gt;resolve()
#11 E:\Chamba\Auspac\Nexo\nexo\vendor\laravel\framework\src\Illuminate\Foundation\Application.php(1058): Illuminate\Container\Container-&gt;make()
#12 E:\Chamba\Auspac\Nexo\nexo\vendor\laravel\framework\src\Illuminate\Routing\Route.php(290): Illuminate\Foundation\Application-&gt;make()
#13 E:\Chamba\Auspac\Nexo\nexo\vendor\laravel\framework\src\Illuminate\Routing\Route.php(270): Illuminate\Routing\Route-&gt;getController()
#14 E:\Chamba\Auspac\Nexo\nexo\vendor\laravel\framework\src\Illuminate\Routing\Route.php(215): Illuminate\Routing\Route-&gt;runController()
#15 E:\Chamba\Auspac\Nexo\nexo\vendor\laravel\framework\src\Illuminate\Routing\Router.php(822): Illuminate\Routing\Route-&gt;run()
#16 E:\Chamba\Auspac\Nexo\nexo\vendor\laravel\framework\src\Illuminate\Pipeline\Pipeline.php(180): Illuminate\Routing\Router-&gt;{closure:Illuminate\Routing\Router::runRouteWithinStack():821}()
#17 E:\Chamba\Auspac\Nexo\nexo\vendor\laravel\framework\src\Illuminate\Routing\Middleware\SubstituteBindings.php(52): Illuminate\Pipeline\Pipeline-&gt;{closure:Illuminate\Pipeline\Pipeline::prepareDestination():178}()
#18 E:\Chamba\Auspac\Nexo\nexo\vendor\laravel\framework\src\Illuminate\Pipeline\Pipeline.php(219): Illuminate\Routing\Middleware\SubstituteBindings-&gt;handle()
#19 E:\Chamba\Auspac\Nexo\nexo\vendor\laravel\framework\src\Illuminate\Pipeline\Pipeline.php(137): Illuminate\Pipeline\Pipeline-&gt;{closure:{closure:Illuminate\Pipeline\Pipeline::carry():194}:195}()
#20 E:\Chamba\Auspac\Nexo\nexo\vendor\laravel\framework\src\Illuminate\Routing\Router.php(821): Illuminate\Pipeline\Pipeline-&gt;then()
#21 E:\Chamba\Auspac\Nexo\nexo\vendor\laravel\framework\src\Illuminate\Routing\Router.php(800): Illuminate\Routing\Router-&gt;runRouteWithinStack()
#22 E:\Chamba\Auspac\Nexo\nexo\vendor\laravel\framework\src\Illuminate\Routing\Router.php(764): Illuminate\Routing\Router-&gt;runRoute()
#23 E:\Chamba\Auspac\Nexo\nexo\vendor\laravel\framework\src\Illuminate\Routing\Router.php(753): Illuminate\Routing\Router-&gt;dispatchToRoute()
#24 E:\Chamba\Auspac\Nexo\nexo\vendor\laravel\framework\src\Illuminate\Foundation\Http\Kernel.php(200): Illuminate\Routing\Router-&gt;dispatch()
#25 E:\Chamba\Auspac\Nexo\nexo\vendor\laravel\framework\src\Illuminate\Pipeline\Pipeline.php(180): Illuminate\Foundation\Http\Kernel-&gt;{closure:Illuminate\Foundation\Http\Kernel::dispatchToRouter():197}()
#26 E:\Chamba\Auspac\Nexo\nexo\vendor\laravel\framework\src\Illuminate\Foundation\Http\Middleware\TransformsRequest.php(21): Illuminate\Pipeline\Pipeline-&gt;{closure:Illuminate\Pipeline\Pipeline::prepareDestination():178}()
#27 E:\Chamba\Auspac\Nexo\nexo\vendor\laravel\framework\src\Illuminate\Foundation\Http\Middleware\ConvertEmptyStringsToNull.php(31): Illuminate\Foundation\Http\Middleware\TransformsRequest-&gt;handle()
#28 E:\Chamba\Auspac\Nexo\nexo\vendor\laravel\framework\src\Illuminate\Pipeline\Pipeline.php(219): Illuminate\Foundation\Http\Middleware\ConvertEmptyStringsToNull-&gt;handle()
#29 E:\Chamba\Auspac\Nexo\nexo\vendor\laravel\framework\src\Illuminate\Foundation\Http\Middleware\TransformsRequest.php(21): Illuminate\Pipeline\Pipeline-&gt;{closure:{closure:Illuminate\Pipeline\Pipeline::carry():194}:195}()
#30 E:\Chamba\Auspac\Nexo\nexo\vendor\laravel\framework\src\Illuminate\Foundation\Http\Middleware\TrimStrings.php(51): Illuminate\Foundation\Http\Middleware\TransformsRequest-&gt;handle()
#31 E:\Chamba\Auspac\Nexo\nexo\vendor\laravel\framework\src\Illuminate\Pipeline\Pipeline.php(219): Illuminate\Foundation\Http\Middleware\TrimStrings-&gt;handle()
#32 E:\Chamba\Auspac\Nexo\nexo\vendor\laravel\framework\src\Illuminate\Http\Middleware\ValidatePostSize.php(27): Illuminate\Pipeline\Pipeline-&gt;{closure:{closure:Illuminate\Pipeline\Pipeline::carry():194}:195}()
#33 E:\Chamba\Auspac\Nexo\nexo\vendor\laravel\framework\src\Illuminate\Pipeline\Pipeline.php(219): Illuminate\Http\Middleware\ValidatePostSize-&gt;handle()
#34 E:\Chamba\Auspac\Nexo\nexo\vendor\laravel\framework\src\Illuminate\Foundation\Http\Middleware\PreventRequestsDuringMaintenance.php(109): Illuminate\Pipeline\Pipeline-&gt;{closure:{closure:Illuminate\Pipeline\Pipeline::carry():194}:195}()
#35 E:\Chamba\Auspac\Nexo\nexo\vendor\laravel\framework\src\Illuminate\Pipeline\Pipeline.php(219): Illuminate\Foundation\Http\Middleware\PreventRequestsDuringMaintenance-&gt;handle()
#36 E:\Chamba\Auspac\Nexo\nexo\vendor\laravel\framework\src\Illuminate\Http\Middleware\HandleCors.php(74): Illuminate\Pipeline\Pipeline-&gt;{closure:{closure:Illuminate\Pipeline\Pipeline::carry():194}:195}()
#37 E:\Chamba\Auspac\Nexo\nexo\vendor\laravel\framework\src\Illuminate\Pipeline\Pipeline.php(219): Illuminate\Http\Middleware\HandleCors-&gt;handle()
#38 E:\Chamba\Auspac\Nexo\nexo\vendor\laravel\framework\src\Illuminate\Http\Middleware\TrustProxies.php(58): Illuminate\Pipeline\Pipeline-&gt;{closure:{closure:Illuminate\Pipeline\Pipeline::carry():194}:195}()
#39 E:\Chamba\Auspac\Nexo\nexo\vendor\laravel\framework\src\Illuminate\Pipeline\Pipeline.php(219): Illuminate\Http\Middleware\TrustProxies-&gt;handle()
#40 E:\Chamba\Auspac\Nexo\nexo\vendor\laravel\framework\src\Illuminate\Foundation\Http\Middleware\InvokeDeferredCallbacks.php(22): Illuminate\Pipeline\Pipeline-&gt;{closure:{closure:Illuminate\Pipeline\Pipeline::carry():194}:195}()
#41 E:\Chamba\Auspac\Nexo\nexo\vendor\laravel\framework\src\Illuminate\Pipeline\Pipeline.php(219): Illuminate\Foundation\Http\Middleware\InvokeDeferredCallbacks-&gt;handle()
#42 E:\Chamba\Auspac\Nexo\nexo\vendor\laravel\framework\src\Illuminate\Http\Middleware\ValidatePathEncoding.php(28): Illuminate\Pipeline\Pipeline-&gt;{closure:{closure:Illuminate\Pipeline\Pipeline::carry():194}:195}()
#43 E:\Chamba\Auspac\Nexo\nexo\vendor\laravel\framework\src\Illuminate\Pipeline\Pipeline.php(219): Illuminate\Http\Middleware\ValidatePathEncoding-&gt;handle()
#44 E:\Chamba\Auspac\Nexo\nexo\vendor\laravel\framework\src\Illuminate\Pipeline\Pipeline.php(137): Illuminate\Pipeline\Pipeline-&gt;{closure:{closure:Illuminate\Pipeline\Pipeline::carry():194}:195}()
#45 E:\Chamba\Auspac\Nexo\nexo\vendor\laravel\framework\src\Illuminate\Foundation\Http\Kernel.php(175): Illuminate\Pipeline\Pipeline-&gt;then()
#46 E:\Chamba\Auspac\Nexo\nexo\vendor\laravel\framework\src\Illuminate\Foundation\Http\Kernel.php(144): Illuminate\Foundation\Http\Kernel-&gt;sendRequestThroughRouter()
#47 E:\Chamba\Auspac\Nexo\nexo\vendor\laravel\framework\src\Illuminate\Foundation\Testing\Concerns\MakesHttpRequests.php(607): Illuminate\Foundation\Http\Kernel-&gt;handle()
#48 E:\Chamba\Auspac\Nexo\nexo\vendor\laravel\framework\src\Illuminate\Foundation\Testing\Concerns\MakesHttpRequests.php(573): Illuminate\Foundation\Testing\TestCase-&gt;call()
#49 E:\Chamba\Auspac\Nexo\nexo\vendor\laravel\framework\src\Illuminate\Foundation\Testing\Concerns\MakesHttpRequests.php(411): Illuminate\Foundation\Testing\TestCase-&gt;json()
#50 E:\Chamba\Auspac\Nexo\nexo\tests\Feature\Organization\OrganizationStoreTest.php(180): Illuminate\Foundation\Testing\TestCase-&gt;postJson()
#51 E:\Chamba\Auspac\Nexo\nexo\vendor\phpunit\phpunit\src\Framework\TestCase.php(1314): Tests\Feature\Organization\OrganizationStoreTest-&gt;test_fails_when_tax_id_has_invalid_format()
#52 E:\Chamba\Auspac\Nexo\nexo\vendor\phpunit\phpunit\src\Framework\TestCase.php(1351): PHPUnit\Framework\TestCase-&gt;invokeTestMethod()
#53 E:\Chamba\Auspac\Nexo\nexo\vendor\phpunit\phpunit\src\Framework\TestCase.php(521): PHPUnit\Framework\TestCase-&gt;runTest()
#54 E:\Chamba\Auspac\Nexo\nexo\vendor\phpunit\phpunit\src\Framework\TestRunner\TestRunner.php(99): PHPUnit\Framework\TestCase-&gt;runBare()
#55 E:\Chamba\Auspac\Nexo\nexo\vendor\phpunit\phpunit\src\Framework\TestCase.php(361): PHPUnit\Framework\TestRunner-&gt;run()
#56 E:\Chamba\Auspac\Nexo\nexo\vendor\phpunit\phpunit\src\Framework\TestSuite.php(374): PHPUnit\Framework\TestCase-&gt;run()
#57 E:\Chamba\Auspac\Nexo\nexo\vendor\phpunit\phpunit\src\TextUI\TestRunner.php(64): PHPUnit\Framework\TestSuite-&gt;run()
#58 E:\Chamba\Auspac\Nexo\nexo\vendor\phpunit\phpunit\src\TextUI\Application.php(229): PHPUnit\TextUI\TestRunner-&gt;run()
#59 E:\Chamba\Auspac\Nexo\nexo\vendor\phpunit\phpunit\phpunit(104): PHPUnit\TextUI\Application-&gt;run()
#60 {main}

Next Illuminate\Contracts\Container\BindingResolutionException: Target class [App\Modules\Organization\Service\OrganizationService] does not exist. in E:\Chamba\Auspac\Nexo\nexo\vendor\laravel\framework\src\Illuminate\Container\Container.php:1127
Stack trace:
#0 E:\Chamba\Auspac\Nexo\nexo\vendor\laravel\framework\src\Illuminate\Container\Container.php(936): Illuminate\Container\Container-&gt;build()
#1 E:\Chamba\Auspac\Nexo\nexo\vendor\laravel\framework\src\Illuminate\Foundation\Application.php(1078): Illuminate\Container\Container-&gt;resolve()
#2 E:\Chamba\Auspac\Nexo\nexo\vendor\laravel\framework\src\Illuminate\Container\Container.php(864): Illuminate\Foundation\Application-&gt;resolve()
#3 E:\Chamba\Auspac\Nexo\nexo\vendor\laravel\framework\src\Illuminate\Foundation\Application.php(1058): Illuminate\Container\Container-&gt;make()
#4 E:\Chamba\Auspac\Nexo\nexo\vendor\laravel\framework\src\Illuminate\Container\Container.php(1339): Illuminate\Foundation\Application-&gt;make()
#5 E:\Chamba\Auspac\Nexo\nexo\vendor\laravel\framework\src\Illuminate\Container\Container.php(1240): Illuminate\Container\Container-&gt;resolveClass()
#6 E:\Chamba\Auspac\Nexo\nexo\vendor\laravel\framework\src\Illuminate\Container\Container.php(1165): Illuminate\Container\Container-&gt;resolveDependencies()
#7 E:\Chamba\Auspac\Nexo\nexo\vendor\laravel\framework\src\Illuminate\Container\Container.php(936): Illuminate\Container\Container-&gt;build()
#8 E:\Chamba\Auspac\Nexo\nexo\vendor\laravel\framework\src\Illuminate\Foundation\Application.php(1078): Illuminate\Container\Container-&gt;resolve()
#9 E:\Chamba\Auspac\Nexo\nexo\vendor\laravel\framework\src\Illuminate\Container\Container.php(864): Illuminate\Foundation\Application-&gt;resolve()
#10 E:\Chamba\Auspac\Nexo\nexo\vendor\laravel\framework\src\Illuminate\Foundation\Application.php(1058): Illuminate\Container\Container-&gt;make()
#11 E:\Chamba\Auspac\Nexo\nexo\vendor\laravel\framework\src\Illuminate\Routing\Route.php(290): Illuminate\Foundation\Application-&gt;make()
#12 E:\Chamba\Auspac\Nexo\nexo\vendor\laravel\framework\src\Illuminate\Routing\Route.php(270): Illuminate\Routing\Route-&gt;getController()
#13 E:\Chamba\Auspac\Nexo\nexo\vendor\laravel\framework\src\Illuminate\Routing\Route.php(215): Illuminate\Routing\Route-&gt;runController()
#14 E:\Chamba\Auspac\Nexo\nexo\vendor\laravel\framework\src\Illuminate\Routing\Router.php(822): Illuminate\Routing\Route-&gt;run()
#15 E:\Chamba\Auspac\Nexo\nexo\vendor\laravel\framework\src\Illuminate\Pipeline\Pipeline.php(180): Illuminate\Routing\Router-&gt;{closure:Illuminate\Routing\Router::runRouteWithinStack():821}()
#16 E:\Chamba\Auspac\Nexo\nexo\vendor\laravel\framework\src\Illuminate\Routing\Middleware\SubstituteBindings.php(52): Illuminate\Pipeline\Pipeline-&gt;{closure:Illuminate\Pipeline\Pipeline::prepareDestination():178}()
#17 E:\Chamba\Auspac\Nexo\nexo\vendor\laravel\framework\src\Illuminate\Pipeline\Pipeline.php(219): Illuminate\Routing\Middleware\SubstituteBindings-&gt;handle()
#18 E:\Chamba\Auspac\Nexo\nexo\vendor\laravel\framework\src\Illuminate\Pipeline\Pipeline.php(137): Illuminate\Pipeline\Pipeline-&gt;{closure:{closure:Illuminate\Pipeline\Pipeline::carry():194}:195}()
#19 E:\Chamba\Auspac\Nexo\nexo\vendor\laravel\framework\src\Illuminate\Routing\Router.php(821): Illuminate\Pipeline\Pipeline-&gt;then()
#20 E:\Chamba\Auspac\Nexo\nexo\vendor\laravel\framework\src\Illuminate\Routing\Router.php(800): Illuminate\Routing\Router-&gt;runRouteWithinStack()
#21 E:\Chamba\Auspac\Nexo\nexo\vendor\laravel\framework\src\Illuminate\Routing\Router.php(764): Illuminate\Routing\Router-&gt;runRoute()
#22 E:\Chamba\Auspac\Nexo\nexo\vendor\laravel\framework\src\Illuminate\Routing\Router.php(753): Illuminate\Routing\Router-&gt;dispatchToRoute()
#23 E:\Chamba\Auspac\Nexo\nexo\vendor\laravel\framework\src\Illuminate\Foundation\Http\Kernel.php(200): Illuminate\Routing\Router-&gt;dispatch()
#24 E:\Chamba\Auspac\Nexo\nexo\vendor\laravel\framework\src\Illuminate\Pipeline\Pipeline.php(180): Illuminate\Foundation\Http\Kernel-&gt;{closure:Illuminate\Foundation\Http\Kernel::dispatchToRouter():197}()
#25 E:\Chamba\Auspac\Nexo\nexo\vendor\laravel\framework\src\Illuminate\Foundation\Http\Middleware\TransformsRequest.php(21): Illuminate\Pipeline\Pipeline-&gt;{closure:Illuminate\Pipeline\Pipeline::prepareDestination():178}()
#26 E:\Chamba\Auspac\Nexo\nexo\vendor\laravel\framework\src\Illuminate\Foundation\Http\Middleware\ConvertEmptyStringsToNull.php(31): Illuminate\Foundation\Http\Middleware\TransformsRequest-&gt;handle()
#27 E:\Chamba\Auspac\Nexo\nexo\vendor\laravel\framework\src\Illuminate\Pipeline\Pipeline.php(219): Illuminate\Foundation\Http\Middleware\ConvertEmptyStringsToNull-&gt;handle()
#28 E:\Chamba\Auspac\Nexo\nexo\vendor\laravel\framework\src\Illuminate\Foundation\Http\Middleware\TransformsRequest.php(21): Illuminate\Pipeline\Pipeline-&gt;{closure:{closure:Illuminate\Pipeline\Pipeline::carry():194}:195}()
#29 E:\Chamba\Auspac\Nexo\nexo\vendor\laravel\framework\src\Illuminate\Foundation\Http\Middleware\TrimStrings.php(51): Illuminate\Foundation\Http\Middleware\TransformsRequest-&gt;handle()
#30 E:\Chamba\Auspac\Nexo\nexo\vendor\laravel\framework\src\Illuminate\Pipeline\Pipeline.php(219): Illuminate\Foundation\Http\Middleware\TrimStrings-&gt;handle()
#31 E:\Chamba\Auspac\Nexo\nexo\vendor\laravel\framework\src\Illuminate\Http\Middleware\ValidatePostSize.php(27): Illuminate\Pipeline\Pipeline-&gt;{closure:{closure:Illuminate\Pipeline\Pipeline::carry():194}:195}()
#32 E:\Chamba\Auspac\Nexo\nexo\vendor\laravel\framework\src\Illuminate\Pipeline\Pipeline.php(219): Illuminate\Http\Middleware\ValidatePostSize-&gt;handle()
#33 E:\Chamba\Auspac\Nexo\nexo\vendor\laravel\framework\src\Illuminate\Foundation\Http\Middleware\PreventRequestsDuringMaintenance.php(109): Illuminate\Pipeline\Pipeline-&gt;{closure:{closure:Illuminate\Pipeline\Pipeline::carry():194}:195}()
#34 E:\Chamba\Auspac\Nexo\nexo\vendor\laravel\framework\src\Illuminate\Pipeline\Pipeline.php(219): Illuminate\Foundation\Http\Middleware\PreventRequestsDuringMaintenance-&gt;handle()
#35 E:\Chamba\Auspac\Nexo\nexo\vendor\laravel\framework\src\Illuminate\Http\Middleware\HandleCors.php(74): Illuminate\Pipeline\Pipeline-&gt;{closure:{closure:Illuminate\Pipeline\Pipeline::carry():194}:195}()
#36 E:\Chamba\Auspac\Nexo\nexo\vendor\laravel\framework\src\Illuminate\Pipeline\Pipeline.php(219): Illuminate\Http\Middleware\HandleCors-&gt;handle()
#37 E:\Chamba\Auspac\Nexo\nexo\vendor\laravel\framework\src\Illuminate\Http\Middleware\TrustProxies.php(58): Illuminate\Pipeline\Pipeline-&gt;{closure:{closure:Illuminate\Pipeline\Pipeline::carry():194}:195}()
#38 E:\Chamba\Auspac\Nexo\nexo\vendor\laravel\framework\src\Illuminate\Pipeline\Pipeline.php(219): Illuminate\Http\Middleware\TrustProxies-&gt;handle()
#39 E:\Chamba\Auspac\Nexo\nexo\vendor\laravel\framework\src\Illuminate\Foundation\Http\Middleware\InvokeDeferredCallbacks.php(22): Illuminate\Pipeline\Pipeline-&gt;{closure:{closure:Illuminate\Pipeline\Pipeline::carry():194}:195}()
#40 E:\Chamba\Auspac\Nexo\nexo\vendor\laravel\framework\src\Illuminate\Pipeline\Pipeline.php(219): Illuminate\Foundation\Http\Middleware\InvokeDeferredCallbacks-&gt;handle()
#41 E:\Chamba\Auspac\Nexo\nexo\vendor\laravel\framework\src\Illuminate\Http\Middleware\ValidatePathEncoding.php(28): Illuminate\Pipeline\Pipeline-&gt;{closure:{closure:Illuminate\Pipeline\Pipeline::carry():194}:195}()
#42 E:\Chamba\Auspac\Nexo\nexo\vendor\laravel\framework\src\Illuminate\Pipeline\Pipeline.php(219): Illuminate\Http\Middleware\ValidatePathEncoding-&gt;handle()
#43 E:\Chamba\Auspac\Nexo\nexo\vendor\laravel\framework\src\Illuminate\Pipeline\Pipeline.php(137): Illuminate\Pipeline\Pipeline-&gt;{closure:{closure:Illuminate\Pipeline\Pipeline::carry():194}:195}()
#44 E:\Chamba\Auspac\Nexo\nexo\vendor\laravel\framework\src\Illuminate\Foundation\Http\Kernel.php(175): Illuminate\Pipeline\Pipeline-&gt;then()
#45 E:\Chamba\Auspac\Nexo\nexo\vendor\laravel\framework\src\Illuminate\Foundation\Http\Kernel.php(144): Illuminate\Foundation\Http\Kernel-&gt;sendRequestThroughRouter()
#46 E:\Chamba\Auspac\Nexo\nexo\vendor\laravel\framework\src\Illuminate\Foundation\Testing\Concerns\MakesHttpRequests.php(607): Illuminate\Foundation\Http\Kernel-&gt;handle()
#47 E:\Chamba\Auspac\Nexo\nexo\vendor\laravel\framework\src\Illuminate\Foundation\Testing\Concerns\MakesHttpRequests.php(573): Illuminate\Foundation\Testing\TestCase-&gt;call()
#48 E:\Chamba\Auspac\Nexo\nexo\vendor\laravel\framework\src\Illuminate\Foundation\Testing\Concerns\MakesHttpRequests.php(411): Illuminate\Foundation\Testing\TestCase-&gt;json()
#49 E:\Chamba\Auspac\Nexo\nexo\tests\Feature\Organization\OrganizationStoreTest.php(180): Illuminate\Foundation\Testing\TestCase-&gt;postJson()
#50 E:\Chamba\Auspac\Nexo\nexo\vendor\phpunit\phpunit\src\Framework\TestCase.php(1314): Tests\Feature\Organization\OrganizationStoreTest-&gt;test_fails_when_tax_id_has_invalid_format()
#51 E:\Chamba\Auspac\Nexo\nexo\vendor\phpunit\phpunit\src\Framework\TestCase.php(1351): PHPUnit\Framework\TestCase-&gt;invokeTestMethod()
#52 E:\Chamba\Auspac\Nexo\nexo\vendor\phpunit\phpunit\src\Framework\TestCase.php(521): PHPUnit\Framework\TestCase-&gt;runTest()
#53 E:\Chamba\Auspac\Nexo\nexo\vendor\phpunit\phpunit\src\Framework\TestRunner\TestRunner.php(99): PHPUnit\Framework\TestCase-&gt;runBare()
#54 E:\Chamba\Auspac\Nexo\nexo\vendor\phpunit\phpunit\src\Framework\TestCase.php(361): PHPUnit\Framework\TestRunner-&gt;run()
#55 E:\Chamba\Auspac\Nexo\nexo\vendor\phpunit\phpunit\src\Framework\TestSuite.php(374): PHPUnit\Framework\TestCase-&gt;run()
#56 E:\Chamba\Auspac\Nexo\nexo\vendor\phpunit\phpunit\src\TextUI\TestRunner.php(64): PHPUnit\Framework\TestSuite-&gt;run()
#57 E:\Chamba\Auspac\Nexo\nexo\vendor\phpunit\phpunit\src\TextUI\Application.php(229): PHPUnit\TextUI\TestRunner-&gt;run()
#58 E:\Chamba\Auspac\Nexo\nexo\vendor\phpunit\phpunit\phpunit(104): PHPUnit\TextUI\Application-&gt;run()
#59 {main}

----------------------------------------------------------------------------------

Target class [App\Modules\Organization\Service\OrganizationService] does not exist.
&#13;
E:\Chamba\Auspac\Nexo\nexo\vendor\laravel\framework\src\Illuminate\Testing\TestResponseAssert.php:45
E:\Chamba\Auspac\Nexo\nexo\vendor\laravel\framework\src\Illuminate\Testing\TestResponse.php:176
E:\Chamba\Auspac\Nexo\nexo\tests\Feature\Organization\OrganizationStoreTest.php:184</failure>
    </testcase>
    <testcase name="test_fails_when_organization_name_already_exists" file="E:\Chamba\Auspac\Nexo\nexo\tests\Feature\Organization\OrganizationStoreTest.php" line="191" class="Tests\Feature\Organization\OrganizationStoreTest" classname="Tests.Feature.Organization.OrganizationStoreTest" assertions="1" time="0.030486">
      <failure type="PHPUnit\Framework\ExpectationFailedException">Tests\Feature\Organization\OrganizationStoreTest::test_fails_when_organization_name_already_exists&#13;
Expected response status code [409] but received 500.
Failed asserting that 500 is identical to 409.&#13;
&#13;
The following exception occurred during the last request:

ReflectionException: Class "App\Modules\Organization\Service\OrganizationService" does not exist in E:\Chamba\Auspac\Nexo\nexo\vendor\laravel\framework\src\Illuminate\Container\Container.php:1125
Stack trace:
#0 E:\Chamba\Auspac\Nexo\nexo\vendor\laravel\framework\src\Illuminate\Container\Container.php(1125): ReflectionClass-&gt;__construct()
#1 E:\Chamba\Auspac\Nexo\nexo\vendor\laravel\framework\src\Illuminate\Container\Container.php(936): Illuminate\Container\Container-&gt;build()
#2 E:\Chamba\Auspac\Nexo\nexo\vendor\laravel\framework\src\Illuminate\Foundation\Application.php(1078): Illuminate\Container\Container-&gt;resolve()
#3 E:\Chamba\Auspac\Nexo\nexo\vendor\laravel\framework\src\Illuminate\Container\Container.php(864): Illuminate\Foundation\Application-&gt;resolve()
#4 E:\Chamba\Auspac\Nexo\nexo\vendor\laravel\framework\src\Illuminate\Foundation\Application.php(1058): Illuminate\Container\Container-&gt;make()
#5 E:\Chamba\Auspac\Nexo\nexo\vendor\laravel\framework\src\Illuminate\Container\Container.php(1339): Illuminate\Foundation\Application-&gt;make()
#6 E:\Chamba\Auspac\Nexo\nexo\vendor\laravel\framework\src\Illuminate\Container\Container.php(1240): Illuminate\Container\Container-&gt;resolveClass()
#7 E:\Chamba\Auspac\Nexo\nexo\vendor\laravel\framework\src\Illuminate\Container\Container.php(1165): Illuminate\Container\Container-&gt;resolveDependencies()
#8 E:\Chamba\Auspac\Nexo\nexo\vendor\laravel\framework\src\Illuminate\Container\Container.php(936): Illuminate\Container\Container-&gt;build()
#9 E:\Chamba\Auspac\Nexo\nexo\vendor\laravel\framework\src\Illuminate\Foundation\Application.php(1078): Illuminate\Container\Container-&gt;resolve()
#10 E:\Chamba\Auspac\Nexo\nexo\vendor\laravel\framework\src\Illuminate\Container\Container.php(864): Illuminate\Foundation\Application-&gt;resolve()
#11 E:\Chamba\Auspac\Nexo\nexo\vendor\laravel\framework\src\Illuminate\Foundation\Application.php(1058): Illuminate\Container\Container-&gt;make()
#12 E:\Chamba\Auspac\Nexo\nexo\vendor\laravel\framework\src\Illuminate\Routing\Route.php(290): Illuminate\Foundation\Application-&gt;make()
#13 E:\Chamba\Auspac\Nexo\nexo\vendor\laravel\framework\src\Illuminate\Routing\Route.php(270): Illuminate\Routing\Route-&gt;getController()
#14 E:\Chamba\Auspac\Nexo\nexo\vendor\laravel\framework\src\Illuminate\Routing\Route.php(215): Illuminate\Routing\Route-&gt;runController()
#15 E:\Chamba\Auspac\Nexo\nexo\vendor\laravel\framework\src\Illuminate\Routing\Router.php(822): Illuminate\Routing\Route-&gt;run()
#16 E:\Chamba\Auspac\Nexo\nexo\vendor\laravel\framework\src\Illuminate\Pipeline\Pipeline.php(180): Illuminate\Routing\Router-&gt;{closure:Illuminate\Routing\Router::runRouteWithinStack():821}()
#17 E:\Chamba\Auspac\Nexo\nexo\vendor\laravel\framework\src\Illuminate\Routing\Middleware\SubstituteBindings.php(52): Illuminate\Pipeline\Pipeline-&gt;{closure:Illuminate\Pipeline\Pipeline::prepareDestination():178}()
#18 E:\Chamba\Auspac\Nexo\nexo\vendor\laravel\framework\src\Illuminate\Pipeline\Pipeline.php(219): Illuminate\Routing\Middleware\SubstituteBindings-&gt;handle()
#19 E:\Chamba\Auspac\Nexo\nexo\vendor\laravel\framework\src\Illuminate\Pipeline\Pipeline.php(137): Illuminate\Pipeline\Pipeline-&gt;{closure:{closure:Illuminate\Pipeline\Pipeline::carry():194}:195}()
#20 E:\Chamba\Auspac\Nexo\nexo\vendor\laravel\framework\src\Illuminate\Routing\Router.php(821): Illuminate\Pipeline\Pipeline-&gt;then()
#21 E:\Chamba\Auspac\Nexo\nexo\vendor\laravel\framework\src\Illuminate\Routing\Router.php(800): Illuminate\Routing\Router-&gt;runRouteWithinStack()
#22 E:\Chamba\Auspac\Nexo\nexo\vendor\laravel\framework\src\Illuminate\Routing\Router.php(764): Illuminate\Routing\Router-&gt;runRoute()
#23 E:\Chamba\Auspac\Nexo\nexo\vendor\laravel\framework\src\Illuminate\Routing\Router.php(753): Illuminate\Routing\Router-&gt;dispatchToRoute()
#24 E:\Chamba\Auspac\Nexo\nexo\vendor\laravel\framework\src\Illuminate\Foundation\Http\Kernel.php(200): Illuminate\Routing\Router-&gt;dispatch()
#25 E:\Chamba\Auspac\Nexo\nexo\vendor\laravel\framework\src\Illuminate\Pipeline\Pipeline.php(180): Illuminate\Foundation\Http\Kernel-&gt;{closure:Illuminate\Foundation\Http\Kernel::dispatchToRouter():197}()
#26 E:\Chamba\Auspac\Nexo\nexo\vendor\laravel\framework\src\Illuminate\Foundation\Http\Middleware\TransformsRequest.php(21): Illuminate\Pipeline\Pipeline-&gt;{closure:Illuminate\Pipeline\Pipeline::prepareDestination():178}()
#27 E:\Chamba\Auspac\Nexo\nexo\vendor\laravel\framework\src\Illuminate\Foundation\Http\Middleware\ConvertEmptyStringsToNull.php(31): Illuminate\Foundation\Http\Middleware\TransformsRequest-&gt;handle()
#28 E:\Chamba\Auspac\Nexo\nexo\vendor\laravel\framework\src\Illuminate\Pipeline\Pipeline.php(219): Illuminate\Foundation\Http\Middleware\ConvertEmptyStringsToNull-&gt;handle()
#29 E:\Chamba\Auspac\Nexo\nexo\vendor\laravel\framework\src\Illuminate\Foundation\Http\Middleware\TransformsRequest.php(21): Illuminate\Pipeline\Pipeline-&gt;{closure:{closure:Illuminate\Pipeline\Pipeline::carry():194}:195}()
#30 E:\Chamba\Auspac\Nexo\nexo\vendor\laravel\framework\src\Illuminate\Foundation\Http\Middleware\TrimStrings.php(51): Illuminate\Foundation\Http\Middleware\TransformsRequest-&gt;handle()
#31 E:\Chamba\Auspac\Nexo\nexo\vendor\laravel\framework\src\Illuminate\Pipeline\Pipeline.php(219): Illuminate\Foundation\Http\Middleware\TrimStrings-&gt;handle()
#32 E:\Chamba\Auspac\Nexo\nexo\vendor\laravel\framework\src\Illuminate\Http\Middleware\ValidatePostSize.php(27): Illuminate\Pipeline\Pipeline-&gt;{closure:{closure:Illuminate\Pipeline\Pipeline::carry():194}:195}()
#33 E:\Chamba\Auspac\Nexo\nexo\vendor\laravel\framework\src\Illuminate\Pipeline\Pipeline.php(219): Illuminate\Http\Middleware\ValidatePostSize-&gt;handle()
#34 E:\Chamba\Auspac\Nexo\nexo\vendor\laravel\framework\src\Illuminate\Foundation\Http\Middleware\PreventRequestsDuringMaintenance.php(109): Illuminate\Pipeline\Pipeline-&gt;{closure:{closure:Illuminate\Pipeline\Pipeline::carry():194}:195}()
#35 E:\Chamba\Auspac\Nexo\nexo\vendor\laravel\framework\src\Illuminate\Pipeline\Pipeline.php(219): Illuminate\Foundation\Http\Middleware\PreventRequestsDuringMaintenance-&gt;handle()
#36 E:\Chamba\Auspac\Nexo\nexo\vendor\laravel\framework\src\Illuminate\Http\Middleware\HandleCors.php(74): Illuminate\Pipeline\Pipeline-&gt;{closure:{closure:Illuminate\Pipeline\Pipeline::carry():194}:195}()
#37 E:\Chamba\Auspac\Nexo\nexo\vendor\laravel\framework\src\Illuminate\Pipeline\Pipeline.php(219): Illuminate\Http\Middleware\HandleCors-&gt;handle()
#38 E:\Chamba\Auspac\Nexo\nexo\vendor\laravel\framework\src\Illuminate\Http\Middleware\TrustProxies.php(58): Illuminate\Pipeline\Pipeline-&gt;{closure:{closure:Illuminate\Pipeline\Pipeline::carry():194}:195}()
#39 E:\Chamba\Auspac\Nexo\nexo\vendor\laravel\framework\src\Illuminate\Pipeline\Pipeline.php(219): Illuminate\Http\Middleware\TrustProxies-&gt;handle()
#40 E:\Chamba\Auspac\Nexo\nexo\vendor\laravel\framework\src\Illuminate\Foundation\Http\Middleware\InvokeDeferredCallbacks.php(22): Illuminate\Pipeline\Pipeline-&gt;{closure:{closure:Illuminate\Pipeline\Pipeline::carry():194}:195}()
#41 E:\Chamba\Auspac\Nexo\nexo\vendor\laravel\framework\src\Illuminate\Pipeline\Pipeline.php(219): Illuminate\Foundation\Http\Middleware\InvokeDeferredCallbacks-&gt;handle()
#42 E:\Chamba\Auspac\Nexo\nexo\vendor\laravel\framework\src\Illuminate\Http\Middleware\ValidatePathEncoding.php(28): Illuminate\Pipeline\Pipeline-&gt;{closure:{closure:Illuminate\Pipeline\Pipeline::carry():194}:195}()
#43 E:\Chamba\Auspac\Nexo\nexo\vendor\laravel\framework\src\Illuminate\Pipeline\Pipeline.php(219): Illuminate\Http\Middleware\ValidatePathEncoding-&gt;handle()
#44 E:\Chamba\Auspac\Nexo\nexo\vendor\laravel\framework\src\Illuminate\Pipeline\Pipeline.php(137): Illuminate\Pipeline\Pipeline-&gt;{closure:{closure:Illuminate\Pipeline\Pipeline::carry():194}:195}()
#45 E:\Chamba\Auspac\Nexo\nexo\vendor\laravel\framework\src\Illuminate\Foundation\Http\Kernel.php(175): Illuminate\Pipeline\Pipeline-&gt;then()
#46 E:\Chamba\Auspac\Nexo\nexo\vendor\laravel\framework\src\Illuminate\Foundation\Http\Kernel.php(144): Illuminate\Foundation\Http\Kernel-&gt;sendRequestThroughRouter()
#47 E:\Chamba\Auspac\Nexo\nexo\vendor\laravel\framework\src\Illuminate\Foundation\Testing\Concerns\MakesHttpRequests.php(607): Illuminate\Foundation\Http\Kernel-&gt;handle()
#48 E:\Chamba\Auspac\Nexo\nexo\vendor\laravel\framework\src\Illuminate\Foundation\Testing\Concerns\MakesHttpRequests.php(573): Illuminate\Foundation\Testing\TestCase-&gt;call()
#49 E:\Chamba\Auspac\Nexo\nexo\vendor\laravel\framework\src\Illuminate\Foundation\Testing\Concerns\MakesHttpRequests.php(411): Illuminate\Foundation\Testing\TestCase-&gt;json()
#50 E:\Chamba\Auspac\Nexo\nexo\tests\Feature\Organization\OrganizationStoreTest.php(195): Illuminate\Foundation\Testing\TestCase-&gt;postJson()
#51 E:\Chamba\Auspac\Nexo\nexo\vendor\phpunit\phpunit\src\Framework\TestCase.php(1314): Tests\Feature\Organization\OrganizationStoreTest-&gt;test_fails_when_organization_name_already_exists()
#52 E:\Chamba\Auspac\Nexo\nexo\vendor\phpunit\phpunit\src\Framework\TestCase.php(1351): PHPUnit\Framework\TestCase-&gt;invokeTestMethod()
#53 E:\Chamba\Auspac\Nexo\nexo\vendor\phpunit\phpunit\src\Framework\TestCase.php(521): PHPUnit\Framework\TestCase-&gt;runTest()
#54 E:\Chamba\Auspac\Nexo\nexo\vendor\phpunit\phpunit\src\Framework\TestRunner\TestRunner.php(99): PHPUnit\Framework\TestCase-&gt;runBare()
#55 E:\Chamba\Auspac\Nexo\nexo\vendor\phpunit\phpunit\src\Framework\TestCase.php(361): PHPUnit\Framework\TestRunner-&gt;run()
#56 E:\Chamba\Auspac\Nexo\nexo\vendor\phpunit\phpunit\src\Framework\TestSuite.php(374): PHPUnit\Framework\TestCase-&gt;run()
#57 E:\Chamba\Auspac\Nexo\nexo\vendor\phpunit\phpunit\src\TextUI\TestRunner.php(64): PHPUnit\Framework\TestSuite-&gt;run()
#58 E:\Chamba\Auspac\Nexo\nexo\vendor\phpunit\phpunit\src\TextUI\Application.php(229): PHPUnit\TextUI\TestRunner-&gt;run()
#59 E:\Chamba\Auspac\Nexo\nexo\vendor\phpunit\phpunit\phpunit(104): PHPUnit\TextUI\Application-&gt;run()
#60 {main}

Next Illuminate\Contracts\Container\BindingResolutionException: Target class [App\Modules\Organization\Service\OrganizationService] does not exist. in E:\Chamba\Auspac\Nexo\nexo\vendor\laravel\framework\src\Illuminate\Container\Container.php:1127
Stack trace:
#0 E:\Chamba\Auspac\Nexo\nexo\vendor\laravel\framework\src\Illuminate\Container\Container.php(936): Illuminate\Container\Container-&gt;build()
#1 E:\Chamba\Auspac\Nexo\nexo\vendor\laravel\framework\src\Illuminate\Foundation\Application.php(1078): Illuminate\Container\Container-&gt;resolve()
#2 E:\Chamba\Auspac\Nexo\nexo\vendor\laravel\framework\src\Illuminate\Container\Container.php(864): Illuminate\Foundation\Application-&gt;resolve()
#3 E:\Chamba\Auspac\Nexo\nexo\vendor\laravel\framework\src\Illuminate\Foundation\Application.php(1058): Illuminate\Container\Container-&gt;make()
#4 E:\Chamba\Auspac\Nexo\nexo\vendor\laravel\framework\src\Illuminate\Container\Container.php(1339): Illuminate\Foundation\Application-&gt;make()
#5 E:\Chamba\Auspac\Nexo\nexo\vendor\laravel\framework\src\Illuminate\Container\Container.php(1240): Illuminate\Container\Container-&gt;resolveClass()
#6 E:\Chamba\Auspac\Nexo\nexo\vendor\laravel\framework\src\Illuminate\Container\Container.php(1165): Illuminate\Container\Container-&gt;resolveDependencies()
#7 E:\Chamba\Auspac\Nexo\nexo\vendor\laravel\framework\src\Illuminate\Container\Container.php(936): Illuminate\Container\Container-&gt;build()
#8 E:\Chamba\Auspac\Nexo\nexo\vendor\laravel\framework\src\Illuminate\Foundation\Application.php(1078): Illuminate\Container\Container-&gt;resolve()
#9 E:\Chamba\Auspac\Nexo\nexo\vendor\laravel\framework\src\Illuminate\Container\Container.php(864): Illuminate\Foundation\Application-&gt;resolve()
#10 E:\Chamba\Auspac\Nexo\nexo\vendor\laravel\framework\src\Illuminate\Foundation\Application.php(1058): Illuminate\Container\Container-&gt;make()
#11 E:\Chamba\Auspac\Nexo\nexo\vendor\laravel\framework\src\Illuminate\Routing\Route.php(290): Illuminate\Foundation\Application-&gt;make()
#12 E:\Chamba\Auspac\Nexo\nexo\vendor\laravel\framework\src\Illuminate\Routing\Route.php(270): Illuminate\Routing\Route-&gt;getController()
#13 E:\Chamba\Auspac\Nexo\nexo\vendor\laravel\framework\src\Illuminate\Routing\Route.php(215): Illuminate\Routing\Route-&gt;runController()
#14 E:\Chamba\Auspac\Nexo\nexo\vendor\laravel\framework\src\Illuminate\Routing\Router.php(822): Illuminate\Routing\Route-&gt;run()
#15 E:\Chamba\Auspac\Nexo\nexo\vendor\laravel\framework\src\Illuminate\Pipeline\Pipeline.php(180): Illuminate\Routing\Router-&gt;{closure:Illuminate\Routing\Router::runRouteWithinStack():821}()
#16 E:\Chamba\Auspac\Nexo\nexo\vendor\laravel\framework\src\Illuminate\Routing\Middleware\SubstituteBindings.php(52): Illuminate\Pipeline\Pipeline-&gt;{closure:Illuminate\Pipeline\Pipeline::prepareDestination():178}()
#17 E:\Chamba\Auspac\Nexo\nexo\vendor\laravel\framework\src\Illuminate\Pipeline\Pipeline.php(219): Illuminate\Routing\Middleware\SubstituteBindings-&gt;handle()
#18 E:\Chamba\Auspac\Nexo\nexo\vendor\laravel\framework\src\Illuminate\Pipeline\Pipeline.php(137): Illuminate\Pipeline\Pipeline-&gt;{closure:{closure:Illuminate\Pipeline\Pipeline::carry():194}:195}()
#19 E:\Chamba\Auspac\Nexo\nexo\vendor\laravel\framework\src\Illuminate\Routing\Router.php(821): Illuminate\Pipeline\Pipeline-&gt;then()
#20 E:\Chamba\Auspac\Nexo\nexo\vendor\laravel\framework\src\Illuminate\Routing\Router.php(800): Illuminate\Routing\Router-&gt;runRouteWithinStack()
#21 E:\Chamba\Auspac\Nexo\nexo\vendor\laravel\framework\src\Illuminate\Routing\Router.php(764): Illuminate\Routing\Router-&gt;runRoute()
#22 E:\Chamba\Auspac\Nexo\nexo\vendor\laravel\framework\src\Illuminate\Routing\Router.php(753): Illuminate\Routing\Router-&gt;dispatchToRoute()
#23 E:\Chamba\Auspac\Nexo\nexo\vendor\laravel\framework\src\Illuminate\Foundation\Http\Kernel.php(200): Illuminate\Routing\Router-&gt;dispatch()
#24 E:\Chamba\Auspac\Nexo\nexo\vendor\laravel\framework\src\Illuminate\Pipeline\Pipeline.php(180): Illuminate\Foundation\Http\Kernel-&gt;{closure:Illuminate\Foundation\Http\Kernel::dispatchToRouter():197}()
#25 E:\Chamba\Auspac\Nexo\nexo\vendor\laravel\framework\src\Illuminate\Foundation\Http\Middleware\TransformsRequest.php(21): Illuminate\Pipeline\Pipeline-&gt;{closure:Illuminate\Pipeline\Pipeline::prepareDestination():178}()
#26 E:\Chamba\Auspac\Nexo\nexo\vendor\laravel\framework\src\Illuminate\Foundation\Http\Middleware\ConvertEmptyStringsToNull.php(31): Illuminate\Foundation\Http\Middleware\TransformsRequest-&gt;handle()
#27 E:\Chamba\Auspac\Nexo\nexo\vendor\laravel\framework\src\Illuminate\Pipeline\Pipeline.php(219): Illuminate\Foundation\Http\Middleware\ConvertEmptyStringsToNull-&gt;handle()
#28 E:\Chamba\Auspac\Nexo\nexo\vendor\laravel\framework\src\Illuminate\Foundation\Http\Middleware\TransformsRequest.php(21): Illuminate\Pipeline\Pipeline-&gt;{closure:{closure:Illuminate\Pipeline\Pipeline::carry():194}:195}()
#29 E:\Chamba\Auspac\Nexo\nexo\vendor\laravel\framework\src\Illuminate\Foundation\Http\Middleware\TrimStrings.php(51): Illuminate\Foundation\Http\Middleware\TransformsRequest-&gt;handle()
#30 E:\Chamba\Auspac\Nexo\nexo\vendor\laravel\framework\src\Illuminate\Pipeline\Pipeline.php(219): Illuminate\Foundation\Http\Middleware\TrimStrings-&gt;handle()
#31 E:\Chamba\Auspac\Nexo\nexo\vendor\laravel\framework\src\Illuminate\Http\Middleware\ValidatePostSize.php(27): Illuminate\Pipeline\Pipeline-&gt;{closure:{closure:Illuminate\Pipeline\Pipeline::carry():194}:195}()
#32 E:\Chamba\Auspac\Nexo\nexo\vendor\laravel\framework\src\Illuminate\Pipeline\Pipeline.php(219): Illuminate\Http\Middleware\ValidatePostSize-&gt;handle()
#33 E:\Chamba\Auspac\Nexo\nexo\vendor\laravel\framework\src\Illuminate\Foundation\Http\Middleware\PreventRequestsDuringMaintenance.php(109): Illuminate\Pipeline\Pipeline-&gt;{closure:{closure:Illuminate\Pipeline\Pipeline::carry():194}:195}()
#34 E:\Chamba\Auspac\Nexo\nexo\vendor\laravel\framework\src\Illuminate\Pipeline\Pipeline.php(219): Illuminate\Foundation\Http\Middleware\PreventRequestsDuringMaintenance-&gt;handle()
#35 E:\Chamba\Auspac\Nexo\nexo\vendor\laravel\framework\src\Illuminate\Http\Middleware\HandleCors.php(74): Illuminate\Pipeline\Pipeline-&gt;{closure:{closure:Illuminate\Pipeline\Pipeline::carry():194}:195}()
#36 E:\Chamba\Auspac\Nexo\nexo\vendor\laravel\framework\src\Illuminate\Pipeline\Pipeline.php(219): Illuminate\Http\Middleware\HandleCors-&gt;handle()
#37 E:\Chamba\Auspac\Nexo\nexo\vendor\laravel\framework\src\Illuminate\Http\Middleware\TrustProxies.php(58): Illuminate\Pipeline\Pipeline-&gt;{closure:{closure:Illuminate\Pipeline\Pipeline::carry():194}:195}()
#38 E:\Chamba\Auspac\Nexo\nexo\vendor\laravel\framework\src\Illuminate\Pipeline\Pipeline.php(219): Illuminate\Http\Middleware\TrustProxies-&gt;handle()
#39 E:\Chamba\Auspac\Nexo\nexo\vendor\laravel\framework\src\Illuminate\Foundation\Http\Middleware\InvokeDeferredCallbacks.php(22): Illuminate\Pipeline\Pipeline-&gt;{closure:{closure:Illuminate\Pipeline\Pipeline::carry():194}:195}()
#40 E:\Chamba\Auspac\Nexo\nexo\vendor\laravel\framework\src\Illuminate\Pipeline\Pipeline.php(219): Illuminate\Foundation\Http\Middleware\InvokeDeferredCallbacks-&gt;handle()
#41 E:\Chamba\Auspac\Nexo\nexo\vendor\laravel\framework\src\Illuminate\Http\Middleware\ValidatePathEncoding.php(28): Illuminate\Pipeline\Pipeline-&gt;{closure:{closure:Illuminate\Pipeline\Pipeline::carry():194}:195}()
#42 E:\Chamba\Auspac\Nexo\nexo\vendor\laravel\framework\src\Illuminate\Pipeline\Pipeline.php(219): Illuminate\Http\Middleware\ValidatePathEncoding-&gt;handle()
#43 E:\Chamba\Auspac\Nexo\nexo\vendor\laravel\framework\src\Illuminate\Pipeline\Pipeline.php(137): Illuminate\Pipeline\Pipeline-&gt;{closure:{closure:Illuminate\Pipeline\Pipeline::carry():194}:195}()
#44 E:\Chamba\Auspac\Nexo\nexo\vendor\laravel\framework\src\Illuminate\Foundation\Http\Kernel.php(175): Illuminate\Pipeline\Pipeline-&gt;then()
#45 E:\Chamba\Auspac\Nexo\nexo\vendor\laravel\framework\src\Illuminate\Foundation\Http\Kernel.php(144): Illuminate\Foundation\Http\Kernel-&gt;sendRequestThroughRouter()
#46 E:\Chamba\Auspac\Nexo\nexo\vendor\laravel\framework\src\Illuminate\Foundation\Testing\Concerns\MakesHttpRequests.php(607): Illuminate\Foundation\Http\Kernel-&gt;handle()
#47 E:\Chamba\Auspac\Nexo\nexo\vendor\laravel\framework\src\Illuminate\Foundation\Testing\Concerns\MakesHttpRequests.php(573): Illuminate\Foundation\Testing\TestCase-&gt;call()
#48 E:\Chamba\Auspac\Nexo\nexo\vendor\laravel\framework\src\Illuminate\Foundation\Testing\Concerns\MakesHttpRequests.php(411): Illuminate\Foundation\Testing\TestCase-&gt;json()
#49 E:\Chamba\Auspac\Nexo\nexo\tests\Feature\Organization\OrganizationStoreTest.php(195): Illuminate\Foundation\Testing\TestCase-&gt;postJson()
#50 E:\Chamba\Auspac\Nexo\nexo\vendor\phpunit\phpunit\src\Framework\TestCase.php(1314): Tests\Feature\Organization\OrganizationStoreTest-&gt;test_fails_when_organization_name_already_exists()
#51 E:\Chamba\Auspac\Nexo\nexo\vendor\phpunit\phpunit\src\Framework\TestCase.php(1351): PHPUnit\Framework\TestCase-&gt;invokeTestMethod()
#52 E:\Chamba\Auspac\Nexo\nexo\vendor\phpunit\phpunit\src\Framework\TestCase.php(521): PHPUnit\Framework\TestCase-&gt;runTest()
#53 E:\Chamba\Auspac\Nexo\nexo\vendor\phpunit\phpunit\src\Framework\TestRunner\TestRunner.php(99): PHPUnit\Framework\TestCase-&gt;runBare()
#54 E:\Chamba\Auspac\Nexo\nexo\vendor\phpunit\phpunit\src\Framework\TestCase.php(361): PHPUnit\Framework\TestRunner-&gt;run()
#55 E:\Chamba\Auspac\Nexo\nexo\vendor\phpunit\phpunit\src\Framework\TestSuite.php(374): PHPUnit\Framework\TestCase-&gt;run()
#56 E:\Chamba\Auspac\Nexo\nexo\vendor\phpunit\phpunit\src\TextUI\TestRunner.php(64): PHPUnit\Framework\TestSuite-&gt;run()
#57 E:\Chamba\Auspac\Nexo\nexo\vendor\phpunit\phpunit\src\TextUI\Application.php(229): PHPUnit\TextUI\TestRunner-&gt;run()
#58 E:\Chamba\Auspac\Nexo\nexo\vendor\phpunit\phpunit\phpunit(104): PHPUnit\TextUI\Application-&gt;run()
#59 {main}

----------------------------------------------------------------------------------

Target class [App\Modules\Organization\Service\OrganizationService] does not exist.
&#13;
E:\Chamba\Auspac\Nexo\nexo\vendor\laravel\framework\src\Illuminate\Testing\TestResponseAssert.php:45
E:\Chamba\Auspac\Nexo\nexo\vendor\laravel\framework\src\Illuminate\Testing\TestResponse.php:176
E:\Chamba\Auspac\Nexo\nexo\tests\Feature\Organization\OrganizationStoreTest.php:199</failure>
    </testcase>
    <testcase name="test_duplicate_check_is_case_insensitive" file="E:\Chamba\Auspac\Nexo\nexo\tests\Feature\Organization\OrganizationStoreTest.php" line="203" class="Tests\Feature\Organization\OrganizationStoreTest" classname="Tests.Feature.Organization.OrganizationStoreTest" assertions="1" time="0.015912">
      <failure type="PHPUnit\Framework\ExpectationFailedException">Tests\Feature\Organization\OrganizationStoreTest::test_duplicate_check_is_case_insensitive&#13;
Expected response status code [409] but received 500.
Failed asserting that 500 is identical to 409.&#13;
&#13;
The following exception occurred during the last request:

ReflectionException: Class "App\Modules\Organization\Service\OrganizationService" does not exist in E:\Chamba\Auspac\Nexo\nexo\vendor\laravel\framework\src\Illuminate\Container\Container.php:1125
Stack trace:
#0 E:\Chamba\Auspac\Nexo\nexo\vendor\laravel\framework\src\Illuminate\Container\Container.php(1125): ReflectionClass-&gt;__construct()
#1 E:\Chamba\Auspac\Nexo\nexo\vendor\laravel\framework\src\Illuminate\Container\Container.php(936): Illuminate\Container\Container-&gt;build()
#2 E:\Chamba\Auspac\Nexo\nexo\vendor\laravel\framework\src\Illuminate\Foundation\Application.php(1078): Illuminate\Container\Container-&gt;resolve()
#3 E:\Chamba\Auspac\Nexo\nexo\vendor\laravel\framework\src\Illuminate\Container\Container.php(864): Illuminate\Foundation\Application-&gt;resolve()
#4 E:\Chamba\Auspac\Nexo\nexo\vendor\laravel\framework\src\Illuminate\Foundation\Application.php(1058): Illuminate\Container\Container-&gt;make()
#5 E:\Chamba\Auspac\Nexo\nexo\vendor\laravel\framework\src\Illuminate\Container\Container.php(1339): Illuminate\Foundation\Application-&gt;make()
#6 E:\Chamba\Auspac\Nexo\nexo\vendor\laravel\framework\src\Illuminate\Container\Container.php(1240): Illuminate\Container\Container-&gt;resolveClass()
#7 E:\Chamba\Auspac\Nexo\nexo\vendor\laravel\framework\src\Illuminate\Container\Container.php(1165): Illuminate\Container\Container-&gt;resolveDependencies()
#8 E:\Chamba\Auspac\Nexo\nexo\vendor\laravel\framework\src\Illuminate\Container\Container.php(936): Illuminate\Container\Container-&gt;build()
#9 E:\Chamba\Auspac\Nexo\nexo\vendor\laravel\framework\src\Illuminate\Foundation\Application.php(1078): Illuminate\Container\Container-&gt;resolve()
#10 E:\Chamba\Auspac\Nexo\nexo\vendor\laravel\framework\src\Illuminate\Container\Container.php(864): Illuminate\Foundation\Application-&gt;resolve()
#11 E:\Chamba\Auspac\Nexo\nexo\vendor\laravel\framework\src\Illuminate\Foundation\Application.php(1058): Illuminate\Container\Container-&gt;make()
#12 E:\Chamba\Auspac\Nexo\nexo\vendor\laravel\framework\src\Illuminate\Routing\Route.php(290): Illuminate\Foundation\Application-&gt;make()
#13 E:\Chamba\Auspac\Nexo\nexo\vendor\laravel\framework\src\Illuminate\Routing\Route.php(270): Illuminate\Routing\Route-&gt;getController()
#14 E:\Chamba\Auspac\Nexo\nexo\vendor\laravel\framework\src\Illuminate\Routing\Route.php(215): Illuminate\Routing\Route-&gt;runController()
#15 E:\Chamba\Auspac\Nexo\nexo\vendor\laravel\framework\src\Illuminate\Routing\Router.php(822): Illuminate\Routing\Route-&gt;run()
#16 E:\Chamba\Auspac\Nexo\nexo\vendor\laravel\framework\src\Illuminate\Pipeline\Pipeline.php(180): Illuminate\Routing\Router-&gt;{closure:Illuminate\Routing\Router::runRouteWithinStack():821}()
#17 E:\Chamba\Auspac\Nexo\nexo\vendor\laravel\framework\src\Illuminate\Routing\Middleware\SubstituteBindings.php(52): Illuminate\Pipeline\Pipeline-&gt;{closure:Illuminate\Pipeline\Pipeline::prepareDestination():178}()
#18 E:\Chamba\Auspac\Nexo\nexo\vendor\laravel\framework\src\Illuminate\Pipeline\Pipeline.php(219): Illuminate\Routing\Middleware\SubstituteBindings-&gt;handle()
#19 E:\Chamba\Auspac\Nexo\nexo\vendor\laravel\framework\src\Illuminate\Pipeline\Pipeline.php(137): Illuminate\Pipeline\Pipeline-&gt;{closure:{closure:Illuminate\Pipeline\Pipeline::carry():194}:195}()
#20 E:\Chamba\Auspac\Nexo\nexo\vendor\laravel\framework\src\Illuminate\Routing\Router.php(821): Illuminate\Pipeline\Pipeline-&gt;then()
#21 E:\Chamba\Auspac\Nexo\nexo\vendor\laravel\framework\src\Illuminate\Routing\Router.php(800): Illuminate\Routing\Router-&gt;runRouteWithinStack()
#22 E:\Chamba\Auspac\Nexo\nexo\vendor\laravel\framework\src\Illuminate\Routing\Router.php(764): Illuminate\Routing\Router-&gt;runRoute()
#23 E:\Chamba\Auspac\Nexo\nexo\vendor\laravel\framework\src\Illuminate\Routing\Router.php(753): Illuminate\Routing\Router-&gt;dispatchToRoute()
#24 E:\Chamba\Auspac\Nexo\nexo\vendor\laravel\framework\src\Illuminate\Foundation\Http\Kernel.php(200): Illuminate\Routing\Router-&gt;dispatch()
#25 E:\Chamba\Auspac\Nexo\nexo\vendor\laravel\framework\src\Illuminate\Pipeline\Pipeline.php(180): Illuminate\Foundation\Http\Kernel-&gt;{closure:Illuminate\Foundation\Http\Kernel::dispatchToRouter():197}()
#26 E:\Chamba\Auspac\Nexo\nexo\vendor\laravel\framework\src\Illuminate\Foundation\Http\Middleware\TransformsRequest.php(21): Illuminate\Pipeline\Pipeline-&gt;{closure:Illuminate\Pipeline\Pipeline::prepareDestination():178}()
#27 E:\Chamba\Auspac\Nexo\nexo\vendor\laravel\framework\src\Illuminate\Foundation\Http\Middleware\ConvertEmptyStringsToNull.php(31): Illuminate\Foundation\Http\Middleware\TransformsRequest-&gt;handle()
#28 E:\Chamba\Auspac\Nexo\nexo\vendor\laravel\framework\src\Illuminate\Pipeline\Pipeline.php(219): Illuminate\Foundation\Http\Middleware\ConvertEmptyStringsToNull-&gt;handle()
#29 E:\Chamba\Auspac\Nexo\nexo\vendor\laravel\framework\src\Illuminate\Foundation\Http\Middleware\TransformsRequest.php(21): Illuminate\Pipeline\Pipeline-&gt;{closure:{closure:Illuminate\Pipeline\Pipeline::carry():194}:195}()
#30 E:\Chamba\Auspac\Nexo\nexo\vendor\laravel\framework\src\Illuminate\Foundation\Http\Middleware\TrimStrings.php(51): Illuminate\Foundation\Http\Middleware\TransformsRequest-&gt;handle()
#31 E:\Chamba\Auspac\Nexo\nexo\vendor\laravel\framework\src\Illuminate\Pipeline\Pipeline.php(219): Illuminate\Foundation\Http\Middleware\TrimStrings-&gt;handle()
#32 E:\Chamba\Auspac\Nexo\nexo\vendor\laravel\framework\src\Illuminate\Http\Middleware\ValidatePostSize.php(27): Illuminate\Pipeline\Pipeline-&gt;{closure:{closure:Illuminate\Pipeline\Pipeline::carry():194}:195}()
#33 E:\Chamba\Auspac\Nexo\nexo\vendor\laravel\framework\src\Illuminate\Pipeline\Pipeline.php(219): Illuminate\Http\Middleware\ValidatePostSize-&gt;handle()
#34 E:\Chamba\Auspac\Nexo\nexo\vendor\laravel\framework\src\Illuminate\Foundation\Http\Middleware\PreventRequestsDuringMaintenance.php(109): Illuminate\Pipeline\Pipeline-&gt;{closure:{closure:Illuminate\Pipeline\Pipeline::carry():194}:195}()
#35 E:\Chamba\Auspac\Nexo\nexo\vendor\laravel\framework\src\Illuminate\Pipeline\Pipeline.php(219): Illuminate\Foundation\Http\Middleware\PreventRequestsDuringMaintenance-&gt;handle()
#36 E:\Chamba\Auspac\Nexo\nexo\vendor\laravel\framework\src\Illuminate\Http\Middleware\HandleCors.php(74): Illuminate\Pipeline\Pipeline-&gt;{closure:{closure:Illuminate\Pipeline\Pipeline::carry():194}:195}()
#37 E:\Chamba\Auspac\Nexo\nexo\vendor\laravel\framework\src\Illuminate\Pipeline\Pipeline.php(219): Illuminate\Http\Middleware\HandleCors-&gt;handle()
#38 E:\Chamba\Auspac\Nexo\nexo\vendor\laravel\framework\src\Illuminate\Http\Middleware\TrustProxies.php(58): Illuminate\Pipeline\Pipeline-&gt;{closure:{closure:Illuminate\Pipeline\Pipeline::carry():194}:195}()
#39 E:\Chamba\Auspac\Nexo\nexo\vendor\laravel\framework\src\Illuminate\Pipeline\Pipeline.php(219): Illuminate\Http\Middleware\TrustProxies-&gt;handle()
#40 E:\Chamba\Auspac\Nexo\nexo\vendor\laravel\framework\src\Illuminate\Foundation\Http\Middleware\InvokeDeferredCallbacks.php(22): Illuminate\Pipeline\Pipeline-&gt;{closure:{closure:Illuminate\Pipeline\Pipeline::carry():194}:195}()
#41 E:\Chamba\Auspac\Nexo\nexo\vendor\laravel\framework\src\Illuminate\Pipeline\Pipeline.php(219): Illuminate\Foundation\Http\Middleware\InvokeDeferredCallbacks-&gt;handle()
#42 E:\Chamba\Auspac\Nexo\nexo\vendor\laravel\framework\src\Illuminate\Http\Middleware\ValidatePathEncoding.php(28): Illuminate\Pipeline\Pipeline-&gt;{closure:{closure:Illuminate\Pipeline\Pipeline::carry():194}:195}()
#43 E:\Chamba\Auspac\Nexo\nexo\vendor\laravel\framework\src\Illuminate\Pipeline\Pipeline.php(219): Illuminate\Http\Middleware\ValidatePathEncoding-&gt;handle()
#44 E:\Chamba\Auspac\Nexo\nexo\vendor\laravel\framework\src\Illuminate\Pipeline\Pipeline.php(137): Illuminate\Pipeline\Pipeline-&gt;{closure:{closure:Illuminate\Pipeline\Pipeline::carry():194}:195}()
#45 E:\Chamba\Auspac\Nexo\nexo\vendor\laravel\framework\src\Illuminate\Foundation\Http\Kernel.php(175): Illuminate\Pipeline\Pipeline-&gt;then()
#46 E:\Chamba\Auspac\Nexo\nexo\vendor\laravel\framework\src\Illuminate\Foundation\Http\Kernel.php(144): Illuminate\Foundation\Http\Kernel-&gt;sendRequestThroughRouter()
#47 E:\Chamba\Auspac\Nexo\nexo\vendor\laravel\framework\src\Illuminate\Foundation\Testing\Concerns\MakesHttpRequests.php(607): Illuminate\Foundation\Http\Kernel-&gt;handle()
#48 E:\Chamba\Auspac\Nexo\nexo\vendor\laravel\framework\src\Illuminate\Foundation\Testing\Concerns\MakesHttpRequests.php(573): Illuminate\Foundation\Testing\TestCase-&gt;call()
#49 E:\Chamba\Auspac\Nexo\nexo\vendor\laravel\framework\src\Illuminate\Foundation\Testing\Concerns\MakesHttpRequests.php(411): Illuminate\Foundation\Testing\TestCase-&gt;json()
#50 E:\Chamba\Auspac\Nexo\nexo\tests\Feature\Organization\OrganizationStoreTest.php(207): Illuminate\Foundation\Testing\TestCase-&gt;postJson()
#51 E:\Chamba\Auspac\Nexo\nexo\vendor\phpunit\phpunit\src\Framework\TestCase.php(1314): Tests\Feature\Organization\OrganizationStoreTest-&gt;test_duplicate_check_is_case_insensitive()
#52 E:\Chamba\Auspac\Nexo\nexo\vendor\phpunit\phpunit\src\Framework\TestCase.php(1351): PHPUnit\Framework\TestCase-&gt;invokeTestMethod()
#53 E:\Chamba\Auspac\Nexo\nexo\vendor\phpunit\phpunit\src\Framework\TestCase.php(521): PHPUnit\Framework\TestCase-&gt;runTest()
#54 E:\Chamba\Auspac\Nexo\nexo\vendor\phpunit\phpunit\src\Framework\TestRunner\TestRunner.php(99): PHPUnit\Framework\TestCase-&gt;runBare()
#55 E:\Chamba\Auspac\Nexo\nexo\vendor\phpunit\phpunit\src\Framework\TestCase.php(361): PHPUnit\Framework\TestRunner-&gt;run()
#56 E:\Chamba\Auspac\Nexo\nexo\vendor\phpunit\phpunit\src\Framework\TestSuite.php(374): PHPUnit\Framework\TestCase-&gt;run()
#57 E:\Chamba\Auspac\Nexo\nexo\vendor\phpunit\phpunit\src\TextUI\TestRunner.php(64): PHPUnit\Framework\TestSuite-&gt;run()
#58 E:\Chamba\Auspac\Nexo\nexo\vendor\phpunit\phpunit\src\TextUI\Application.php(229): PHPUnit\TextUI\TestRunner-&gt;run()
#59 E:\Chamba\Auspac\Nexo\nexo\vendor\phpunit\phpunit\phpunit(104): PHPUnit\TextUI\Application-&gt;run()
#60 {main}

Next Illuminate\Contracts\Container\BindingResolutionException: Target class [App\Modules\Organization\Service\OrganizationService] does not exist. in E:\Chamba\Auspac\Nexo\nexo\vendor\laravel\framework\src\Illuminate\Container\Container.php:1127
Stack trace:
#0 E:\Chamba\Auspac\Nexo\nexo\vendor\laravel\framework\src\Illuminate\Container\Container.php(936): Illuminate\Container\Container-&gt;build()
#1 E:\Chamba\Auspac\Nexo\nexo\vendor\laravel\framework\src\Illuminate\Foundation\Application.php(1078): Illuminate\Container\Container-&gt;resolve()
#2 E:\Chamba\Auspac\Nexo\nexo\vendor\laravel\framework\src\Illuminate\Container\Container.php(864): Illuminate\Foundation\Application-&gt;resolve()
#3 E:\Chamba\Auspac\Nexo\nexo\vendor\laravel\framework\src\Illuminate\Foundation\Application.php(1058): Illuminate\Container\Container-&gt;make()
#4 E:\Chamba\Auspac\Nexo\nexo\vendor\laravel\framework\src\Illuminate\Container\Container.php(1339): Illuminate\Foundation\Application-&gt;make()
#5 E:\Chamba\Auspac\Nexo\nexo\vendor\laravel\framework\src\Illuminate\Container\Container.php(1240): Illuminate\Container\Container-&gt;resolveClass()
#6 E:\Chamba\Auspac\Nexo\nexo\vendor\laravel\framework\src\Illuminate\Container\Container.php(1165): Illuminate\Container\Container-&gt;resolveDependencies()
#7 E:\Chamba\Auspac\Nexo\nexo\vendor\laravel\framework\src\Illuminate\Container\Container.php(936): Illuminate\Container\Container-&gt;build()
#8 E:\Chamba\Auspac\Nexo\nexo\vendor\laravel\framework\src\Illuminate\Foundation\Application.php(1078): Illuminate\Container\Container-&gt;resolve()
#9 E:\Chamba\Auspac\Nexo\nexo\vendor\laravel\framework\src\Illuminate\Container\Container.php(864): Illuminate\Foundation\Application-&gt;resolve()
#10 E:\Chamba\Auspac\Nexo\nexo\vendor\laravel\framework\src\Illuminate\Foundation\Application.php(1058): Illuminate\Container\Container-&gt;make()
#11 E:\Chamba\Auspac\Nexo\nexo\vendor\laravel\framework\src\Illuminate\Routing\Route.php(290): Illuminate\Foundation\Application-&gt;make()
#12 E:\Chamba\Auspac\Nexo\nexo\vendor\laravel\framework\src\Illuminate\Routing\Route.php(270): Illuminate\Routing\Route-&gt;getController()
#13 E:\Chamba\Auspac\Nexo\nexo\vendor\laravel\framework\src\Illuminate\Routing\Route.php(215): Illuminate\Routing\Route-&gt;runController()
#14 E:\Chamba\Auspac\Nexo\nexo\vendor\laravel\framework\src\Illuminate\Routing\Router.php(822): Illuminate\Routing\Route-&gt;run()
#15 E:\Chamba\Auspac\Nexo\nexo\vendor\laravel\framework\src\Illuminate\Pipeline\Pipeline.php(180): Illuminate\Routing\Router-&gt;{closure:Illuminate\Routing\Router::runRouteWithinStack():821}()
#16 E:\Chamba\Auspac\Nexo\nexo\vendor\laravel\framework\src\Illuminate\Routing\Middleware\SubstituteBindings.php(52): Illuminate\Pipeline\Pipeline-&gt;{closure:Illuminate\Pipeline\Pipeline::prepareDestination():178}()
#17 E:\Chamba\Auspac\Nexo\nexo\vendor\laravel\framework\src\Illuminate\Pipeline\Pipeline.php(219): Illuminate\Routing\Middleware\SubstituteBindings-&gt;handle()
#18 E:\Chamba\Auspac\Nexo\nexo\vendor\laravel\framework\src\Illuminate\Pipeline\Pipeline.php(137): Illuminate\Pipeline\Pipeline-&gt;{closure:{closure:Illuminate\Pipeline\Pipeline::carry():194}:195}()
#19 E:\Chamba\Auspac\Nexo\nexo\vendor\laravel\framework\src\Illuminate\Routing\Router.php(821): Illuminate\Pipeline\Pipeline-&gt;then()
#20 E:\Chamba\Auspac\Nexo\nexo\vendor\laravel\framework\src\Illuminate\Routing\Router.php(800): Illuminate\Routing\Router-&gt;runRouteWithinStack()
#21 E:\Chamba\Auspac\Nexo\nexo\vendor\laravel\framework\src\Illuminate\Routing\Router.php(764): Illuminate\Routing\Router-&gt;runRoute()
#22 E:\Chamba\Auspac\Nexo\nexo\vendor\laravel\framework\src\Illuminate\Routing\Router.php(753): Illuminate\Routing\Router-&gt;dispatchToRoute()
#23 E:\Chamba\Auspac\Nexo\nexo\vendor\laravel\framework\src\Illuminate\Foundation\Http\Kernel.php(200): Illuminate\Routing\Router-&gt;dispatch()
#24 E:\Chamba\Auspac\Nexo\nexo\vendor\laravel\framework\src\Illuminate\Pipeline\Pipeline.php(180): Illuminate\Foundation\Http\Kernel-&gt;{closure:Illuminate\Foundation\Http\Kernel::dispatchToRouter():197}()
#25 E:\Chamba\Auspac\Nexo\nexo\vendor\laravel\framework\src\Illuminate\Foundation\Http\Middleware\TransformsRequest.php(21): Illuminate\Pipeline\Pipeline-&gt;{closure:Illuminate\Pipeline\Pipeline::prepareDestination():178}()
#26 E:\Chamba\Auspac\Nexo\nexo\vendor\laravel\framework\src\Illuminate\Foundation\Http\Middleware\ConvertEmptyStringsToNull.php(31): Illuminate\Foundation\Http\Middleware\TransformsRequest-&gt;handle()
#27 E:\Chamba\Auspac\Nexo\nexo\vendor\laravel\framework\src\Illuminate\Pipeline\Pipeline.php(219): Illuminate\Foundation\Http\Middleware\ConvertEmptyStringsToNull-&gt;handle()
#28 E:\Chamba\Auspac\Nexo\nexo\vendor\laravel\framework\src\Illuminate\Foundation\Http\Middleware\TransformsRequest.php(21): Illuminate\Pipeline\Pipeline-&gt;{closure:{closure:Illuminate\Pipeline\Pipeline::carry():194}:195}()
#29 E:\Chamba\Auspac\Nexo\nexo\vendor\laravel\framework\src\Illuminate\Foundation\Http\Middleware\TrimStrings.php(51): Illuminate\Foundation\Http\Middleware\TransformsRequest-&gt;handle()
#30 E:\Chamba\Auspac\Nexo\nexo\vendor\laravel\framework\src\Illuminate\Pipeline\Pipeline.php(219): Illuminate\Foundation\Http\Middleware\TrimStrings-&gt;handle()
#31 E:\Chamba\Auspac\Nexo\nexo\vendor\laravel\framework\src\Illuminate\Http\Middleware\ValidatePostSize.php(27): Illuminate\Pipeline\Pipeline-&gt;{closure:{closure:Illuminate\Pipeline\Pipeline::carry():194}:195}()
#32 E:\Chamba\Auspac\Nexo\nexo\vendor\laravel\framework\src\Illuminate\Pipeline\Pipeline.php(219): Illuminate\Http\Middleware\ValidatePostSize-&gt;handle()
#33 E:\Chamba\Auspac\Nexo\nexo\vendor\laravel\framework\src\Illuminate\Foundation\Http\Middleware\PreventRequestsDuringMaintenance.php(109): Illuminate\Pipeline\Pipeline-&gt;{closure:{closure:Illuminate\Pipeline\Pipeline::carry():194}:195}()
#34 E:\Chamba\Auspac\Nexo\nexo\vendor\laravel\framework\src\Illuminate\Pipeline\Pipeline.php(219): Illuminate\Foundation\Http\Middleware\PreventRequestsDuringMaintenance-&gt;handle()
#35 E:\Chamba\Auspac\Nexo\nexo\vendor\laravel\framework\src\Illuminate\Http\Middleware\HandleCors.php(74): Illuminate\Pipeline\Pipeline-&gt;{closure:{closure:Illuminate\Pipeline\Pipeline::carry():194}:195}()
#36 E:\Chamba\Auspac\Nexo\nexo\vendor\laravel\framework\src\Illuminate\Pipeline\Pipeline.php(219): Illuminate\Http\Middleware\HandleCors-&gt;handle()
#37 E:\Chamba\Auspac\Nexo\nexo\vendor\laravel\framework\src\Illuminate\Http\Middleware\TrustProxies.php(58): Illuminate\Pipeline\Pipeline-&gt;{closure:{closure:Illuminate\Pipeline\Pipeline::carry():194}:195}()
#38 E:\Chamba\Auspac\Nexo\nexo\vendor\laravel\framework\src\Illuminate\Pipeline\Pipeline.php(219): Illuminate\Http\Middleware\TrustProxies-&gt;handle()
#39 E:\Chamba\Auspac\Nexo\nexo\vendor\laravel\framework\src\Illuminate\Foundation\Http\Middleware\InvokeDeferredCallbacks.php(22): Illuminate\Pipeline\Pipeline-&gt;{closure:{closure:Illuminate\Pipeline\Pipeline::carry():194}:195}()
#40 E:\Chamba\Auspac\Nexo\nexo\vendor\laravel\framework\src\Illuminate\Pipeline\Pipeline.php(219): Illuminate\Foundation\Http\Middleware\InvokeDeferredCallbacks-&gt;handle()
#41 E:\Chamba\Auspac\Nexo\nexo\vendor\laravel\framework\src\Illuminate\Http\Middleware\ValidatePathEncoding.php(28): Illuminate\Pipeline\Pipeline-&gt;{closure:{closure:Illuminate\Pipeline\Pipeline::carry():194}:195}()
#42 E:\Chamba\Auspac\Nexo\nexo\vendor\laravel\framework\src\Illuminate\Pipeline\Pipeline.php(219): Illuminate\Http\Middleware\ValidatePathEncoding-&gt;handle()
#43 E:\Chamba\Auspac\Nexo\nexo\vendor\laravel\framework\src\Illuminate\Pipeline\Pipeline.php(137): Illuminate\Pipeline\Pipeline-&gt;{closure:{closure:Illuminate\Pipeline\Pipeline::carry():194}:195}()
#44 E:\Chamba\Auspac\Nexo\nexo\vendor\laravel\framework\src\Illuminate\Foundation\Http\Kernel.php(175): Illuminate\Pipeline\Pipeline-&gt;then()
#45 E:\Chamba\Auspac\Nexo\nexo\vendor\laravel\framework\src\Illuminate\Foundation\Http\Kernel.php(144): Illuminate\Foundation\Http\Kernel-&gt;sendRequestThroughRouter()
#46 E:\Chamba\Auspac\Nexo\nexo\vendor\laravel\framework\src\Illuminate\Foundation\Testing\Concerns\MakesHttpRequests.php(607): Illuminate\Foundation\Http\Kernel-&gt;handle()
#47 E:\Chamba\Auspac\Nexo\nexo\vendor\laravel\framework\src\Illuminate\Foundation\Testing\Concerns\MakesHttpRequests.php(573): Illuminate\Foundation\Testing\TestCase-&gt;call()
#48 E:\Chamba\Auspac\Nexo\nexo\vendor\laravel\framework\src\Illuminate\Foundation\Testing\Concerns\MakesHttpRequests.php(411): Illuminate\Foundation\Testing\TestCase-&gt;json()
#49 E:\Chamba\Auspac\Nexo\nexo\tests\Feature\Organization\OrganizationStoreTest.php(207): Illuminate\Foundation\Testing\TestCase-&gt;postJson()
#50 E:\Chamba\Auspac\Nexo\nexo\vendor\phpunit\phpunit\src\Framework\TestCase.php(1314): Tests\Feature\Organization\OrganizationStoreTest-&gt;test_duplicate_check_is_case_insensitive()
#51 E:\Chamba\Auspac\Nexo\nexo\vendor\phpunit\phpunit\src\Framework\TestCase.php(1351): PHPUnit\Framework\TestCase-&gt;invokeTestMethod()
#52 E:\Chamba\Auspac\Nexo\nexo\vendor\phpunit\phpunit\src\Framework\TestCase.php(521): PHPUnit\Framework\TestCase-&gt;runTest()
#53 E:\Chamba\Auspac\Nexo\nexo\vendor\phpunit\phpunit\src\Framework\TestRunner\TestRunner.php(99): PHPUnit\Framework\TestCase-&gt;runBare()
#54 E:\Chamba\Auspac\Nexo\nexo\vendor\phpunit\phpunit\src\Framework\TestCase.php(361): PHPUnit\Framework\TestRunner-&gt;run()
#55 E:\Chamba\Auspac\Nexo\nexo\vendor\phpunit\phpunit\src\Framework\TestSuite.php(374): PHPUnit\Framework\TestCase-&gt;run()
#56 E:\Chamba\Auspac\Nexo\nexo\vendor\phpunit\phpunit\src\TextUI\TestRunner.php(64): PHPUnit\Framework\TestSuite-&gt;run()
#57 E:\Chamba\Auspac\Nexo\nexo\vendor\phpunit\phpunit\src\TextUI\Application.php(229): PHPUnit\TextUI\TestRunner-&gt;run()
#58 E:\Chamba\Auspac\Nexo\nexo\vendor\phpunit\phpunit\phpunit(104): PHPUnit\TextUI\Application-&gt;run()
#59 {main}

----------------------------------------------------------------------------------

Target class [App\Modules\Organization\Service\OrganizationService] does not exist.
&#13;
E:\Chamba\Auspac\Nexo\nexo\vendor\laravel\framework\src\Illuminate\Testing\TestResponseAssert.php:45
E:\Chamba\Auspac\Nexo\nexo\vendor\laravel\framework\src\Illuminate\Testing\TestResponse.php:176
E:\Chamba\Auspac\Nexo\nexo\tests\Feature\Organization\OrganizationStoreTest.php:211</failure>
    </testcase>
    <testcase name="test_error_response_has_correct_structure" file="E:\Chamba\Auspac\Nexo\nexo\tests\Feature\Organization\OrganizationStoreTest.php" line="217" class="Tests\Feature\Organization\OrganizationStoreTest" classname="Tests.Feature.Organization.OrganizationStoreTest" assertions="1" time="0.016552">
      <failure type="PHPUnit\Framework\ExpectationFailedException">Tests\Feature\Organization\OrganizationStoreTest::test_error_response_has_correct_structure&#13;
Expected response status code [422] but received 500.
Failed asserting that 500 is identical to 422.&#13;
&#13;
The following exception occurred during the last request:

ReflectionException: Class "App\Modules\Organization\Service\OrganizationService" does not exist in E:\Chamba\Auspac\Nexo\nexo\vendor\laravel\framework\src\Illuminate\Container\Container.php:1125
Stack trace:
#0 E:\Chamba\Auspac\Nexo\nexo\vendor\laravel\framework\src\Illuminate\Container\Container.php(1125): ReflectionClass-&gt;__construct()
#1 E:\Chamba\Auspac\Nexo\nexo\vendor\laravel\framework\src\Illuminate\Container\Container.php(936): Illuminate\Container\Container-&gt;build()
#2 E:\Chamba\Auspac\Nexo\nexo\vendor\laravel\framework\src\Illuminate\Foundation\Application.php(1078): Illuminate\Container\Container-&gt;resolve()
#3 E:\Chamba\Auspac\Nexo\nexo\vendor\laravel\framework\src\Illuminate\Container\Container.php(864): Illuminate\Foundation\Application-&gt;resolve()
#4 E:\Chamba\Auspac\Nexo\nexo\vendor\laravel\framework\src\Illuminate\Foundation\Application.php(1058): Illuminate\Container\Container-&gt;make()
#5 E:\Chamba\Auspac\Nexo\nexo\vendor\laravel\framework\src\Illuminate\Container\Container.php(1339): Illuminate\Foundation\Application-&gt;make()
#6 E:\Chamba\Auspac\Nexo\nexo\vendor\laravel\framework\src\Illuminate\Container\Container.php(1240): Illuminate\Container\Container-&gt;resolveClass()
#7 E:\Chamba\Auspac\Nexo\nexo\vendor\laravel\framework\src\Illuminate\Container\Container.php(1165): Illuminate\Container\Container-&gt;resolveDependencies()
#8 E:\Chamba\Auspac\Nexo\nexo\vendor\laravel\framework\src\Illuminate\Container\Container.php(936): Illuminate\Container\Container-&gt;build()
#9 E:\Chamba\Auspac\Nexo\nexo\vendor\laravel\framework\src\Illuminate\Foundation\Application.php(1078): Illuminate\Container\Container-&gt;resolve()
#10 E:\Chamba\Auspac\Nexo\nexo\vendor\laravel\framework\src\Illuminate\Container\Container.php(864): Illuminate\Foundation\Application-&gt;resolve()
#11 E:\Chamba\Auspac\Nexo\nexo\vendor\laravel\framework\src\Illuminate\Foundation\Application.php(1058): Illuminate\Container\Container-&gt;make()
#12 E:\Chamba\Auspac\Nexo\nexo\vendor\laravel\framework\src\Illuminate\Routing\Route.php(290): Illuminate\Foundation\Application-&gt;make()
#13 E:\Chamba\Auspac\Nexo\nexo\vendor\laravel\framework\src\Illuminate\Routing\Route.php(270): Illuminate\Routing\Route-&gt;getController()
#14 E:\Chamba\Auspac\Nexo\nexo\vendor\laravel\framework\src\Illuminate\Routing\Route.php(215): Illuminate\Routing\Route-&gt;runController()
#15 E:\Chamba\Auspac\Nexo\nexo\vendor\laravel\framework\src\Illuminate\Routing\Router.php(822): Illuminate\Routing\Route-&gt;run()
#16 E:\Chamba\Auspac\Nexo\nexo\vendor\laravel\framework\src\Illuminate\Pipeline\Pipeline.php(180): Illuminate\Routing\Router-&gt;{closure:Illuminate\Routing\Router::runRouteWithinStack():821}()
#17 E:\Chamba\Auspac\Nexo\nexo\vendor\laravel\framework\src\Illuminate\Routing\Middleware\SubstituteBindings.php(52): Illuminate\Pipeline\Pipeline-&gt;{closure:Illuminate\Pipeline\Pipeline::prepareDestination():178}()
#18 E:\Chamba\Auspac\Nexo\nexo\vendor\laravel\framework\src\Illuminate\Pipeline\Pipeline.php(219): Illuminate\Routing\Middleware\SubstituteBindings-&gt;handle()
#19 E:\Chamba\Auspac\Nexo\nexo\vendor\laravel\framework\src\Illuminate\Pipeline\Pipeline.php(137): Illuminate\Pipeline\Pipeline-&gt;{closure:{closure:Illuminate\Pipeline\Pipeline::carry():194}:195}()
#20 E:\Chamba\Auspac\Nexo\nexo\vendor\laravel\framework\src\Illuminate\Routing\Router.php(821): Illuminate\Pipeline\Pipeline-&gt;then()
#21 E:\Chamba\Auspac\Nexo\nexo\vendor\laravel\framework\src\Illuminate\Routing\Router.php(800): Illuminate\Routing\Router-&gt;runRouteWithinStack()
#22 E:\Chamba\Auspac\Nexo\nexo\vendor\laravel\framework\src\Illuminate\Routing\Router.php(764): Illuminate\Routing\Router-&gt;runRoute()
#23 E:\Chamba\Auspac\Nexo\nexo\vendor\laravel\framework\src\Illuminate\Routing\Router.php(753): Illuminate\Routing\Router-&gt;dispatchToRoute()
#24 E:\Chamba\Auspac\Nexo\nexo\vendor\laravel\framework\src\Illuminate\Foundation\Http\Kernel.php(200): Illuminate\Routing\Router-&gt;dispatch()
#25 E:\Chamba\Auspac\Nexo\nexo\vendor\laravel\framework\src\Illuminate\Pipeline\Pipeline.php(180): Illuminate\Foundation\Http\Kernel-&gt;{closure:Illuminate\Foundation\Http\Kernel::dispatchToRouter():197}()
#26 E:\Chamba\Auspac\Nexo\nexo\vendor\laravel\framework\src\Illuminate\Foundation\Http\Middleware\TransformsRequest.php(21): Illuminate\Pipeline\Pipeline-&gt;{closure:Illuminate\Pipeline\Pipeline::prepareDestination():178}()
#27 E:\Chamba\Auspac\Nexo\nexo\vendor\laravel\framework\src\Illuminate\Foundation\Http\Middleware\ConvertEmptyStringsToNull.php(31): Illuminate\Foundation\Http\Middleware\TransformsRequest-&gt;handle()
#28 E:\Chamba\Auspac\Nexo\nexo\vendor\laravel\framework\src\Illuminate\Pipeline\Pipeline.php(219): Illuminate\Foundation\Http\Middleware\ConvertEmptyStringsToNull-&gt;handle()
#29 E:\Chamba\Auspac\Nexo\nexo\vendor\laravel\framework\src\Illuminate\Foundation\Http\Middleware\TransformsRequest.php(21): Illuminate\Pipeline\Pipeline-&gt;{closure:{closure:Illuminate\Pipeline\Pipeline::carry():194}:195}()
#30 E:\Chamba\Auspac\Nexo\nexo\vendor\laravel\framework\src\Illuminate\Foundation\Http\Middleware\TrimStrings.php(51): Illuminate\Foundation\Http\Middleware\TransformsRequest-&gt;handle()
#31 E:\Chamba\Auspac\Nexo\nexo\vendor\laravel\framework\src\Illuminate\Pipeline\Pipeline.php(219): Illuminate\Foundation\Http\Middleware\TrimStrings-&gt;handle()
#32 E:\Chamba\Auspac\Nexo\nexo\vendor\laravel\framework\src\Illuminate\Http\Middleware\ValidatePostSize.php(27): Illuminate\Pipeline\Pipeline-&gt;{closure:{closure:Illuminate\Pipeline\Pipeline::carry():194}:195}()
#33 E:\Chamba\Auspac\Nexo\nexo\vendor\laravel\framework\src\Illuminate\Pipeline\Pipeline.php(219): Illuminate\Http\Middleware\ValidatePostSize-&gt;handle()
#34 E:\Chamba\Auspac\Nexo\nexo\vendor\laravel\framework\src\Illuminate\Foundation\Http\Middleware\PreventRequestsDuringMaintenance.php(109): Illuminate\Pipeline\Pipeline-&gt;{closure:{closure:Illuminate\Pipeline\Pipeline::carry():194}:195}()
#35 E:\Chamba\Auspac\Nexo\nexo\vendor\laravel\framework\src\Illuminate\Pipeline\Pipeline.php(219): Illuminate\Foundation\Http\Middleware\PreventRequestsDuringMaintenance-&gt;handle()
#36 E:\Chamba\Auspac\Nexo\nexo\vendor\laravel\framework\src\Illuminate\Http\Middleware\HandleCors.php(74): Illuminate\Pipeline\Pipeline-&gt;{closure:{closure:Illuminate\Pipeline\Pipeline::carry():194}:195}()
#37 E:\Chamba\Auspac\Nexo\nexo\vendor\laravel\framework\src\Illuminate\Pipeline\Pipeline.php(219): Illuminate\Http\Middleware\HandleCors-&gt;handle()
#38 E:\Chamba\Auspac\Nexo\nexo\vendor\laravel\framework\src\Illuminate\Http\Middleware\TrustProxies.php(58): Illuminate\Pipeline\Pipeline-&gt;{closure:{closure:Illuminate\Pipeline\Pipeline::carry():194}:195}()
#39 E:\Chamba\Auspac\Nexo\nexo\vendor\laravel\framework\src\Illuminate\Pipeline\Pipeline.php(219): Illuminate\Http\Middleware\TrustProxies-&gt;handle()
#40 E:\Chamba\Auspac\Nexo\nexo\vendor\laravel\framework\src\Illuminate\Foundation\Http\Middleware\InvokeDeferredCallbacks.php(22): Illuminate\Pipeline\Pipeline-&gt;{closure:{closure:Illuminate\Pipeline\Pipeline::carry():194}:195}()
#41 E:\Chamba\Auspac\Nexo\nexo\vendor\laravel\framework\src\Illuminate\Pipeline\Pipeline.php(219): Illuminate\Foundation\Http\Middleware\InvokeDeferredCallbacks-&gt;handle()
#42 E:\Chamba\Auspac\Nexo\nexo\vendor\laravel\framework\src\Illuminate\Http\Middleware\ValidatePathEncoding.php(28): Illuminate\Pipeline\Pipeline-&gt;{closure:{closure:Illuminate\Pipeline\Pipeline::carry():194}:195}()
#43 E:\Chamba\Auspac\Nexo\nexo\vendor\laravel\framework\src\Illuminate\Pipeline\Pipeline.php(219): Illuminate\Http\Middleware\ValidatePathEncoding-&gt;handle()
#44 E:\Chamba\Auspac\Nexo\nexo\vendor\laravel\framework\src\Illuminate\Pipeline\Pipeline.php(137): Illuminate\Pipeline\Pipeline-&gt;{closure:{closure:Illuminate\Pipeline\Pipeline::carry():194}:195}()
#45 E:\Chamba\Auspac\Nexo\nexo\vendor\laravel\framework\src\Illuminate\Foundation\Http\Kernel.php(175): Illuminate\Pipeline\Pipeline-&gt;then()
#46 E:\Chamba\Auspac\Nexo\nexo\vendor\laravel\framework\src\Illuminate\Foundation\Http\Kernel.php(144): Illuminate\Foundation\Http\Kernel-&gt;sendRequestThroughRouter()
#47 E:\Chamba\Auspac\Nexo\nexo\vendor\laravel\framework\src\Illuminate\Foundation\Testing\Concerns\MakesHttpRequests.php(607): Illuminate\Foundation\Http\Kernel-&gt;handle()
#48 E:\Chamba\Auspac\Nexo\nexo\vendor\laravel\framework\src\Illuminate\Foundation\Testing\Concerns\MakesHttpRequests.php(573): Illuminate\Foundation\Testing\TestCase-&gt;call()
#49 E:\Chamba\Auspac\Nexo\nexo\vendor\laravel\framework\src\Illuminate\Foundation\Testing\Concerns\MakesHttpRequests.php(411): Illuminate\Foundation\Testing\TestCase-&gt;json()
#50 E:\Chamba\Auspac\Nexo\nexo\tests\Feature\Organization\OrganizationStoreTest.php(222): Illuminate\Foundation\Testing\TestCase-&gt;postJson()
#51 E:\Chamba\Auspac\Nexo\nexo\vendor\phpunit\phpunit\src\Framework\TestCase.php(1314): Tests\Feature\Organization\OrganizationStoreTest-&gt;test_error_response_has_correct_structure()
#52 E:\Chamba\Auspac\Nexo\nexo\vendor\phpunit\phpunit\src\Framework\TestCase.php(1351): PHPUnit\Framework\TestCase-&gt;invokeTestMethod()
#53 E:\Chamba\Auspac\Nexo\nexo\vendor\phpunit\phpunit\src\Framework\TestCase.php(521): PHPUnit\Framework\TestCase-&gt;runTest()
#54 E:\Chamba\Auspac\Nexo\nexo\vendor\phpunit\phpunit\src\Framework\TestRunner\TestRunner.php(99): PHPUnit\Framework\TestCase-&gt;runBare()
#55 E:\Chamba\Auspac\Nexo\nexo\vendor\phpunit\phpunit\src\Framework\TestCase.php(361): PHPUnit\Framework\TestRunner-&gt;run()
#56 E:\Chamba\Auspac\Nexo\nexo\vendor\phpunit\phpunit\src\Framework\TestSuite.php(374): PHPUnit\Framework\TestCase-&gt;run()
#57 E:\Chamba\Auspac\Nexo\nexo\vendor\phpunit\phpunit\src\TextUI\TestRunner.php(64): PHPUnit\Framework\TestSuite-&gt;run()
#58 E:\Chamba\Auspac\Nexo\nexo\vendor\phpunit\phpunit\src\TextUI\Application.php(229): PHPUnit\TextUI\TestRunner-&gt;run()
#59 E:\Chamba\Auspac\Nexo\nexo\vendor\phpunit\phpunit\phpunit(104): PHPUnit\TextUI\Application-&gt;run()
#60 {main}

Next Illuminate\Contracts\Container\BindingResolutionException: Target class [App\Modules\Organization\Service\OrganizationService] does not exist. in E:\Chamba\Auspac\Nexo\nexo\vendor\laravel\framework\src\Illuminate\Container\Container.php:1127
Stack trace:
#0 E:\Chamba\Auspac\Nexo\nexo\vendor\laravel\framework\src\Illuminate\Container\Container.php(936): Illuminate\Container\Container-&gt;build()
#1 E:\Chamba\Auspac\Nexo\nexo\vendor\laravel\framework\src\Illuminate\Foundation\Application.php(1078): Illuminate\Container\Container-&gt;resolve()
#2 E:\Chamba\Auspac\Nexo\nexo\vendor\laravel\framework\src\Illuminate\Container\Container.php(864): Illuminate\Foundation\Application-&gt;resolve()
#3 E:\Chamba\Auspac\Nexo\nexo\vendor\laravel\framework\src\Illuminate\Foundation\Application.php(1058): Illuminate\Container\Container-&gt;make()
#4 E:\Chamba\Auspac\Nexo\nexo\vendor\laravel\framework\src\Illuminate\Container\Container.php(1339): Illuminate\Foundation\Application-&gt;make()
#5 E:\Chamba\Auspac\Nexo\nexo\vendor\laravel\framework\src\Illuminate\Container\Container.php(1240): Illuminate\Container\Container-&gt;resolveClass()
#6 E:\Chamba\Auspac\Nexo\nexo\vendor\laravel\framework\src\Illuminate\Container\Container.php(1165): Illuminate\Container\Container-&gt;resolveDependencies()
#7 E:\Chamba\Auspac\Nexo\nexo\vendor\laravel\framework\src\Illuminate\Container\Container.php(936): Illuminate\Container\Container-&gt;build()
#8 E:\Chamba\Auspac\Nexo\nexo\vendor\laravel\framework\src\Illuminate\Foundation\Application.php(1078): Illuminate\Container\Container-&gt;resolve()
#9 E:\Chamba\Auspac\Nexo\nexo\vendor\laravel\framework\src\Illuminate\Container\Container.php(864): Illuminate\Foundation\Application-&gt;resolve()
#10 E:\Chamba\Auspac\Nexo\nexo\vendor\laravel\framework\src\Illuminate\Foundation\Application.php(1058): Illuminate\Container\Container-&gt;make()
#11 E:\Chamba\Auspac\Nexo\nexo\vendor\laravel\framework\src\Illuminate\Routing\Route.php(290): Illuminate\Foundation\Application-&gt;make()
#12 E:\Chamba\Auspac\Nexo\nexo\vendor\laravel\framework\src\Illuminate\Routing\Route.php(270): Illuminate\Routing\Route-&gt;getController()
#13 E:\Chamba\Auspac\Nexo\nexo\vendor\laravel\framework\src\Illuminate\Routing\Route.php(215): Illuminate\Routing\Route-&gt;runController()
#14 E:\Chamba\Auspac\Nexo\nexo\vendor\laravel\framework\src\Illuminate\Routing\Router.php(822): Illuminate\Routing\Route-&gt;run()
#15 E:\Chamba\Auspac\Nexo\nexo\vendor\laravel\framework\src\Illuminate\Pipeline\Pipeline.php(180): Illuminate\Routing\Router-&gt;{closure:Illuminate\Routing\Router::runRouteWithinStack():821}()
#16 E:\Chamba\Auspac\Nexo\nexo\vendor\laravel\framework\src\Illuminate\Routing\Middleware\SubstituteBindings.php(52): Illuminate\Pipeline\Pipeline-&gt;{closure:Illuminate\Pipeline\Pipeline::prepareDestination():178}()
#17 E:\Chamba\Auspac\Nexo\nexo\vendor\laravel\framework\src\Illuminate\Pipeline\Pipeline.php(219): Illuminate\Routing\Middleware\SubstituteBindings-&gt;handle()
#18 E:\Chamba\Auspac\Nexo\nexo\vendor\laravel\framework\src\Illuminate\Pipeline\Pipeline.php(137): Illuminate\Pipeline\Pipeline-&gt;{closure:{closure:Illuminate\Pipeline\Pipeline::carry():194}:195}()
#19 E:\Chamba\Auspac\Nexo\nexo\vendor\laravel\framework\src\Illuminate\Routing\Router.php(821): Illuminate\Pipeline\Pipeline-&gt;then()
#20 E:\Chamba\Auspac\Nexo\nexo\vendor\laravel\framework\src\Illuminate\Routing\Router.php(800): Illuminate\Routing\Router-&gt;runRouteWithinStack()
#21 E:\Chamba\Auspac\Nexo\nexo\vendor\laravel\framework\src\Illuminate\Routing\Router.php(764): Illuminate\Routing\Router-&gt;runRoute()
#22 E:\Chamba\Auspac\Nexo\nexo\vendor\laravel\framework\src\Illuminate\Routing\Router.php(753): Illuminate\Routing\Router-&gt;dispatchToRoute()
#23 E:\Chamba\Auspac\Nexo\nexo\vendor\laravel\framework\src\Illuminate\Foundation\Http\Kernel.php(200): Illuminate\Routing\Router-&gt;dispatch()
#24 E:\Chamba\Auspac\Nexo\nexo\vendor\laravel\framework\src\Illuminate\Pipeline\Pipeline.php(180): Illuminate\Foundation\Http\Kernel-&gt;{closure:Illuminate\Foundation\Http\Kernel::dispatchToRouter():197}()
#25 E:\Chamba\Auspac\Nexo\nexo\vendor\laravel\framework\src\Illuminate\Foundation\Http\Middleware\TransformsRequest.php(21): Illuminate\Pipeline\Pipeline-&gt;{closure:Illuminate\Pipeline\Pipeline::prepareDestination():178}()
#26 E:\Chamba\Auspac\Nexo\nexo\vendor\laravel\framework\src\Illuminate\Foundation\Http\Middleware\ConvertEmptyStringsToNull.php(31): Illuminate\Foundation\Http\Middleware\TransformsRequest-&gt;handle()
#27 E:\Chamba\Auspac\Nexo\nexo\vendor\laravel\framework\src\Illuminate\Pipeline\Pipeline.php(219): Illuminate\Foundation\Http\Middleware\ConvertEmptyStringsToNull-&gt;handle()
#28 E:\Chamba\Auspac\Nexo\nexo\vendor\laravel\framework\src\Illuminate\Foundation\Http\Middleware\TransformsRequest.php(21): Illuminate\Pipeline\Pipeline-&gt;{closure:{closure:Illuminate\Pipeline\Pipeline::carry():194}:195}()
#29 E:\Chamba\Auspac\Nexo\nexo\vendor\laravel\framework\src\Illuminate\Foundation\Http\Middleware\TrimStrings.php(51): Illuminate\Foundation\Http\Middleware\TransformsRequest-&gt;handle()
#30 E:\Chamba\Auspac\Nexo\nexo\vendor\laravel\framework\src\Illuminate\Pipeline\Pipeline.php(219): Illuminate\Foundation\Http\Middleware\TrimStrings-&gt;handle()
#31 E:\Chamba\Auspac\Nexo\nexo\vendor\laravel\framework\src\Illuminate\Http\Middleware\ValidatePostSize.php(27): Illuminate\Pipeline\Pipeline-&gt;{closure:{closure:Illuminate\Pipeline\Pipeline::carry():194}:195}()
#32 E:\Chamba\Auspac\Nexo\nexo\vendor\laravel\framework\src\Illuminate\Pipeline\Pipeline.php(219): Illuminate\Http\Middleware\ValidatePostSize-&gt;handle()
#33 E:\Chamba\Auspac\Nexo\nexo\vendor\laravel\framework\src\Illuminate\Foundation\Http\Middleware\PreventRequestsDuringMaintenance.php(109): Illuminate\Pipeline\Pipeline-&gt;{closure:{closure:Illuminate\Pipeline\Pipeline::carry():194}:195}()
#34 E:\Chamba\Auspac\Nexo\nexo\vendor\laravel\framework\src\Illuminate\Pipeline\Pipeline.php(219): Illuminate\Foundation\Http\Middleware\PreventRequestsDuringMaintenance-&gt;handle()
#35 E:\Chamba\Auspac\Nexo\nexo\vendor\laravel\framework\src\Illuminate\Http\Middleware\HandleCors.php(74): Illuminate\Pipeline\Pipeline-&gt;{closure:{closure:Illuminate\Pipeline\Pipeline::carry():194}:195}()
#36 E:\Chamba\Auspac\Nexo\nexo\vendor\laravel\framework\src\Illuminate\Pipeline\Pipeline.php(219): Illuminate\Http\Middleware\HandleCors-&gt;handle()
#37 E:\Chamba\Auspac\Nexo\nexo\vendor\laravel\framework\src\Illuminate\Http\Middleware\TrustProxies.php(58): Illuminate\Pipeline\Pipeline-&gt;{closure:{closure:Illuminate\Pipeline\Pipeline::carry():194}:195}()
#38 E:\Chamba\Auspac\Nexo\nexo\vendor\laravel\framework\src\Illuminate\Pipeline\Pipeline.php(219): Illuminate\Http\Middleware\TrustProxies-&gt;handle()
#39 E:\Chamba\Auspac\Nexo\nexo\vendor\laravel\framework\src\Illuminate\Foundation\Http\Middleware\InvokeDeferredCallbacks.php(22): Illuminate\Pipeline\Pipeline-&gt;{closure:{closure:Illuminate\Pipeline\Pipeline::carry():194}:195}()
#40 E:\Chamba\Auspac\Nexo\nexo\vendor\laravel\framework\src\Illuminate\Pipeline\Pipeline.php(219): Illuminate\Foundation\Http\Middleware\InvokeDeferredCallbacks-&gt;handle()
#41 E:\Chamba\Auspac\Nexo\nexo\vendor\laravel\framework\src\Illuminate\Http\Middleware\ValidatePathEncoding.php(28): Illuminate\Pipeline\Pipeline-&gt;{closure:{closure:Illuminate\Pipeline\Pipeline::carry():194}:195}()
#42 E:\Chamba\Auspac\Nexo\nexo\vendor\laravel\framework\src\Illuminate\Pipeline\Pipeline.php(219): Illuminate\Http\Middleware\ValidatePathEncoding-&gt;handle()
#43 E:\Chamba\Auspac\Nexo\nexo\vendor\laravel\framework\src\Illuminate\Pipeline\Pipeline.php(137): Illuminate\Pipeline\Pipeline-&gt;{closure:{closure:Illuminate\Pipeline\Pipeline::carry():194}:195}()
#44 E:\Chamba\Auspac\Nexo\nexo\vendor\laravel\framework\src\Illuminate\Foundation\Http\Kernel.php(175): Illuminate\Pipeline\Pipeline-&gt;then()
#45 E:\Chamba\Auspac\Nexo\nexo\vendor\laravel\framework\src\Illuminate\Foundation\Http\Kernel.php(144): Illuminate\Foundation\Http\Kernel-&gt;sendRequestThroughRouter()
#46 E:\Chamba\Auspac\Nexo\nexo\vendor\laravel\framework\src\Illuminate\Foundation\Testing\Concerns\MakesHttpRequests.php(607): Illuminate\Foundation\Http\Kernel-&gt;handle()
#47 E:\Chamba\Auspac\Nexo\nexo\vendor\laravel\framework\src\Illuminate\Foundation\Testing\Concerns\MakesHttpRequests.php(573): Illuminate\Foundation\Testing\TestCase-&gt;call()
#48 E:\Chamba\Auspac\Nexo\nexo\vendor\laravel\framework\src\Illuminate\Foundation\Testing\Concerns\MakesHttpRequests.php(411): Illuminate\Foundation\Testing\TestCase-&gt;json()
#49 E:\Chamba\Auspac\Nexo\nexo\tests\Feature\Organization\OrganizationStoreTest.php(222): Illuminate\Foundation\Testing\TestCase-&gt;postJson()
#50 E:\Chamba\Auspac\Nexo\nexo\vendor\phpunit\phpunit\src\Framework\TestCase.php(1314): Tests\Feature\Organization\OrganizationStoreTest-&gt;test_error_response_has_correct_structure()
#51 E:\Chamba\Auspac\Nexo\nexo\vendor\phpunit\phpunit\src\Framework\TestCase.php(1351): PHPUnit\Framework\TestCase-&gt;invokeTestMethod()
#52 E:\Chamba\Auspac\Nexo\nexo\vendor\phpunit\phpunit\src\Framework\TestCase.php(521): PHPUnit\Framework\TestCase-&gt;runTest()
#53 E:\Chamba\Auspac\Nexo\nexo\vendor\phpunit\phpunit\src\Framework\TestRunner\TestRunner.php(99): PHPUnit\Framework\TestCase-&gt;runBare()
#54 E:\Chamba\Auspac\Nexo\nexo\vendor\phpunit\phpunit\src\Framework\TestCase.php(361): PHPUnit\Framework\TestRunner-&gt;run()
#55 E:\Chamba\Auspac\Nexo\nexo\vendor\phpunit\phpunit\src\Framework\TestSuite.php(374): PHPUnit\Framework\TestCase-&gt;run()
#56 E:\Chamba\Auspac\Nexo\nexo\vendor\phpunit\phpunit\src\TextUI\TestRunner.php(64): PHPUnit\Framework\TestSuite-&gt;run()
#57 E:\Chamba\Auspac\Nexo\nexo\vendor\phpunit\phpunit\src\TextUI\Application.php(229): PHPUnit\TextUI\TestRunner-&gt;run()
#58 E:\Chamba\Auspac\Nexo\nexo\vendor\phpunit\phpunit\phpunit(104): PHPUnit\TextUI\Application-&gt;run()
#59 {main}

----------------------------------------------------------------------------------

Target class [App\Modules\Organization\Service\OrganizationService] does not exist.
&#13;
E:\Chamba\Auspac\Nexo\nexo\vendor\laravel\framework\src\Illuminate\Testing\TestResponseAssert.php:45
E:\Chamba\Auspac\Nexo\nexo\vendor\laravel\framework\src\Illuminate\Testing\TestResponse.php:176
E:\Chamba\Auspac\Nexo\nexo\tests\Feature\Organization\OrganizationStoreTest.php:224</failure>
    </testcase>
    <testcase name="test_success_flag_is_false_on_validation_error" file="E:\Chamba\Auspac\Nexo\nexo\tests\Feature\Organization\OrganizationStoreTest.php" line="232" class="Tests\Feature\Organization\OrganizationStoreTest" classname="Tests.Feature.Organization.OrganizationStoreTest" assertions="1" time="0.015568"/>
    <testcase name="test_success_flag_is_true_on_creation" file="E:\Chamba\Auspac\Nexo\nexo\tests\Feature\Organization\OrganizationStoreTest.php" line="242" class="Tests\Feature\Organization\OrganizationStoreTest" classname="Tests.Feature.Organization.OrganizationStoreTest" assertions="1" time="0.015788">
      <failure type="PHPUnit\Framework\ExpectationFailedException">Tests\Feature\Organization\OrganizationStoreTest::test_success_flag_is_true_on_creation&#13;
Failed asserting that false is identical to true.
&#13;
E:\Chamba\Auspac\Nexo\nexo\vendor\laravel\framework\src\Illuminate\Testing\AssertableJsonString.php:243
E:\Chamba\Auspac\Nexo\nexo\vendor\laravel\framework\src\Illuminate\Testing\TestResponse.php:873
E:\Chamba\Auspac\Nexo\nexo\tests\Feature\Organization\OrganizationStoreTest.php:246</failure>
    </testcase>
  </testsuite>
</testsuites>
